<html>
<body>
<pre>
<h1>µVision Build Log</h1>
<h2>Project:</h2>
D:\Data_Folder\Breathalyzer\Git_Commit\Alcohol_Sensor\RVMDK\Project.uvproj
Project File Date:  07/19/2023

<h2>Output:</h2>
Rebuild target 'VTS + DE'
compiling main.c...
compiling Alcohol_Detection_Algorithm.c...
compiling CAN_Configuration.c...
compiling InitStm32.c...
compiling HAL_ADC.c...
compiling HAL_I2C.c...
compiling HAL_SPI.c...
compiling Pressure_Sensor_XGPG6857D.c...
assembling cortexm3_macro.s...
assembling stm32f10x_vector.s...
compiling stm32f10x_adc.c...
compiling stm32f10x_can.c...
compiling stm32f10x_exti.c...
compiling stm32f10x_flash.c...
compiling stm32f10x_gpio.c...
compiling stm32f10x_i2c.c...
compiling stm32f10x_it.c...
compiling stm32f10x_iwdg.c...
compiling stm32f10x_lib.c...
compiling stm32f10x_nvic.c...
compiling stm32f10x_pwr.c...
compiling stm32f10x_rcc.c...
compiling stm32f10x_tim.c...
compiling stm32f10x_usart.c...
compiling stm32f10x_wwdg.c...
compiling stm32f10x_systick.c...
compiling uart.c...
linking...
Program Size: Code=10572 RO-data=428 RW-data=120 ZI-data=6280  
FromELF: creating hex file...
".\Obj\AB_BaseCode.hex" - 0 Error(s), 0 Warning(s).
ED_MESSAGE << 5);
..\Hardware_Abstraction_Layer\CAN_Configuration.c(55): error:  #20: identifier "CAN_RX_ID_OF_DATE_TIME_BROADCAST" is undefined
        CAN_FilterInitStructure.CAN_FilterMaskIdLow = (CAN_RX_ID_OF_DATE_TIME_BROADCAST << 5);
..\Hardware_Abstraction_Layer\CAN_Configuration.c(65): error:  #20: identifier "CAN_RX_ID_OF_IMAGE_TRANSFER_REQUEST_REPLY" is undefined
      CAN_FilterInitStructure.CAN_FilterIdHigh = (CAN_RX_ID_OF_IMAGE_TRANSFER_REQUEST_REPLY << 5);
..\Hardware_Abstraction_Layer\CAN_Configuration.c(66): error:  #20: identifier "CAN_RX_ID_OF_IMAGE_TRANSFER_STATUS" is undefined
      CAN_FilterInitStructure.CAN_FilterIdLow = (CAN_RX_ID_OF_IMAGE_TRANSFER_STATUS << 5);
..\Hardware_Abstraction_Layer\CAN_Configuration.c: 0 warnings, 6 errors
compiling InitStm32.c...
compiling HAL_ADC.c...
compiling HAL_I2C.c...
compiling HAL_SPI.c...
compiling Pressure_Sensor_XGPG6857D.c...
assembling cortexm3_macro.s...
assembling stm32f10x_vector.s...
compiling stm32f10x_adc.c...
compiling stm32f10x_can.c...
compiling stm32f10x_exti.c...
compiling stm32f10x_flash.c...
compiling stm32f10x_gpio.c...
compiling stm32f10x_i2c.c...
compiling stm32f10x_it.c...
compiling stm32f10x_iwdg.c...
compiling stm32f10x_lib.c...
compiling stm32f10x_nvic.c...
compiling stm32f10x_pwr.c...
compiling stm32f10x_rcc.c...
compiling stm32f10x_tim.c...
compiling stm32f10x_usart.c...
compiling stm32f10x_wwdg.c...
compiling stm32f10x_systick.c...
compiling uart.c...
".\Obj\AB_BaseCode.hex" - 7 Error(s), 0 Warning(s).
Target not created

..\Include\main.h(29): error:  #5: cannot open source input file "TPMS_Monitor.h": No such file or directory
  #include "TPMS_Monitor.h"
..\STM_Library\SRC\stm32f10x_it.c: 0 warnings, 1 error
compiling stm32f10x_iwdg.c...
compiling stm32f10x_lib.c...
compiling stm32f10x_nvic.c...
compiling stm32f10x_pwr.c...
compiling stm32f10x_rcc.c...
compiling stm32f10x_tim.c...
compiling stm32f10x_usart.c...
compiling stm32f10x_wwdg.c...
compiling stm32f10x_systick.c...
compiling uart.c...
..\Include\main.h(29): error:  #5: cannot open source input file "TPMS_Monitor.h": No such file or directory
  #include "TPMS_Monitor.h"
..\Hardware_Abstraction_Layer\uart.c: 0 warnings, 1 error
".\Obj\AB_BaseCode.hex" - 12 Error(s), 0 Warning(s).
Target not created
