<html>
<body>
<pre>
<h1>µVision Build Log</h1>
<h2>Project:</h2>
D:\Data_Folder\Breathalyzer\ACC_Board_V1.3_19_Jul_2023\ACC_Board_V1.4\RVMDK\Project.uvproj
Project File Date:  07/19/2023

<h2>Output:</h2>
Rebuild target 'VTS + DE'
compiling main.c...
compiling Alcohol_Detection_Algorithm.c...
compiling CAN_Configuration.c...
compiling InitStm32.c...
compiling HAL_ADC.c...
compiling HAL_I2C.c...
compiling HAL_SPI.c...
compiling Pressure_Sensor_XGPG6857D.c...
assembling cortexm3_macro.s...
assembling stm32f10x_vector.s...
compiling stm32f10x_adc.c...
compiling stm32f10x_can.c...
compiling stm32f10x_exti.c...
compiling stm32f10x_flash.c...
compiling stm32f10x_gpio.c...
compiling stm32f10x_i2c.c...
compiling stm32f10x_it.c...
compiling stm32f10x_iwdg.c...
compiling stm32f10x_lib.c...
compiling stm32f10x_nvic.c...
compiling stm32f10x_pwr.c...
compiling stm32f10x_rcc.c...
compiling stm32f10x_tim.c...
compiling stm32f10x_usart.c...
compiling stm32f10x_wwdg.c...
compiling stm32f10x_systick.c...
compiling uart.c...
linking...
Program Size: Code=10596 RO-data=428 RW-data=120 ZI-data=6272  
FromELF: creating hex file...
".\Obj\AB_BaseCode.hex" - 0 Error(s), 0 Warning(s).
</pre>
</body>
</html>
ompiling stm32f10x_systick.c...
compiling uart.c...
linking...
Program Size: Code=10596 RO-data=428 RW-data=120 ZI-data=6272  
FromELF: creating hex file...
".\Obj\AB_BaseCode.hex" - 0 Error(s), 1 Warning(s).
..
compiling stm32f10x_usart.c...
compiling stm32f10x_wwdg.c...
compiling stm32f10x_systick.c...
compiling uart.c...
linking...
Program Size: Code=10596 RO-data=428 RW-data=120 ZI-data=6272  
FromELF: creating hex file...
".\Obj\AB_BaseCode.hex" - 0 Error(s), 2 Warning(s).
ompiling stm32f10x_systick.c...
compiling uart.c...
linking...
Program Size: Code=10596 RO-data=428 RW-data=120 ZI-data=6272  
FromELF: creating hex file...
".\Obj\AB_BaseCode.hex" - 0 Error(s), 3 Warning(s).
3_macro.s...
assembling stm32f10x_vector.s...
compiling stm32f10x_adc.c...
compiling stm32f10x_can.c...
compiling stm32f10x_exti.c...
compiling stm32f10x_flash.c...
compiling stm32f10x_gpio.c...
compiling stm32f10x_i2c.c...
compiling stm32f10x_it.c...
..\STM_Library\SRC\stm32f10x_it.c(443): warning:  #177-D: variable "l_us_Temp_Var1" was declared but never referenced
        unsigned short l_us_Temp_Var1 = 0;
..\STM_Library\SRC\stm32f10x_it.c(444): warning:  #177-D: variable "l_us_Temp_Var2" was declared but never referenced
        unsigned short l_us_Temp_Var2 = 0;
..\STM_Library\SRC\stm32f10x_it.c: 2 warnings, 0 errors
compiling stm32f10x_iwdg.c...
compiling stm32f10x_lib.c...
compiling stm32f10x_nvic.c...
compiling stm32f10x_pwr.c...
compiling stm32f10x_rcc.c...
compiling stm32f10x_tim.c...
compiling stm32f10x_usart.c...
compiling stm32f10x_wwdg.c...
compiling stm32f10x_systick.c...
compiling uart.c...
linking...
Program Size: Code=10596 RO-data=428 RW-data=120 ZI-data=6272  
FromELF: creating hex file...
".\Obj\AB_BaseCode.hex" - 0 Error(s), 9 Warning(s).
 variable "l_us_Temp_Var2" was declared but never referenced
        unsigned short l_us_Temp_Var2 = 0;
..\STM_Library\SRC\stm32f10x_it.c: 2 warnings, 0 errors
compiling stm32f10x_iwdg.c...
compiling stm32f10x_lib.c...
compiling stm32f10x_nvic.c...
compiling stm32f10x_pwr.c...
compiling stm32f10x_rcc.c...
compiling stm32f10x_tim.c...
compiling stm32f10x_usart.c...
compiling stm32f10x_wwdg.c...
compiling stm32f10x_systick.c...
compiling uart.c...
linking...
Program Size: Code=10596 RO-data=428 RW-data=120 ZI-data=6272  
FromELF: creating hex file...
".\Obj\AB_BaseCode.hex" - 0 Error(s), 12 Warning(s).
ation to list image symbols.
Finished: 1 information, 0 warning and 1 error messages.
".\Obj\AB_BaseCode.hex" - 1 Error(s), 12 Warning(s).
Target not created
PG6857D.c(392): warning:  #223-D: function "fn_ClockDelay" declared implicitly
        fn_ClockDelay(clocks);
..\Hardware_Abstraction_Layer\Pressure_Sensor_XGPG6857D.c: 3 warnings, 0 errors
assembling cortexm3_macro.s...
assembling stm32f10x_vector.s...
compiling stm32f10x_adc.c...
compiling stm32f10x_can.c...
compiling stm32f10x_exti.c...
compiling stm32f10x_flash.c...
compiling stm32f10x_gpio.c...
compiling stm32f10x_i2c.c...
compiling stm32f10x_it.c...
..\STM_Library\SRC\stm32f10x_it.c(444): warning:  #177-D: variable "l_us_Temp_Var1" was declared but never referenced
        unsigned short l_us_Temp_Var1 = 0;
..\STM_Library\SRC\stm32f10x_it.c(445): warning:  #177-D: variable "l_us_Temp_Var2" was declared but never referenced
        unsigned short l_us_Temp_Var2 = 0;
..\STM_Library\SRC\stm32f10x_it.c: 2 warnings, 0 errors
compiling stm32f10x_iwdg.c...
compiling stm32f10x_lib.c...
compiling stm32f10x_nvic.c...
compiling stm32f10x_pwr.c...
compiling stm32f10x_rcc.c...
compiling stm32f10x_tim.c...
compiling stm32f10x_usart.c...
compiling stm32f10x_wwdg.c...
compiling stm32f10x_systick.c...
compiling uart.c...
".\Obj\AB_BaseCode.hex" - 8 Error(s), 12 Warning(s).
Target not created
x_wwdg.c...
compiling stm32f10x_systick.c...
compiling uart.c...
".\Obj\AB_BaseCode.hex" - 9 Error(s), 12 Warning(s).
Target not created
ues" is undefined
  tdenm_Function_Ret_Values fn_enm_XGZP6857D_Pressure_SensorRead_Calibration_Coefficient_Data(unsigned char arg_Device_Cmd, unsigned short *arg_us_Coefficient_Value);
..\Include\Pressure_Sensor_XGPG6857D.h(64): error:  #20: identifier "tdenm_Function_Ret_Values" is undefined
  tdenm_Function_Ret_Values fn_enm_XGZP6857D_Pressure_SensorGet_Raw_ADC_Pressure_Data(unsigned int *arg_ptr_ui_Digital_Converted_Value);
..\Include\Pressure_Sensor_XGPG6857D.h(65): error:  #20: identifier "tdenm_Function_Ret_Values" is undefined
  tdenm_Function_Ret_Values fn_enm_XGZP6857D_Pressure_SensorGet_Raw_ADC_Temperature_Data(unsigned int *arg_ptr_ui_Digital_Converted_Value);
..\Hardware_Abstraction_Layer\CAN_Configuration.c: 0 warnings, 4 errors
compiling InitStm32.c...
..\Include\Pressure_Sensor_XGPG6857D.h(62): error:  #20: identifier "tdenm_Function_Ret_Values" is undefined
  tdenm_Function_Ret_Values fn_enm_XGZP6857D_Pressure_SensorSend_Reset_Cmd(void);
..\Include\Pressure_Sensor_XGPG6857D.h(63): error:  #20: identifier "tdenm_Function_Ret_Values" is undefined
  tdenm_Function_Ret_Values fn_enm_XGZP6857D_Pressure_SensorRead_Calibration_Coefficient_Data(unsigned char arg_Device_Cmd, unsigned short *arg_us_Coefficient_Value);
..\Include\Pressure_Sensor_XGPG6857D.h(64): error:  #20: identifier "tdenm_Function_Ret_Values" is undefined
  tdenm_Function_Ret_Values fn_enm_XGZP6857D_Pressure_SensorGet_Raw_ADC_Pressure_Data(unsigned int *arg_ptr_ui_Digital_Converted_Value);
..\Include\Pressure_Sensor_XGPG6857D.h(65): error:  #20: identifier "tdenm_Function_Ret_Values" is undefined
  tdenm_Function_Ret_Values fn_enm_XGZP6857D_Pressure_SensorGet_Raw_ADC_Temperature_Data(unsigned int *arg_ptr_ui_Digital_Converted_Value);
..\Hardware_Abstraction_Layer\InitStm32.c: 0 warnings, 4 errors
compiling HAL_ADC.c...
..\Include\Pressure_Sensor_XGPG6857D.h(62): error:  #20: identifier "tdenm_Function_Ret_Values" is undefined
  tdenm_Function_Ret_Values fn_enm_XGZP6857D_Pressure_SensorSend_Reset_Cmd(void);
..\Include\Pressure_Sensor_XGPG6857D.h(63): error:  #20: identifier "tdenm_Function_Ret_Values" is undefined
  tdenm_Function_Ret_Values fn_enm_XGZP6857D_Pressure_SensorRead_Calibration_Coefficient_Data(unsigned char arg_Device_Cmd, unsigned short *arg_us_Coefficient_Value);
..\Include\Pressure_Sensor_XGPG6857D.h(64): error:  #20: identifier "tdenm_Function_Ret_Values" is undefined
  tdenm_Function_Ret_Values fn_enm_XGZP6857D_Pressure_SensorGet_Raw_ADC_Pressure_Data(unsigned int *arg_ptr_ui_Digital_Converted_Value);
..\Include\Pressure_Sensor_XGPG6857D.h(65): error:  #20: identifier "tdenm_Function_Ret_Values" is undefined
  tdenm_Function_Ret_Values fn_enm_XGZP6857D_Pressure_SensorGet_Raw_ADC_Temperature_Data(unsigned int *arg_ptr_ui_Digital_Converted_Value);
..\Hardware_Abstraction_Layer\HAL_ADC.c(127): warning:  #186-D: pointless comparison of unsigned integer with zero
        if( (l_uc_ADC_Channel_Number >= ADC_Channel_0) && (l_uc_ADC_Channel_Number <= ADC_Channel_17) )
..\Hardware_Abstraction_Layer\HAL_ADC.c: 1 warning, 4 errors
compiling HAL_I2C.c...
..\Include\Pressure_Sensor_XGPG6857D.h(62): error:  #20: identifier "tdenm_Function_Ret_Values" is undefined
  tdenm_Function_Ret_Values fn_enm_XGZP6857D_Pressure_SensorSend_Reset_Cmd(void);
..\Include\Pressure_Sensor_XGPG6857D.h(63): error:  #20: identifier "tdenm_Function_Ret_Values" is undefined
  tdenm_Function_Ret_Values fn_enm_XGZP6857D_Pressure_SensorRead_Calibration_Coefficient_Data(unsigned char arg_Device_Cmd, unsigned short *arg_us_Coefficient_Value);
..\Include\Pressure_Sensor_XGPG6857D.h(64): error:  #20: identifier "tdenm_Function_Ret_Values" is undefined
  tdenm_Function_Ret_Values fn_enm_XGZP6857D_Pressure_SensorGet_Raw_ADC_Pressure_Data(unsigned int *arg_ptr_ui_Digital_Converted_Value);
..\Include\Pressure_Sensor_XGPG6857D.h(65): error:  #20: identifier "tdenm_Function_Ret_Values" is undefined
  tdenm_Function_Ret_Values fn_enm_XGZP6857D_Pressure_SensorGet_Raw_ADC_Temperature_Data(unsigned int *arg_ptr_ui_Digital_Converted_Value);
..\Hardware_Abstraction_Layer\HAL_I2C.c: 0 warnings, 4 errors
compiling HAL_SPI.c...
..\Include\Pressure_Sensor_XGPG6857D.h(62): error:  #20: identifier "tdenm_Function_Ret_Values" is undefined
  tdenm_Function_Ret_Values fn_enm_XGZP6857D_Pressure_SensorSend_Reset_Cmd(void);
..\Include\Pressure_Sensor_XGPG6857D.h(63): error:  #20: identifier "tdenm_Function_Ret_Values" is undefined
  tdenm_Function_Ret_Values fn_enm_XGZP6857D_Pressure_SensorRead_Calibration_Coefficient_Data(unsigned char arg_Device_Cmd, unsigned short *arg_us_Coefficient_Value);
..\Include\Pressure_Sensor_XGPG6857D.h(64): error:  #20: identifier "tdenm_Function_Ret_Values" is undefined
  tdenm_Function_Ret_Values fn_enm_XGZP6857D_Pressure_SensorGet_Raw_ADC_Pressure_Data(unsigned int *arg_ptr_ui_Digital_Converted_Value);
..\Include\Pressure_Sensor_XGPG6857D.h(65): error:  #20: identifier "tdenm_Function_Ret_Values" is undefined
  tdenm_Function_Ret_Values fn_enm_XGZP6857D_Pressure_SensorGet_Raw_ADC_Temperature_Data(unsigned int *arg_ptr_ui_Digital_Converted_Value);
..\Hardware_Abstraction_Layer\HAL_SPI.c: 0 warnings, 4 errors
compiling Pressure_Sensor_XGPG6857D.c...
..\Include\Pressure_Sensor_XGPG6857D.h(62): error:  #20: identifier "tdenm_Function_Ret_Values" is undefined
  tdenm_Function_Ret_Values fn_enm_XGZP6857D_Pressure_SensorSend_Reset_Cmd(void);
..\Include\Pressure_Sensor_XGPG6857D.h(63): error:  #20: identifier "tdenm_Function_Ret_Values" is undefined
  tdenm_Function_Ret_Values fn_enm_XGZP6857D_Pressure_SensorRead_Calibration_Coefficient_Data(unsigned char arg_Device_Cmd, unsigned short *arg_us_Coefficient_Value);
..\Include\Pressure_Sensor_XGPG6857D.h(64): error:  #20: identifier "tdenm_Function_Ret_Values" is undefined
  tdenm_Function_Ret_Values fn_enm_XGZP6857D_Pressure_SensorGet_Raw_ADC_Pressure_Data(unsigned int *arg_ptr_ui_Digital_Converted_Value);
..\Include\Pressure_Sensor_XGPG6857D.h(65): error:  #20: identifier "tdenm_Function_Ret_Values" is undefined
  tdenm_Function_Ret_Values fn_enm_XGZP6857D_Pressure_SensorGet_Raw_ADC_Temperature_Data(unsigned int *arg_ptr_ui_Digital_Converted_Value);
..\Hardware_Abstraction_Layer\Pressure_Sensor_XGPG6857D.c(21): warning:  #177-D: variable "l_uc_Loop_Counter" was declared but never referenced
        unsigned char l_uc_Loop_Counter = 0;
..\Hardware_Abstraction_Layer\Pressure_Sensor_XGPG6857D.c(206): warning:  #177-D: variable "l_uc_Loop_Counter" was declared but never referenced
        unsigned char l_uc_Loop_Counter = 0;
..\Hardware_Abstraction_Layer\Pressure_Sensor_XGPG6857D.c(392): warning:  #223-D: function "fn_ClockDelay" declared implicitly
        fn_ClockDelay(clocks);
..\Hardware_Abstraction_Layer\Pressure_Sensor_XGPG6857D.c(392): error:  #20: identifier "clocks" is undefined
        fn_ClockDelay(clocks);
..\Hardware_Abstraction_Layer\Pressure_Sensor_XGPG6857D.c: 3 warnings, 5 errors
assembling cortexm3_macro.s...
assembling stm32f10x_vector.s...
compiling stm32f10x_adc.c...
..\Include\Pressure_Sensor_XGPG6857D.h(62): error:  #20: identifier "tdenm_Function_Ret_Values" is undefined
  tdenm_Function_Ret_Values fn_enm_XGZP6857D_Pressure_SensorSend_Reset_Cmd(void);
..\Include\Pressure_Sensor_XGPG6857D.h(63): error:  #20: identifier "tdenm_Function_Ret_Values" is undefined
  tdenm_Function_Ret_Values fn_enm_XGZP6857D_Pressure_SensorRead_Calibration_Coefficient_Data(unsigned char arg_Device_Cmd, unsigned short *arg_us_Coefficient_Value);
..\Include\Pressure_Sensor_XGPG6857D.h(64): error:  #20: identifier "tdenm_Function_Ret_Values" is undefined
  tdenm_Function_Ret_Values fn_enm_XGZP6857D_Pressure_SensorGet_Raw_ADC_Pressure_Data(unsigned int *arg_ptr_ui_Digital_Converted_Value);
..\Include\Pressure_Sensor_XGPG6857D.h(65): error:  #20: identifier "tdenm_Function_Ret_Values" is undefined
  tdenm_Function_Ret_Values fn_enm_XGZP6857D_Pressure_SensorGet_Raw_ADC_Temperature_Data(unsigned int *arg_ptr_ui_Digital_Converted_Value);
..\STM_Library\SRC\stm32f10x_adc.c: 0 warnings, 4 errors
compiling stm32f10x_can.c...
..\Include\Pressure_Sensor_XGPG6857D.h(62): error:  #20: identifier "tdenm_Function_Ret_Values" is undefined
  tdenm_Function_Ret_Values fn_enm_XGZP6857D_Pressure_SensorSend_Reset_Cmd(void);
..\Include\Pressure_Sensor_XGPG6857D.h(63): error:  #20: identifier "tdenm_Function_Ret_Values" is undefined
  tdenm_Function_Ret_Values fn_enm_XGZP6857D_Pressure_SensorRead_Calibration_Coefficient_Data(unsigned char arg_Device_Cmd, unsigned short *arg_us_Coefficient_Value);
..\Include\Pressure_Sensor_XGPG6857D.h(64): error:  #20: identifier "tdenm_Function_Ret_Values" is undefined
  tdenm_Function_Ret_Values fn_enm_XGZP6857D_Pressure_SensorGet_Raw_ADC_Pressure_Data(unsigned int *arg_ptr_ui_Digital_Converted_Value);
..\Include\Pressure_Sensor_XGPG6857D.h(65): error:  #20: identifier "tdenm_Function_Ret_Values" is undefined
  tdenm_Function_Ret_Values fn_enm_XGZP6857D_Pressure_SensorGet_Raw_ADC_Temperature_Data(unsigned int *arg_ptr_ui_Digital_Converted_Value);
..\STM_Library\SRC\stm32f10x_can.c: 0 warnings, 4 errors
compiling stm32f10x_exti.c...
compiling stm32f10x_flash.c...
compiling stm32f10x_gpio.c...
compiling stm32f10x_i2c.c...
compiling stm32f10x_it.c...
..\Include\Pressure_Sensor_XGPG6857D.h(62): error:  #20: identifier "tdenm_Function_Ret_Values" is undefined
  tdenm_Function_Ret_Values fn_enm_XGZP6857D_Pressure_SensorSend_Reset_Cmd(void);
..\Include\Pressure_Sensor_XGPG6857D.h(63): error:  #20: identifier "tdenm_Function_Ret_Values" is undefined
  tdenm_Function_Ret_Values fn_enm_XGZP6857D_Pressure_SensorRead_Calibration_Coefficient_Data(unsigned char arg_Device_Cmd, unsigned short *arg_us_Coefficient_Value);
..\Include\Pressure_Sensor_XGPG6857D.h(64): error:  #20: identifier "tdenm_Function_Ret_Values" is undefined
  tdenm_Function_Ret_Values fn_enm_XGZP6857D_Pressure_SensorGet_Raw_ADC_Pressure_Data(unsigned int *arg_ptr_ui_Digital_Converted_Value);
..\Include\Pressure_Sensor_XGPG6857D.h(65): error:  #20: identifier "tdenm_Function_Ret_Values" is undefined
  tdenm_Function_Ret_Values fn_enm_XGZP6857D_Pressure_SensorGet_Raw_ADC_Temperature_Data(unsigned int *arg_ptr_ui_Digital_Converted_Value);
..\STM_Library\SRC\stm32f10x_it.c(444): warning:  #177-D: variable "l_us_Temp_Var1" was declared but never referenced
        unsigned short l_us_Temp_Var1 = 0;
..\STM_Library\SRC\stm32f10x_it.c(445): warning:  #177-D: variable "l_us_Temp_Var2" was declared but never referenced
        unsigned short l_us_Temp_Var2 = 0;
..\STM_Library\SRC\stm32f10x_it.c: 2 warnings, 4 errors
compiling stm32f10x_iwdg.c...
compiling stm32f10x_lib.c...
compiling stm32f10x_nvic.c...
compiling stm32f10x_pwr.c...
compiling stm32f10x_rcc.c...
compiling stm32f10x_tim.c...
compiling stm32f10x_usart.c...
compiling stm32f10x_wwdg.c...
compiling stm32f10x_systick.c...
compiling uart.c...
..\Include\Pressure_Sensor_XGPG6857D.h(62): error:  #20: identifier "tdenm_Function_Ret_Values" is undefined
  tdenm_Function_Ret_Values fn_enm_XGZP6857D_Pressure_SensorSend_Reset_Cmd(void);
..\Include\Pressure_Sensor_XGPG6857D.h(63): error:  #20: identifier "tdenm_Function_Ret_Values" is undefined
  tdenm_Function_Ret_Values fn_enm_XGZP6857D_Pressure_SensorRead_Calibration_Coefficient_Data(unsigned char arg_Device_Cmd, unsigned short *arg_us_Coefficient_Value);
..\Include\Pressure_Sensor_XGPG6857D.h(64): error:  #20: identifier "tdenm_Function_Ret_Values" is undefined
  tdenm_Function_Ret_Values fn_enm_XGZP6857D_Pressure_SensorGet_Raw_ADC_Pressure_Data(unsigned int *arg_ptr_ui_Digital_Converted_Value);
..\Include\Pressure_Sensor_XGPG6857D.h(65): error:  #20: identifier "tdenm_Function_Ret_Values" is undefined
  tdenm_Function_Ret_Values fn_enm_XGZP6857D_Pressure_SensorGet_Raw_ADC_Temperature_Data(unsigned int *arg_ptr_ui_Digital_Converted_Value);
..\Hardware_Abstraction_Layer\uart.c: 0 warnings, 4 errors
".\Obj\AB_BaseCode.hex" - 57 Error(s), 12 Warning(s).
Target not created
sorGet_Raw_ADC_Pressure_Data(unsigned int *arg_ptr_ui_Digital_Converted_Value);
..\Include\Pressure_Sensor_XGPG6857D.h(65): error:  #20: identifier "tdenm_Function_Ret_Values" is undefined
  tdenm_Function_Ret_Values fn_enm_XGZP6857D_Pressure_SensorGet_Raw_ADC_Temperature_Data(unsigned int *arg_ptr_ui_Digital_Converted_Value);
..\STM_Library\SRC\stm32f10x_can.c: 0 warnings, 4 errors
compiling stm32f10x_exti.c...
compiling stm32f10x_flash.c...
compiling stm32f10x_gpio.c...
compiling stm32f10x_i2c.c...
compiling stm32f10x_it.c...
..\Include\Pressure_Sensor_XGPG6857D.h(62): error:  #20: identifier "tdenm_Function_Ret_Values" is undefined
  tdenm_Function_Ret_Values fn_enm_XGZP6857D_Pressure_SensorSend_Reset_Cmd(void);
..\Include\Pressure_Sensor_XGPG6857D.h(63): error:  #20: identifier "tdenm_Function_Ret_Values" is undefined
  tdenm_Function_Ret_Values fn_enm_XGZP6857D_Pressure_SensorRead_Calibration_Coefficient_Data(unsigned char arg_Device_Cmd, unsigned short *arg_us_Coefficient_Value);
..\Include\Pressure_Sensor_XGPG6857D.h(64): error:  #20: identifier "tdenm_Function_Ret_Values" is undefined
  tdenm_Function_Ret_Values fn_enm_XGZP6857D_Pressure_SensorGet_Raw_ADC_Pressure_Data(unsigned int *arg_ptr_ui_Digital_Converted_Value);
..\Include\Pressure_Sensor_XGPG6857D.h(65): error:  #20: identifier "tdenm_Function_Ret_Values" is undefined
  tdenm_Function_Ret_Values fn_enm_XGZP6857D_Pressure_SensorGet_Raw_ADC_Temperature_Data(unsigned int *arg_ptr_ui_Digital_Converted_Value);
..\STM_Library\SRC\stm32f10x_it.c(444): warning:  #177-D: variable "l_us_Temp_Var1" was declared but never referenced
        unsigned short l_us_Temp_Var1 = 0;
..\STM_Library\SRC\stm32f10x_it.c(445): warning:  #177-D: variable "l_us_Temp_Var2" was declared but never referenced
        unsigned short l_us_Temp_Var2 = 0;
..\STM_Library\SRC\stm32f10x_it.c: 2 warnings, 4 errors
compiling stm32f10x_iwdg.c...
compiling stm32f10x_lib.c...
compiling stm32f10x_nvic.c...
compiling stm32f10x_pwr.c...
compiling stm32f10x_rcc.c...
compiling stm32f10x_tim.c...
compiling stm32f10x_usart.c...
compiling stm32f10x_wwdg.c...
compiling stm32f10x_systick.c...
compiling uart.c...
..\Include\Pressure_Sensor_XGPG6857D.h(62): error:  #20: identifier "tdenm_Function_Ret_Values" is undefined
  tdenm_Function_Ret_Values fn_enm_XGZP6857D_Pressure_SensorSend_Reset_Cmd(void);
..\Include\Pressure_Sensor_XGPG6857D.h(63): error:  #20: identifier "tdenm_Function_Ret_Values" is undefined
  tdenm_Function_Ret_Values fn_enm_XGZP6857D_Pressure_SensorRead_Calibration_Coefficient_Data(unsigned char arg_Device_Cmd, unsigned short *arg_us_Coefficient_Value);
..\Include\Pressure_Sensor_XGPG6857D.h(64): error:  #20: identifier "tdenm_Function_Ret_Values" is undefined
  tdenm_Function_Ret_Values fn_enm_XGZP6857D_Pressure_SensorGet_Raw_ADC_Pressure_Data(unsigned int *arg_ptr_ui_Digital_Converted_Value);
..\Include\Pressure_Sensor_XGPG6857D.h(65): error:  #20: identifier "tdenm_Function_Ret_Values" is undefined
  tdenm_Function_Ret_Values fn_enm_XGZP6857D_Pressure_SensorGet_Raw_ADC_Temperature_Data(unsigned int *arg_ptr_ui_Digital_Converted_Value);
..\Hardware_Abstraction_Layer\uart.c: 0 warnings, 4 errors
".\Obj\AB_BaseCode.hex" - 74 Error(s), 12 Warning(s).
Target not created
