<html>
<body>
<pre>
<h1>µVision Build Log</h1>
<h2>Project:</h2>
D:\Data_Folder\Breathalyzer\Git_Commit\ADS_157\Alcohol_Sensor\RVMDK\Project.uvproj
Project File Date:  08/07/2023

<h2>Output:</h2>
Rebuild target 'VTS + DE'
compiling main.c...
compiling Alcohol_Detection_Algorithm.c...
compiling LED_Buzzer_Handle.c...
compiling CAN_Configuration.c...
compiling InitStm32.c...
compiling HAL_ADC.c...
compiling HAL_I2C.c...
compiling HAL_SPI.c...
compiling Pressure_Sensor_XGPG6857D.c...
compiling Alcohol_Sensor.c...
assembling cortexm3_macro.s...
assembling stm32f10x_vector.s...
compiling stm32f10x_adc.c...
compiling stm32f10x_can.c...
compiling stm32f10x_exti.c...
compiling stm32f10x_flash.c...
compiling stm32f10x_gpio.c...
compiling stm32f10x_i2c.c...
compiling stm32f10x_it.c...
compiling stm32f10x_iwdg.c...
compiling stm32f10x_lib.c...
compiling stm32f10x_nvic.c...
compiling stm32f10x_pwr.c...
compiling stm32f10x_rcc.c...
compiling stm32f10x_tim.c...
compiling stm32f10x_usart.c...
compiling stm32f10x_wwdg.c...
compiling stm32f10x_systick.c...
compiling uart.c...
linking...
Program Size: Code=11784 RO-data=508 RW-data=132 ZI-data=6276  
FromELF: creating hex file...
".\Obj\AB_01_00_D01.hex" - 0 Error(s), 0 Warning(s).
</pre>
</body>
</html>
E: Symbol enmAlcohol_Test_Status multiply defined (by led_buzzer_handle.o and main.o).
.\Obj\AB_StateMachine.hex: Error: L6200E: Symbol enmAlcohol_Test_Status multiply defined (by can_configuration.o and main.o).
.\Obj\AB_StateMachine.hex: Error: L6200E: Symbol enmAlcohol_Test_Status multiply defined (by initstm32.o and main.o).
.\Obj\AB_StateMachine.hex: Error: L6200E: Symbol enmAlcohol_Test_Status multiply defined (by hal_adc.o and main.o).
.\Obj\AB_StateMachine.hex: Error: L6200E: Symbol enmAlcohol_Test_Status multiply defined (by hal_i2c.o and main.o).
.\Obj\AB_StateMachine.hex: Error: L6200E: Symbol enmAlcohol_Test_Status multiply defined (by hal_spi.o and main.o).
.\Obj\AB_StateMachine.hex: Error: L6200E: Symbol enmAlcohol_Test_Status multiply defined (by pressure_sensor_xgpg6857d.o and main.o).
.\Obj\AB_StateMachine.hex: Error: L6200E: Symbol enmAlcohol_Test_Status multiply defined (by alcohol_sensor.o and main.o).
.\Obj\AB_StateMachine.hex: Error: L6200E: Symbol enmAlcohol_Test_Status multiply defined (by stm32f10x_adc.o and main.o).
.\Obj\AB_StateMachine.hex: Error: L6200E: Symbol enmAlcohol_Test_Status multiply defined (by stm32f10x_can.o and main.o).
.\Obj\AB_StateMachine.hex: Error: L6200E: Symbol enmAlcohol_Test_Status multiply defined (by stm32f10x_it.o and main.o).
.\Obj\AB_StateMachine.hex: Error: L6200E: Symbol enmAlcohol_Test_Status multiply defined (by uart.o and main.o).
Not enough information to list image symbols.
Not enough information to list the image map.
Finished: 2 information, 0 warning and 13 error messages.
".\Obj\AB_StateMachine.hex" - 13 Error(s), 0 Warning(s).
Target not created
x_iwdg.c...
compiling stm32f10x_lib.c...
compiling stm32f10x_nvic.c...
compiling stm32f10x_pwr.c...
compiling stm32f10x_rcc.c...
compiling stm32f10x_tim.c...
compiling stm32f10x_usart.c...
compiling stm32f10x_wwdg.c...
compiling stm32f10x_systick.c...
compiling uart.c...
..\Include\main.h(61): error:  #65: expected a ";"
  extern unsigned char g_uc_Transmit_Buffer[];
..\Hardware_Abstraction_Layer\uart.c: 0 warnings, 1 error
".\Obj\AB_StateMachine.hex" - 14 Error(s), 0 Warning(s).
Target not created
