<html>
<body>
<pre>
<h1>µVision Build Log</h1>
<h2>Project:</h2>
D:\Krutika\ACC_Board_V1.1\RVMDK\Project.uvproj
Project File Date:  11/20/2019

<h2>Output:</h2>
Rebuild target 'VTS + DE'
compiling main.c...
..\Application_Layer\main.c(216): warning:  #111-D: statement is unreachable
          switch(g_uc_Main_State_Machine)
..\Application_Layer\main.c(52): warning:  #177-D: variable "l_uc_fn_Ret_Val" was declared but never referenced
        unsigned char l_uc_fn_Ret_Val = 0;
..\Application_Layer\main.c(53): warning:  #177-D: variable "i" was declared but never referenced
        unsigned int i = 0;
..\Application_Layer\main.c: 3 warnings, 0 errors
compiling TPMS_Monitor.c...
..\Application_Layer\TPMS_Monitor.c(540): warning:  #550-D: variable "l_uc_Mailbox_No" was set but never used
        unsigned char l_uc_Mailbox_No = 0;
..\Application_Layer\TPMS_Monitor.c(558): warning:  #177-D: label "lbl_Resend_CAN_Msg" was declared but never referenced
  lbl_Resend_CAN_Msg:
..\Application_Layer\TPMS_Monitor.c(576): warning:  #550-D: variable "l_uc_Mailbox_No" was set but never used
        unsigned char l_uc_Mailbox_No = 0;
..\Application_Layer\TPMS_Monitor.c(594): warning:  #177-D: label "lbl_Resend_CAN_Msg" was declared but never referenced
  lbl_Resend_CAN_Msg:
..\Application_Layer\TPMS_Monitor.c: 4 warnings, 0 errors
compiling Driver_Drowsiness.c...
..\Application_Layer\Driver_Drowsiness.c(180): warning:  #177-D: variable "l_uc_Loop_Counter" was declared but never referenced
        unsigned char l_uc_Loop_Counter = 0;
..\Application_Layer\Driver_Drowsiness.c(181): warning:  #177-D: variable "l_us_temp_Var" was declared but never referenced
        unsigned short l_us_temp_Var = 0;
..\Application_Layer\Driver_Drowsiness.c(331): warning:  #550-D: variable "l_uc_Image_Type" was set but never used
        unsigned char l_uc_Image_Type = 0;
..\Application_Layer\Driver_Drowsiness.c(333): warning:  #550-D: variable "l_ui_Frame_Start_Buffer_Index" was set but never used
        unsigned int l_ui_Frame_Start_Buffer_Index = 0;
..\Application_Layer\Driver_Drowsiness.c(1090): warning:  #550-D: variable "l_uc_Mailbox_No" was set but never used
        unsigned char l_uc_Mailbox_No = 0;
..\Application_Layer\Driver_Drowsiness.c(1091): warning:  #177-D: variable "l_uc_Loop_counter" was declared but never referenced
        unsigned char l_uc_Loop_counter = 0;
..\Application_Layer\Driver_Drowsiness.c(1114): warning:  #550-D: variable "l_uc_Mailbox_No" was set but never used
        unsigned char l_uc_Mailbox_No = 0;
..\Application_Layer\Driver_Drowsiness.c(1115): warning:  #177-D: variable "l_uc_Loop_counter" was declared but never referenced
        unsigned char l_uc_Loop_counter = 0;
..\Application_Layer\Driver_Drowsiness.c(1165): warning:  #1-D: last line of file ends without a newline
  }
..\Application_Layer\Driver_Drowsiness.c(1139): warning:  #550-D: variable "l_uc_Mailbox_No" was set but never used
        unsigned char l_uc_Mailbox_No = 0;
..\Application_Layer\Driver_Drowsiness.c: 10 warnings, 0 errors
compiling Alcohol_Detection_Algorithm.c...
..\Application_Layer\Alcohol_Detection_Algorithm.c(191): warning:  #550-D: variable "l_uc_Mailbox_No" was set but never used
        unsigned char l_uc_Mailbox_No = 0;
..\Application_Layer\Alcohol_Detection_Algorithm.c(236): warning:  #1-D: last line of file ends without a newline
  }
..\Application_Layer\Alcohol_Detection_Algorithm.c(216): warning:  #550-D: variable "l_uc_Mailbox_No" was set but never used
        unsigned char l_uc_Mailbox_No = 0;
..\Application_Layer\Alcohol_Detection_Algorithm.c: 3 warnings, 0 errors
compiling CAN_Configuration.c...
..\Hardware_Abstraction_Layer\CAN_Configuration.c(87): warning:  #177-D: variable "l_s_ul_Temp_var" was declared but never referenced
      static unsigned long l_s_ul_Temp_var = 0;
..\Hardware_Abstraction_Layer\CAN_Configuration.c(88): warning:  #550-D: variable "l_uc_Mailbox_No" was set but never used
        unsigned char l_uc_Mailbox_No = 0;
..\Hardware_Abstraction_Layer\CAN_Configuration.c(112): warning:  #177-D: label "lbl_Resend_CAN_Msg" was declared but never referenced
  lbl_Resend_CAN_Msg:
..\Hardware_Abstraction_Layer\CAN_Configuration.c: 3 warnings, 0 errors
compiling InitStm32.c...
compiling HAL_ADC.c...
..\Hardware_Abstraction_Layer\HAL_ADC.c(95): warning:  #186-D: pointless comparison of unsigned integer with zero
        if( (l_uc_ADC_Channel_Number >= ADC_Channel_0) && (l_uc_ADC_Channel_Number <= ADC_Channel_17) )
..\Hardware_Abstraction_Layer\HAL_ADC.c: 1 warning, 0 errors
compiling HAL_EEPROM.c...
compiling HAL_I2C.c...
compiling HAL_Pressure_Sensor_MS5525DSO.c...
..\Hardware_Abstraction_Layer\HAL_Pressure_Sensor_MS5525DSO.c(434): warning:  #1215-D: #warning directive: SPI Protocol Selected
  #warning SPI Protocol Selected
..\Hardware_Abstraction_Layer\HAL_Pressure_Sensor_MS5525DSO.c: 1 warning, 0 errors
compiling HAL_SPI.c...
..\Hardware_Abstraction_Layer\HAL_SPI.c(101): warning:  #177-D: variable "l_uc_Temp_Data" was declared but never referenced
      unsigned char l_uc_Temp_Data = 0;
..\Hardware_Abstraction_Layer\HAL_SPI.c(197): warning:  #177-D: variable "l_uc_Temp_Data" was declared but never referenced
      unsigned char l_uc_Temp_Data = 0;
..\Hardware_Abstraction_Layer\HAL_SPI.c: 2 warnings, 0 errors
assembling cortexm3_macro.s...
assembling stm32f10x_vector.s...
compiling stm32f10x_adc.c...
compiling stm32f10x_can.c...
compiling stm32f10x_exti.c...
compiling stm32f10x_flash.c...
compiling stm32f10x_gpio.c...
compiling stm32f10x_i2c.c...
compiling stm32f10x_it.c...
..\STM_Library\SRC\stm32f10x_it.c(454): warning:  #177-D: variable "l_us_Temp_Var3" was declared but never referenced
        unsigned short l_us_Temp_Var3 = 0;
..\STM_Library\SRC\stm32f10x_it.c: 1 warning, 0 errors
compiling stm32f10x_iwdg.c...
compiling stm32f10x_lib.c...
compiling stm32f10x_nvic.c...
compiling stm32f10x_pwr.c...
compiling stm32f10x_rcc.c...
compiling stm32f10x_tim.c...
compiling stm32f10x_usart.c...
compiling stm32f10x_wwdg.c...
compiling stm32f10x_systick.c...
compiling uart.c...
linking...
Program Size: Code=10356 RO-data=552 RW-data=212 ZI-data=19388  
FromELF: creating hex file...
".\Obj\ACC_00_00_01_01_Pressure_Sensor_POC.hex" - 0 Error(s), 28 Warning(s).
</pre>
</body>
</html>
Obj\ACC_00_00_01_01_Pressure_Sensor_POC.hex" - 0 Error(s), 29 Warning(s).
5DSO.c(434): warning:  #1215-D: #warning directive: SPI Protocol Selected
  #warning SPI Protocol Selected
..\Hardware_Abstraction_Layer\HAL_Pressure_Sensor_MS5525DSO.c(473): warning:  #167-D: argument of type "unsigned char *" is incompatible with parameter of type "char *"
                fn_uc_Send_String_On_Debug_Port(g_uc_Transmit_Buffer);
..\Hardware_Abstraction_Layer\HAL_Pressure_Sensor_MS5525DSO.c(515): warning:  #167-D: argument of type "unsigned char *" is incompatible with parameter of type "char *"
                fn_uc_Send_String_On_Debug_Port(g_uc_Transmit_Buffer);
..\Hardware_Abstraction_Layer\HAL_Pressure_Sensor_MS5525DSO.c(557): warning:  #167-D: argument of type "unsigned char *" is incompatible with parameter of type "char *"
                fn_uc_Send_String_On_Debug_Port(g_uc_Transmit_Buffer);
..\Hardware_Abstraction_Layer\HAL_Pressure_Sensor_MS5525DSO.c(590): warning:  #167-D: argument of type "unsigned char *" is incompatible with parameter of type "char *"
                fn_uc_Send_String_On_Debug_Port(g_uc_Transmit_Buffer);
..\Hardware_Abstraction_Layer\HAL_Pressure_Sensor_MS5525DSO.c(629): warning:  #167-D: argument of type "unsigned char *" is incompatible with parameter of type "char *"
                fn_uc_Send_String_On_Debug_Port(g_uc_Transmit_Buffer);
..\Hardware_Abstraction_Layer\HAL_Pressure_Sensor_MS5525DSO.c(650): warning:  #167-D: argument of type "unsigned char *" is incompatible with parameter of type "char *"
                        fn_uc_Send_String_On_Debug_Port(g_uc_Transmit_Buffer);
..\Hardware_Abstraction_Layer\HAL_Pressure_Sensor_MS5525DSO.c(659): warning:  #167-D: argument of type "unsigned char *" is incompatible with parameter of type "char *"
                        fn_uc_Send_String_On_Debug_Port(g_uc_Transmit_Buffer);
..\Hardware_Abstraction_Layer\HAL_Pressure_Sensor_MS5525DSO.c(670): warning:  #167-D: argument of type "unsigned char *" is incompatible with parameter of type "char *"
                                fn_uc_Send_String_On_Debug_Port(g_uc_Transmit_Buffer);
..\Hardware_Abstraction_Layer\HAL_Pressure_Sensor_MS5525DSO.c(698): warning:  #167-D: argument of type "unsigned char *" is incompatible with parameter of type "char *"
                fn_uc_Send_String_On_Debug_Port(g_uc_Transmit_Buffer);
..\Hardware_Abstraction_Layer\HAL_Pressure_Sensor_MS5525DSO.c: 10 warnings, 0 errors
compiling HAL_SPI.c...
..\Hardware_Abstraction_Layer\HAL_SPI.c(90): warning:  #167-D: argument of type "unsigned char *" is incompatible with parameter of type "char *"
      fn_uc_Send_String_On_Debug_Port(g_uc_Transmit_Buffer);
..\Hardware_Abstraction_Layer\HAL_SPI.c(101): warning:  #177-D: variable "l_uc_Temp_Data" was declared but never referenced
      unsigned char l_uc_Temp_Data = 0;
..\Hardware_Abstraction_Layer\HAL_SPI.c(197): warning:  #177-D: variable "l_uc_Temp_Data" was declared but never referenced
      unsigned char l_uc_Temp_Data = 0;
..\Hardware_Abstraction_Layer\HAL_SPI.c: 3 warnings, 0 errors
assembling cortexm3_macro.s...
assembling stm32f10x_vector.s...
compiling stm32f10x_adc.c...
compiling stm32f10x_can.c...
compiling stm32f10x_exti.c...
compiling stm32f10x_flash.c...
compiling stm32f10x_gpio.c...
compiling stm32f10x_i2c.c...
compiling stm32f10x_it.c...
..\STM_Library\SRC\stm32f10x_it.c(454): warning:  #177-D: variable "l_us_Temp_Var3" was declared but never referenced
        unsigned short l_us_Temp_Var3 = 0;
..\STM_Library\SRC\stm32f10x_it.c: 1 warning, 0 errors
compiling stm32f10x_iwdg.c...
compiling stm32f10x_lib.c...
compiling stm32f10x_nvic.c...
compiling stm32f10x_pwr.c...
compiling stm32f10x_rcc.c...
compiling stm32f10x_tim.c...
compiling stm32f10x_usart.c...
compiling stm32f10x_wwdg.c...
compiling stm32f10x_systick.c...
compiling uart.c...
linking...
Program Size: Code=10004 RO-data=552 RW-data=212 ZI-data=19388  
FromELF: creating hex file...
".\Obj\ACC_00_00_01_01_Pressure_Sensor_POC.hex" - 0 Error(s), 45 Warning(s).
