<html>
<body>
<pre>
<h1>µVision Build Log</h1>
<h2>Project:</h2>
C:\Users\Shreyas\Dropbox\Development team\shreyas\Alcohol_Sensor_Test\ACC_Board_V1.1\RVMDK\Project.uvproj
Project File Date:  06/26/2019

<h2>Output:</h2>
Rebuild target 'VTS + DE'
compiling main.c...
..\Include\HAL_EEPROM.h(47): warning:  #1-D: last line of file ends without a newline
  #endif
..\Application_Layer\main.c(51): warning:  #177-D: variable "l_uc_fn_Ret_Val" was declared but never referenced
        unsigned char l_uc_fn_Ret_Val = 0;
..\Application_Layer\main.c: 2 warnings, 0 errors
compiling TPMS_Monitor.c...
..\Include\HAL_EEPROM.h(47): warning:  #1-D: last line of file ends without a newline
  #endif
..\Application_Layer\TPMS_Monitor.c(540): warning:  #550-D: variable "l_uc_Mailbox_No" was set but never used
        unsigned char l_uc_Mailbox_No = 0;
..\Application_Layer\TPMS_Monitor.c(558): warning:  #177-D: label "lbl_Resend_CAN_Msg" was declared but never referenced
  lbl_Resend_CAN_Msg:
..\Application_Layer\TPMS_Monitor.c(576): warning:  #550-D: variable "l_uc_Mailbox_No" was set but never used
        unsigned char l_uc_Mailbox_No = 0;
..\Application_Layer\TPMS_Monitor.c(594): warning:  #177-D: label "lbl_Resend_CAN_Msg" was declared but never referenced
  lbl_Resend_CAN_Msg:
..\Application_Layer\TPMS_Monitor.c: 5 warnings, 0 errors
compiling Driver_Drowsiness.c...
..\Include\HAL_EEPROM.h(47): warning:  #1-D: last line of file ends without a newline
  #endif
..\Application_Layer\Driver_Drowsiness.c(180): warning:  #177-D: variable "l_uc_Loop_Counter" was declared but never referenced
        unsigned char l_uc_Loop_Counter = 0;
..\Application_Layer\Driver_Drowsiness.c(181): warning:  #177-D: variable "l_us_temp_Var" was declared but never referenced
        unsigned short l_us_temp_Var = 0;
..\Application_Layer\Driver_Drowsiness.c(331): warning:  #550-D: variable "l_uc_Image_Type" was set but never used
        unsigned char l_uc_Image_Type = 0;
..\Application_Layer\Driver_Drowsiness.c(333): warning:  #550-D: variable "l_ui_Frame_Start_Buffer_Index" was set but never used
        unsigned int l_ui_Frame_Start_Buffer_Index = 0;
..\Application_Layer\Driver_Drowsiness.c(1044): warning:  #167-D: argument of type "unsigned char *" is incompatible with parameter of type "char *"
                fn_uc_Send_String_On_Debug_Port(g_uc_Transmit_Buffer);
..\Application_Layer\Driver_Drowsiness.c(1090): warning:  #550-D: variable "l_uc_Mailbox_No" was set but never used
        unsigned char l_uc_Mailbox_No = 0;
..\Application_Layer\Driver_Drowsiness.c(1091): warning:  #177-D: variable "l_uc_Loop_counter" was declared but never referenced
        unsigned char l_uc_Loop_counter = 0;
..\Application_Layer\Driver_Drowsiness.c(1114): warning:  #550-D: variable "l_uc_Mailbox_No" was set but never used
        unsigned char l_uc_Mailbox_No = 0;
..\Application_Layer\Driver_Drowsiness.c(1115): warning:  #177-D: variable "l_uc_Loop_counter" was declared but never referenced
        unsigned char l_uc_Loop_counter = 0;
..\Application_Layer\Driver_Drowsiness.c(1165): warning:  #1-D: last line of file ends without a newline
  }
..\Application_Layer\Driver_Drowsiness.c(1139): warning:  #550-D: variable "l_uc_Mailbox_No" was set but never used
        unsigned char l_uc_Mailbox_No = 0;
..\Application_Layer\Driver_Drowsiness.c: 12 warnings, 0 errors
compiling Alcohol_Detection_Algorithm.c...
..\Include\HAL_EEPROM.h(47): warning:  #1-D: last line of file ends without a newline
  #endif
..\Application_Layer\Alcohol_Detection_Algorithm.c(53): warning:  #167-D: argument of type "unsigned char *" is incompatible with parameter of type "char *"
                                        fn_uc_Send_String_On_Debug_Port(g_uc_Transmit_Buffer);
..\Application_Layer\Alcohol_Detection_Algorithm.c(72): warning:  #167-D: argument of type "unsigned char *" is incompatible with parameter of type "char *"
                                fn_uc_Send_String_On_Debug_Port(g_uc_Transmit_Buffer);
..\Application_Layer\Alcohol_Detection_Algorithm.c(130): warning:  #1-D: last line of file ends without a newline
  }
..\Application_Layer\Alcohol_Detection_Algorithm.c: 4 warnings, 0 errors
compiling CAN_Configuration.c...
..\Include\HAL_EEPROM.h(47): warning:  #1-D: last line of file ends without a newline
  #endif
..\Hardware_Abstraction_Layer\CAN_Configuration.c(87): warning:  #177-D: variable "l_s_ul_Temp_var" was declared but never referenced
      static unsigned long l_s_ul_Temp_var = 0;
..\Hardware_Abstraction_Layer\CAN_Configuration.c(88): warning:  #550-D: variable "l_uc_Mailbox_No" was set but never used
        unsigned char l_uc_Mailbox_No = 0;
..\Hardware_Abstraction_Layer\CAN_Configuration.c(112): warning:  #177-D: label "lbl_Resend_CAN_Msg" was declared but never referenced
  lbl_Resend_CAN_Msg:
..\Hardware_Abstraction_Layer\CAN_Configuration.c: 4 warnings, 0 errors
compiling InitStm32.c...
..\Include\HAL_EEPROM.h(47): warning:  #1-D: last line of file ends without a newline
  #endif
..\Hardware_Abstraction_Layer\InitStm32.c: 1 warning, 0 errors
compiling HAL_ADC.c...
..\Include\HAL_EEPROM.h(47): warning:  #1-D: last line of file ends without a newline
  #endif
..\Hardware_Abstraction_Layer\HAL_ADC.c(95): warning:  #186-D: pointless comparison of unsigned integer with zero
        if( (l_uc_ADC_Channel_Number >= ADC_Channel_0) && (l_uc_ADC_Channel_Number <= ADC_Channel_17) )
..\Hardware_Abstraction_Layer\HAL_ADC.c: 2 warnings, 0 errors
compiling HAL_EEPROM.c...
..\Include\HAL_EEPROM.h(47): warning:  #1-D: last line of file ends without a newline
  #endif
..\Hardware_Abstraction_Layer\HAL_EEPROM.c(692): warning:  #167-D: argument of type "unsigned char *" is incompatible with parameter of type "char *"
                                                        fn_uc_Send_String_On_Debug_Port(g_uc_Transmit_Buffer);
..\Hardware_Abstraction_Layer\HAL_EEPROM.c(700): warning:  #167-D: argument of type "unsigned char *" is incompatible with parameter of type "char *"
                                                fn_uc_Send_String_On_Debug_Port(g_uc_Transmit_Buffer);
..\Hardware_Abstraction_Layer\HAL_EEPROM.c: 3 warnings, 0 errors
compiling HAL_I2C.c...
..\Include\HAL_EEPROM.h(47): warning:  #1-D: last line of file ends without a newline
  #endif
..\Hardware_Abstraction_Layer\HAL_I2C.c: 1 warning, 0 errors
compiling HAL_Pressure_Sensor_MS5525DSO.c...
..\Include\HAL_EEPROM.h(47): warning:  #1-D: last line of file ends without a newline
  #endif
..\Hardware_Abstraction_Layer\HAL_Pressure_Sensor_MS5525DSO.c(97): warning:  #167-D: argument of type "unsigned char *" is incompatible with parameter of type "char *"
                fn_uc_Send_String_On_Debug_Port(g_uc_Transmit_Buffer);
..\Hardware_Abstraction_Layer\HAL_Pressure_Sensor_MS5525DSO.c(213): warning:  #167-D: argument of type "unsigned char *" is incompatible with parameter of type "char *"
                fn_uc_Send_String_On_Debug_Port(g_uc_Transmit_Buffer);
..\Hardware_Abstraction_Layer\HAL_Pressure_Sensor_MS5525DSO.c(328): warning:  #167-D: argument of type "unsigned char *" is incompatible with parameter of type "char *"
                fn_uc_Send_String_On_Debug_Port(g_uc_Transmit_Buffer);
..\Hardware_Abstraction_Layer\HAL_Pressure_Sensor_MS5525DSO.c(360): warning:  #167-D: argument of type "unsigned char *" is incompatible with parameter of type "char *"
                fn_uc_Send_String_On_Debug_Port(g_uc_Transmit_Buffer);
..\Hardware_Abstraction_Layer\HAL_Pressure_Sensor_MS5525DSO.c(399): warning:  #167-D: argument of type "unsigned char *" is incompatible with parameter of type "char *"
                fn_uc_Send_String_On_Debug_Port(g_uc_Transmit_Buffer);
..\Hardware_Abstraction_Layer\HAL_Pressure_Sensor_MS5525DSO.c(450): warning:  #167-D: argument of type "unsigned char *" is incompatible with parameter of type "char *"
                fn_uc_Send_String_On_Debug_Port(g_uc_Transmit_Buffer);
..\Hardware_Abstraction_Layer\HAL_Pressure_Sensor_MS5525DSO.c: 7 warnings, 0 errors
assembling cortexm3_macro.s...
assembling stm32f10x_vector.s...
compiling stm32f10x_adc.c...
compiling stm32f10x_can.c...
..\Include\HAL_EEPROM.h(47): warning:  #1-D: last line of file ends without a newline
  #endif
..\STM_Library\SRC\stm32f10x_can.c: 1 warning, 0 errors
compiling stm32f10x_exti.c...
compiling stm32f10x_flash.c...
compiling stm32f10x_gpio.c...
compiling stm32f10x_i2c.c...
compiling stm32f10x_it.c...
..\Include\HAL_EEPROM.h(47): warning:  #1-D: last line of file ends without a newline
  #endif
..\STM_Library\SRC\stm32f10x_it.c(451): warning:  #177-D: variable "l_us_Relevant_Obj_Present_Counter" was declared but never referenced
      unsigned short l_us_Relevant_Obj_Present_Counter = 0;
..\STM_Library\SRC\stm32f10x_it.c(454): warning:  #177-D: variable "l_us_Temp_Var3" was declared but never referenced
        unsigned short l_us_Temp_Var3 = 0;
..\STM_Library\SRC\stm32f10x_it.c: 3 warnings, 0 errors
compiling stm32f10x_iwdg.c...
compiling stm32f10x_lib.c...
compiling stm32f10x_nvic.c...
compiling stm32f10x_pwr.c...
compiling stm32f10x_rcc.c...
compiling stm32f10x_tim.c...
compiling stm32f10x_usart.c...
compiling stm32f10x_wwdg.c...
compiling stm32f10x_systick.c...
compiling uart.c...
..\Include\HAL_EEPROM.h(47): warning:  #1-D: last line of file ends without a newline
  #endif
..\Hardware_Abstraction_Layer\uart.c: 1 warning, 0 errors
linking...
Program Size: Code=18664 RO-data=684 RW-data=220 ZI-data=19460  
FromELF: creating hex file...
".\Obj\ACC_00_00_01_01_Alcohol_POC.hex" - 0 Error(s), 46 Warning(s).
</pre>
</body>
</html>
                             Alcohol_Test_On_Off_Bit = BIT_HIGH;                             
..\STM_Library\SRC\stm32f10x_it.c(924): error:  #20: identifier "BIT_HIGH" is undefined
                                        Alcohol_Test_On_Off_Bit = BIT_HIGH;                             
..\STM_Library\SRC\stm32f10x_it.c: 3 warnings, 5 errors
compiling stm32f10x_iwdg.c...
compiling stm32f10x_lib.c...
compiling stm32f10x_nvic.c...
compiling stm32f10x_pwr.c...
compiling stm32f10x_rcc.c...
compiling stm32f10x_tim.c...
compiling stm32f10x_usart.c...
compiling stm32f10x_wwdg.c...
compiling stm32f10x_systick.c...
compiling uart.c...
..\Include\HAL_EEPROM.h(47): warning:  #1-D: last line of file ends without a newline
  #endif
..\Hardware_Abstraction_Layer\uart.c: 1 warning, 0 errors
".\Obj\ACC_00_00_01_01_Alcohol_POC.hex" - 5 Error(s), 46 Warning(s).
Target not created
