<html>
<body>
<pre>
<h1>µVision Build Log</h1>
<h2>Project:</h2>
C:\Users\Shreyas\Dropbox\Development team\shreyas\TPMS\TPMS_Project\RVMDK\Project.uvproj
Project File Date:  03/19/2019

<h2>Output:</h2>
Rebuild target 'VTS + DE'
compiling main.c...
..\Include\Alcohol_Detection.h(68): warning:  #1-D: last line of file ends without a newline
  #endif
..\Application_Layer\main.c: 1 warning, 0 errors
compiling Alcohol_Detection.c...
..\Include\Alcohol_Detection.h(68): warning:  #1-D: last line of file ends without a newline
  #endif
..\Application_Layer\Alcohol_Detection.c(207): warning:  #550-D: variable "l_uc_Mailbox_No" was set but never used
        unsigned char l_uc_Mailbox_No = 0;
..\Application_Layer\Alcohol_Detection.c(226): warning:  #177-D: label "lbl_Resend_CAN_Msg" was declared but never referenced
  lbl_Resend_CAN_Msg:
..\Application_Layer\Alcohol_Detection.c(252): warning:  #550-D: variable "l_uc_Mailbox_No" was set but never used
        unsigned char l_uc_Mailbox_No = 0;
..\Application_Layer\Alcohol_Detection.c(271): warning:  #177-D: label "lbl_Resend_CAN_Msg" was declared but never referenced
  lbl_Resend_CAN_Msg:
..\Application_Layer\Alcohol_Detection.c: 5 warnings, 0 errors
compiling TPMS_Monitor.c...
..\Include\Alcohol_Detection.h(68): warning:  #1-D: last line of file ends without a newline
  #endif
..\Application_Layer\TPMS_Monitor.c(180): warning:  #177-D: variable "l_uc_Loop_Counter" was declared but never referenced
        unsigned char l_uc_Loop_Counter = 0;
..\Application_Layer\TPMS_Monitor.c(538): warning:  #550-D: variable "l_uc_Mailbox_No" was set but never used
        unsigned char l_uc_Mailbox_No = 0;
..\Application_Layer\TPMS_Monitor.c(556): warning:  #177-D: label "lbl_Resend_CAN_Msg" was declared but never referenced
  lbl_Resend_CAN_Msg:
..\Application_Layer\TPMS_Monitor.c(574): warning:  #550-D: variable "l_uc_Mailbox_No" was set but never used
        unsigned char l_uc_Mailbox_No = 0;
..\Application_Layer\TPMS_Monitor.c(592): warning:  #177-D: label "lbl_Resend_CAN_Msg" was declared but never referenced
  lbl_Resend_CAN_Msg:
..\Application_Layer\TPMS_Monitor.c: 6 warnings, 0 errors
compiling CAN_Configuration.c...
..\Include\Alcohol_Detection.h(68): warning:  #1-D: last line of file ends without a newline
  #endif
..\Hardware_Abstraction_Layer\CAN_Configuration.c(74): warning:  #177-D: variable "l_s_ul_Temp_var" was declared but never referenced
      static unsigned long l_s_ul_Temp_var = 0;
..\Hardware_Abstraction_Layer\CAN_Configuration.c(75): warning:  #550-D: variable "l_uc_Mailbox_No" was set but never used
        unsigned char l_uc_Mailbox_No = 0;
..\Hardware_Abstraction_Layer\CAN_Configuration.c(99): warning:  #177-D: label "lbl_Resend_CAN_Msg" was declared but never referenced
  lbl_Resend_CAN_Msg:
..\Hardware_Abstraction_Layer\CAN_Configuration.c: 4 warnings, 0 errors
compiling InitStm32.c...
..\Include\Alcohol_Detection.h(68): warning:  #1-D: last line of file ends without a newline
  #endif
..\Hardware_Abstraction_Layer\InitStm32.c: 1 warning, 0 errors
compiling HAL_ADC.c...
..\Include\Alcohol_Detection.h(68): warning:  #1-D: last line of file ends without a newline
  #endif
..\Hardware_Abstraction_Layer\HAL_ADC.c(95): warning:  #186-D: pointless comparison of unsigned integer with zero
        if( (l_uc_ADC_Channel_Number >= ADC_Channel_0) && (l_uc_ADC_Channel_Number <= ADC_Channel_17) )
..\Hardware_Abstraction_Layer\HAL_ADC.c: 2 warnings, 0 errors
assembling cortexm3_macro.s...
assembling stm32f10x_vector.s...
compiling stm32f10x_adc.c...
compiling stm32f10x_can.c...
..\Include\Alcohol_Detection.h(68): warning:  #1-D: last line of file ends without a newline
  #endif
..\STM_Library\SRC\stm32f10x_can.c: 1 warning, 0 errors
compiling stm32f10x_exti.c...
compiling stm32f10x_flash.c...
compiling stm32f10x_gpio.c...
compiling stm32f10x_i2c.c...
compiling stm32f10x_it.c...
..\Include\Alcohol_Detection.h(68): warning:  #1-D: last line of file ends without a newline
  #endif
..\STM_Library\SRC\stm32f10x_it.c(436): warning:  #177-D: variable "l_us_Relevant_Obj_Present_Counter" was declared but never referenced
      unsigned short l_us_Relevant_Obj_Present_Counter = 0;
..\STM_Library\SRC\stm32f10x_it.c(439): warning:  #177-D: variable "l_us_Temp_Var3" was declared but never referenced
        unsigned short l_us_Temp_Var3 = 0;
..\STM_Library\SRC\stm32f10x_it.c: 3 warnings, 0 errors
compiling stm32f10x_iwdg.c...
compiling stm32f10x_lib.c...
compiling stm32f10x_nvic.c...
compiling stm32f10x_pwr.c...
compiling stm32f10x_rcc.c...
compiling stm32f10x_tim.c...
compiling stm32f10x_usart.c...
compiling stm32f10x_wwdg.c...
compiling stm32f10x_systick.c...
compiling uart.c...
..\Include\Alcohol_Detection.h(68): warning:  #1-D: last line of file ends without a newline
  #endif
..\Hardware_Abstraction_Layer\uart.c: 1 warning, 0 errors
linking...
Program Size: Code=12044 RO-data=424 RW-data=164 ZI-data=5884  
FromELF: creating hex file...
".\Obj\ACC_00_00_01_00.hex" - 0 Error(s), 24 Warning(s).
</pre>
</body>
</html>
