<html>
<body>
<pre>
<h1>µVision Build Log</h1>
<h2>Project:</h2>
D:\Krutika\ACC_Board_V1.1\RVMDK\Project.uvproj
Project File Date:  12/02/2019

<h2>Output:</h2>
Rebuild target 'VTS + DE'
compiling main.c...
compiling TPMS_Monitor.c...
compiling Driver_Drowsiness.c...
..\Application_Layer\Driver_Drowsiness.c(331): warning:  #550-D: variable "l_uc_Image_Type" was set but never used
        unsigned char l_uc_Image_Type = 0;
..\Application_Layer\Driver_Drowsiness.c(333): warning:  #550-D: variable "l_ui_Frame_Start_Buffer_Index" was set but never used
        unsigned int l_ui_Frame_Start_Buffer_Index = 0;
..\Application_Layer\Driver_Drowsiness.c: 2 warnings, 0 errors
compiling Alcohol_Detection_Algorithm.c...
compiling CAN_Configuration.c...
compiling InitStm32.c...
compiling HAL_ADC.c...
..\Hardware_Abstraction_Layer\HAL_ADC.c(105): warning:  #186-D: pointless comparison of unsigned integer with zero
        if( (l_uc_ADC_Channel_Number >= ADC_Channel_0) && (l_uc_ADC_Channel_Number <= ADC_Channel_17) )
..\Hardware_Abstraction_Layer\HAL_ADC.c: 1 warning, 0 errors
compiling HAL_EEPROM.c...
compiling HAL_I2C.c...
compiling HAL_Pressure_Sensor_MS5525DSO.c...
..\Hardware_Abstraction_Layer\HAL_Pressure_Sensor_MS5525DSO.c(438): warning:  #1215-D: #warning directive: SPI Protocol Selected
  #warning SPI Protocol Selected
..\Hardware_Abstraction_Layer\HAL_Pressure_Sensor_MS5525DSO.c(631): warning:  #177-D: variable "l_f_Temp_Val" was declared but never referenced
      float l_f_Temp_Val = 0;
..\Hardware_Abstraction_Layer\HAL_Pressure_Sensor_MS5525DSO.c: 2 warnings, 0 errors
compiling HAL_SPI.c...
assembling cortexm3_macro.s...
assembling stm32f10x_vector.s...
compiling stm32f10x_adc.c...
compiling stm32f10x_can.c...
compiling stm32f10x_exti.c...
compiling stm32f10x_flash.c...
compiling stm32f10x_gpio.c...
compiling stm32f10x_i2c.c...
compiling stm32f10x_it.c...
compiling stm32f10x_iwdg.c...
compiling stm32f10x_lib.c...
compiling stm32f10x_nvic.c...
compiling stm32f10x_pwr.c...
compiling stm32f10x_rcc.c...
compiling stm32f10x_tim.c...
compiling stm32f10x_usart.c...
compiling stm32f10x_wwdg.c...
compiling stm32f10x_systick.c...
compiling uart.c...
linking...
Program Size: Code=20200 RO-data=680 RW-data=248 ZI-data=19464  
FromELF: creating hex file...
".\Obj\Alcohol_POC_00_00_01_01.hex" - 0 Error(s), 5 Warning(s).
</pre>
</body>
</html>
e=10392 RO-data=540 RW-data=224 ZI-data=19424  
FromELF: creating hex file...
".\Obj\Alcohol_POC_00_00_01_01.hex" - 0 Error(s), 6 Warning(s).
4  
FromELF: creating hex file...
".\Obj\Alcohol_00_00_01_01.hex" - 0 Error(s), 7 Warning(s).
0 errors
compiling CAN_Configuration.c...
..\Hardware_Abstraction_Layer\CAN_Configuration.c(117): error:  #20: identifier "l_us_CAN_Msg_Send_Attempts" is undefined
          l_us_CAN_Msg_Send_Attempts++;
..\Hardware_Abstraction_Layer\CAN_Configuration.c(123): warning:  #117-D: non-void function "fn_uc_Send_Heartbeat_To_ECU" should return a value
              return;
..\Hardware_Abstraction_Layer\CAN_Configuration.c(131): error:  #20: identifier "l_us_CAN_Msg_Send_Attempts" is undefined
      l_us_CAN_Msg_Send_Attempts = 0;
..\Hardware_Abstraction_Layer\CAN_Configuration.c(140): warning:  #117-D: non-void function "fn_uc_Send_Heartbeat_To_ECU" should return a value
              return;
..\Hardware_Abstraction_Layer\CAN_Configuration.c: 2 warnings, 2 errors
compiling InitStm32.c...
compiling HAL_ADC.c...
..\Hardware_Abstraction_Layer\HAL_ADC.c(95): warning:  #186-D: pointless comparison of unsigned integer with zero
        if( (l_uc_ADC_Channel_Number >= ADC_Channel_0) && (l_uc_ADC_Channel_Number <= ADC_Channel_17) )
..\Hardware_Abstraction_Layer\HAL_ADC.c: 1 warning, 0 errors
compiling HAL_EEPROM.c...
compiling HAL_I2C.c...
compiling HAL_Pressure_Sensor_MS5525DSO.c...
..\Hardware_Abstraction_Layer\HAL_Pressure_Sensor_MS5525DSO.c(438): warning:  #1215-D: #warning directive: SPI Protocol Selected
  #warning SPI Protocol Selected
..\Hardware_Abstraction_Layer\HAL_Pressure_Sensor_MS5525DSO.c(631): warning:  #177-D: variable "l_f_Temp_Val" was declared but never referenced
      float l_f_Temp_Val = 0;
..\Hardware_Abstraction_Layer\HAL_Pressure_Sensor_MS5525DSO.c: 2 warnings, 0 errors
compiling HAL_SPI.c...
assembling cortexm3_macro.s...
assembling stm32f10x_vector.s...
compiling stm32f10x_adc.c...
compiling stm32f10x_can.c...
compiling stm32f10x_exti.c...
compiling stm32f10x_flash.c...
compiling stm32f10x_gpio.c...
compiling stm32f10x_i2c.c...
compiling stm32f10x_it.c...
compiling stm32f10x_iwdg.c...
compiling stm32f10x_lib.c...
compiling stm32f10x_nvic.c...
compiling stm32f10x_pwr.c...
compiling stm32f10x_rcc.c...
compiling stm32f10x_tim.c...
compiling stm32f10x_usart.c...
compiling stm32f10x_wwdg.c...
compiling stm32f10x_systick.c...
compiling uart.c...
".\Obj\Alcohol_00_00_01_01.hex" - 2 Error(s), 18 Warning(s).
Target not created
bling cortexm3_macro.s...
assembling stm32f10x_vector.s...
compiling stm32f10x_adc.c...
compiling stm32f10x_can.c...
compiling stm32f10x_exti.c...
compiling stm32f10x_flash.c...
compiling stm32f10x_gpio.c...
compiling stm32f10x_i2c.c...
compiling stm32f10x_it.c...
compiling stm32f10x_iwdg.c...
compiling stm32f10x_lib.c...
compiling stm32f10x_nvic.c...
compiling stm32f10x_pwr.c...
compiling stm32f10x_rcc.c...
compiling stm32f10x_tim.c...
compiling stm32f10x_usart.c...
compiling stm32f10x_wwdg.c...
compiling stm32f10x_systick.c...
compiling uart.c...
".\Obj\Alcohol_00_00_01_01.hex" - 6 Error(s), 18 Warning(s).
Target not created
-D: variable "l_uc_Loop_Counter" was declared but never referenced
        unsigned char l_uc_Loop_Counter = 0;
..\Hardware_Abstraction_Layer\HAL_Pressure_Sensor_MS5525DSO.c: 6 warnings, 0 errors
compiling HAL_SPI.c...
..\Hardware_Abstraction_Layer\HAL_SPI.c(101): warning:  #177-D: variable "l_uc_Temp_Data" was declared but never referenced
      unsigned char l_uc_Temp_Data = 0;
..\Hardware_Abstraction_Layer\HAL_SPI.c(197): warning:  #177-D: variable "l_uc_Temp_Data" was declared but never referenced
      unsigned char l_uc_Temp_Data = 0;
..\Hardware_Abstraction_Layer\HAL_SPI.c: 2 warnings, 0 errors
assembling cortexm3_macro.s...
assembling stm32f10x_vector.s...
compiling stm32f10x_adc.c...
compiling stm32f10x_can.c...
compiling stm32f10x_exti.c...
compiling stm32f10x_flash.c...
compiling stm32f10x_gpio.c...
compiling stm32f10x_i2c.c...
compiling stm32f10x_it.c...
..\STM_Library\SRC\stm32f10x_it.c(456): warning:  #177-D: variable "l_us_Temp_Var3" was declared but never referenced
        unsigned short l_us_Temp_Var3 = 0;
..\STM_Library\SRC\stm32f10x_it.c: 1 warning, 0 errors
compiling stm32f10x_iwdg.c...
compiling stm32f10x_lib.c...
compiling stm32f10x_nvic.c...
compiling stm32f10x_pwr.c...
compiling stm32f10x_rcc.c...
compiling stm32f10x_tim.c...
compiling stm32f10x_usart.c...
compiling stm32f10x_wwdg.c...
compiling stm32f10x_systick.c...
compiling uart.c...
linking...
Program Size: Code=19204 RO-data=608 RW-data=248 ZI-data=19464  
FromELF: creating hex file...
".\Obj\Alcohol_00_00_01_01.hex" - 0 Error(s), 32 Warning(s).
