<html>
<body>
<pre>
<h1>µVision Build Log</h1>
<h2>Project:</h2>
D:\Alcohol Testing\ACC_Board_V1.3\RVMDK\Project.uvproj
Project File Date:  03/01/2023

<h2>Output:</h2>
Rebuild target 'VTS + DE'
compiling main.c...
..\Application_Layer\main.c(71): warning:  #177-D: variable "l_uc_fn_Ret_Val" was declared but never referenced
        unsigned char l_uc_fn_Ret_Val = 0;
..\Application_Layer\main.c(73): warning:  #177-D: variable "l_uc_Addr_Index" was declared but never referenced
      unsigned char l_uc_Addr_Index = 0;
..\Application_Layer\main.c: 2 warnings, 0 errors
compiling TPMS_Monitor.c...
compiling Driver_Drowsiness.c...
..\Application_Layer\Driver_Drowsiness.c(332): warning:  #550-D: variable "l_uc_Image_Type" was set but never used
        unsigned char l_uc_Image_Type = 0;
..\Application_Layer\Driver_Drowsiness.c(334): warning:  #550-D: variable "l_ui_Frame_Start_Buffer_Index" was set but never used
        unsigned int l_ui_Frame_Start_Buffer_Index = 0;
..\Application_Layer\Driver_Drowsiness.c: 2 warnings, 0 errors
compiling Alcohol_Detection_Algorithm.c...
..\Application_Layer\Alcohol_Detection_Algorithm.c(145): warning:  #177-D: variable "l_s_uc_Toggle" was declared but never referenced
              static unsigned char l_s_uc_Toggle = 0;
..\Application_Layer\Alcohol_Detection_Algorithm.c(208): warning:  #550-D: variable "l_f_Rel_Voltage" was set but never used
              float l_f_Rel_Voltage = 0;
..\Application_Layer\Alcohol_Detection_Algorithm.c: 2 warnings, 0 errors
compiling CAN_Configuration.c...
compiling InitStm32.c...
compiling HAL_ADC.c...
..\Hardware_Abstraction_Layer\HAL_ADC.c(127): warning:  #186-D: pointless comparison of unsigned integer with zero
        if( (l_uc_ADC_Channel_Number >= ADC_Channel_0) && (l_uc_ADC_Channel_Number <= ADC_Channel_17) )
..\Hardware_Abstraction_Layer\HAL_ADC.c: 1 warning, 0 errors
compiling HAL_EEPROM.c...
compiling HAL_I2C.c...
compiling HAL_Pressure_Sensor_MS5525DSO.c...
..\Hardware_Abstraction_Layer\HAL_Pressure_Sensor_MS5525DSO.c(438): warning:  #1215-D: #warning directive: SPI Protocol Selected
  #warning SPI Protocol Selected
..\Hardware_Abstraction_Layer\HAL_Pressure_Sensor_MS5525DSO.c(631): warning:  #177-D: variable "l_f_Temp_Val" was declared but never referenced
      float l_f_Temp_Val = 0;
..\Hardware_Abstraction_Layer\HAL_Pressure_Sensor_MS5525DSO.c: 2 warnings, 0 errors
compiling HAL_SPI.c...
compiling Battery_Level_Detection.c...
..\Hardware_Abstraction_Layer\Battery_Level_Detection.c(40): warning:  #177-D: variable "l_uc_ADC_Last_Data" was declared but never referenced
        unsigned int l_uc_ADC_Last_Data = 0;
..\Hardware_Abstraction_Layer\Battery_Level_Detection.c(42): warning:  #550-D: variable "l_uc_Conversion_Data" was set but never used
        unsigned char l_uc_Conversion_Data = 0;
..\Hardware_Abstraction_Layer\Battery_Level_Detection.c: 2 warnings, 0 errors
compiling Pressure_Sensor_XGPG6857D.c...
..\Hardware_Abstraction_Layer\Pressure_Sensor_XGPG6857D.c(21): warning:  #177-D: variable "l_uc_Loop_Counter" was declared but never referenced
        unsigned char l_uc_Loop_Counter = 0;
..\Hardware_Abstraction_Layer\Pressure_Sensor_XGPG6857D.c(205): warning:  #177-D: variable "l_uc_Loop_Counter" was declared but never referenced
        unsigned char l_uc_Loop_Counter = 0;
..\Hardware_Abstraction_Layer\Pressure_Sensor_XGPG6857D.c: 2 warnings, 0 errors
assembling cortexm3_macro.s...
assembling stm32f10x_vector.s...
compiling stm32f10x_adc.c...
compiling stm32f10x_can.c...
compiling stm32f10x_exti.c...
compiling stm32f10x_flash.c...
compiling stm32f10x_gpio.c...
compiling stm32f10x_i2c.c...
compiling stm32f10x_it.c...
compiling stm32f10x_iwdg.c...
compiling stm32f10x_lib.c...
compiling stm32f10x_nvic.c...
compiling stm32f10x_pwr.c...
compiling stm32f10x_rcc.c...
compiling stm32f10x_tim.c...
compiling stm32f10x_usart.c...
compiling stm32f10x_wwdg.c...
compiling stm32f10x_systick.c...
compiling uart.c...
linking...
Program Size: Code=12456 RO-data=736 RW-data=260 ZI-data=4364  
FromELF: creating hex file...
".\Obj\Alcohol_POC_00_00_01_01_Integration_Tester_Off.hex" - 0 Error(s), 13 Warning(s).
Load "D:\\Alcohol Testing\\ACC_Board_V1.3\\RVMDK\\Obj\\Alcohol_POC_00_00_01_01_Integration_Tester_Off.hex" 
Internal DLL Error
Error: Flash Download failed  -  Target DLL has been cancelled
