<html>
<body>
<pre>
<h1>µVision Build Log</h1>
<h2>Project:</h2>
C:\Users\Sanish\Dropbox\Development team\shreyas\HMI_RFID_OLED\RVMDK\Project.uvproj
Project File Date:  10/25/2018

<h2>Output:</h2>
Rebuild target 'VTS + DE'
compiling main.c...
compiling power_On_Test.c...
compiling Err_Handler.c...
compiling update_Alarm.c...
compiling CAN_Configuration.c...
..\Hardware_Abstraction_Layer\CAN_Configuration.c(89): warning:  #177-D: variable "l_s_ul_Temp_var" was declared but never referenced
      static unsigned long l_s_ul_Temp_var = 0;
..\Hardware_Abstraction_Layer\CAN_Configuration.c: 1 warning, 0 errors
compiling InitStm32.c...
compiling Stm32_LCD_Lib.c...
compiling RFID.c...
assembling cortexm3_macro.s...
assembling stm32f10x_vector.s...
compiling stm32f10x_adc.c...
compiling stm32f10x_can.c...
compiling stm32f10x_exti.c...
compiling stm32f10x_flash.c...
compiling stm32f10x_gpio.c...
compiling stm32f10x_i2c.c...
compiling stm32f10x_it.c...
..\STM_Library\SRC\stm32f10x_it.c(859): warning:  #186-D: pointless comparison of unsigned integer with zero
                              if(g_us_Relevant_Obj_Counter >= MAX_COUNT_TO_DECLARE_REL_OBJ_ABSENT)
..\STM_Library\SRC\stm32f10x_it.c(509): warning:  #550-D: variable "l_us_Relevant_Obj_Present_Counter" was set but never used
      unsigned short l_us_Relevant_Obj_Present_Counter = 0;
..\STM_Library\SRC\stm32f10x_it.c: 2 warnings, 0 errors
compiling stm32f10x_iwdg.c...
compiling stm32f10x_lib.c...
compiling stm32f10x_nvic.c...
compiling stm32f10x_pwr.c...
compiling stm32f10x_rcc.c...
compiling stm32f10x_tim.c...
compiling stm32f10x_usart.c...
compiling stm32f10x_wwdg.c...
compiling stm32f10x_systick.c...
compiling uart.c...
linking...
Program Size: Code=15096 RO-data=504 RW-data=204 ZI-data=7188  
FromELF: creating hex file...
".\Obj\LED_00_02_00_03.hex" - 0 Error(s), 3 Warning(s).
.
compiling stm32f10x_rcc.c...
compiling stm32f10x_tim.c...
compiling stm32f10x_usart.c...
compiling stm32f10x_wwdg.c...
compiling stm32f10x_systick.c...
compiling uart.c...
".\Obj\LED_00_02_00_03.hex" - 2 Error(s), 3 Warning(s).
Target not created
