<html>
<body>
<pre>
<h1>µVision Build Log</h1>
<h2>Project:</h2>
D:\Krutika\Gitlab_Repositories\Repository.git\trunk\Projects\HMI_RFID_LCD\RVMDK\Project.uvproj
Project File Date:  08/24/2018

<h2>Output:</h2>
Rebuild target 'VTS + DE'
compiling main.c...
compiling power_On_Test.c...
compiling Err_Handler.c...
compiling update_Alarm.c...
compiling CAN_Configuration.c...
compiling InitStm32.c...
assembling cortexm3_macro.s...
assembling stm32f10x_vector.s...
compiling stm32f10x_adc.c...
compiling stm32f10x_can.c...
compiling stm32f10x_exti.c...
compiling stm32f10x_flash.c...
compiling stm32f10x_gpio.c...
compiling stm32f10x_i2c.c...
compiling stm32f10x_it.c...
compiling stm32f10x_iwdg.c...
compiling stm32f10x_lib.c...
compiling stm32f10x_nvic.c...
compiling stm32f10x_pwr.c...
compiling stm32f10x_rcc.c...
compiling stm32f10x_tim.c...
compiling stm32f10x_usart.c...
compiling stm32f10x_wwdg.c...
compiling stm32f10x_systick.c...
compiling uart.c...
linking...
Program Size: Code=13472 RO-data=504 RW-data=140 ZI-data=7188  
FromELF: creating hex file...
".\Obj\LED_00_02_00_00.hex" - 0 Error(s), 0 Warning(s).
</pre>
</body>
</html>
c(605): error:  #167: argument of type "void (*)(void)" is incompatible with parameter of type "u8"
        get_Received_CAN_Data(CAN_FIFO0, &Can_Rx_Msg);  /* Receive      */
..\STM_Library\SRC\stm32f10x_it.c: 0 warnings, 4 errors
compiling stm32f10x_iwdg.c...
compiling stm32f10x_lib.c...
compiling stm32f10x_nvic.c...
compiling stm32f10x_pwr.c...
compiling stm32f10x_rcc.c...
compiling stm32f10x_tim.c...
compiling stm32f10x_usart.c...
compiling stm32f10x_wwdg.c...
compiling stm32f10x_systick.c...
compiling uart.c...
".\Obj\LED_00_02_00_00.hex" - 4 Error(s), 0 Warning(s).
Target not created
iply defined (by stm32f10x_it.o and main.o).
.\Obj\LED_00_02_00_00.hex: Error: L6200E: Symbol enmRFID_Parse_Index multiply defined (by uart.o and main.o).
Not enough information to list image symbols.
Not enough information to list the image map.
Finished: 2 information, 0 warning and 8 error messages.
".\Obj\LED_00_02_00_00.hex" - 8 Error(s), 0 Warning(s).
Target not created
