<html>
<body>
<pre>
<h1>µVision Build Log</h1>
<h2>Project:</h2>
C:\Users\Shreyas\Dropbox\Development team\shreyas\HMI_RFID_OLED\RVMDK\Project.uvproj
Project File Date:  11/30/2018

<h2>Output:</h2>
Rebuild target 'VTS + DE'
compiling main.c...
..\Include\Display_Handler.h(34): warning:  #1-D: last line of file ends without a newline
                                                          
..\Application_Layer\main.c: 1 warning, 0 errors
compiling power_On_Test.c...
..\Include\Display_Handler.h(34): warning:  #1-D: last line of file ends without a newline
                                                          
..\Application_Layer\power_On_Test.c: 1 warning, 0 errors
compiling Err_Handler.c...
..\Include\Display_Handler.h(34): warning:  #1-D: last line of file ends without a newline
                                                          
..\Application_Layer\Err_Handler.c: 1 warning, 0 errors
compiling update_Alarm.c...
..\Include\Display_Handler.h(34): warning:  #1-D: last line of file ends without a newline
                                                          
..\Application_Layer\update_Alarm.c: 1 warning, 0 errors
compiling Display_Handler.c...
..\Include\Display_Handler.h(34): warning:  #1-D: last line of file ends without a newline
                                                          
..\Application_Layer\Display_Handler.c(121): warning:  #1-D: last line of file ends without a newline
  }
..\Application_Layer\Display_Handler.c: 2 warnings, 0 errors
compiling CAN_Configuration.c...
..\Include\Display_Handler.h(34): warning:  #1-D: last line of file ends without a newline
                                                          
..\Hardware_Abstraction_Layer\CAN_Configuration.c(89): warning:  #177-D: variable "l_s_ul_Temp_var" was declared but never referenced
      static unsigned long l_s_ul_Temp_var = 0;
..\Hardware_Abstraction_Layer\CAN_Configuration.c: 2 warnings, 0 errors
compiling InitStm32.c...
..\Include\Display_Handler.h(34): warning:  #1-D: last line of file ends without a newline
                                                          
..\Hardware_Abstraction_Layer\InitStm32.c: 1 warning, 0 errors
compiling Stm32_LCD_Lib.c...
..\Include\Display_Handler.h(34): warning:  #1-D: last line of file ends without a newline
                                                          
..\Hardware_Abstraction_Layer\Stm32_LCD_Lib.c: 1 warning, 0 errors
compiling RFID.c...
..\Include\Display_Handler.h(34): warning:  #1-D: last line of file ends without a newline
                                                          
..\Hardware_Abstraction_Layer\RFID.c: 1 warning, 0 errors
assembling cortexm3_macro.s...
assembling stm32f10x_vector.s...
compiling stm32f10x_adc.c...
compiling stm32f10x_can.c...
..\Include\Display_Handler.h(34): warning:  #1-D: last line of file ends without a newline
                                                          
..\STM_Library\SRC\stm32f10x_can.c: 1 warning, 0 errors
compiling stm32f10x_exti.c...
compiling stm32f10x_flash.c...
compiling stm32f10x_gpio.c...
compiling stm32f10x_i2c.c...
compiling stm32f10x_it.c...
..\Include\Display_Handler.h(34): warning:  #1-D: last line of file ends without a newline
                                                          
..\STM_Library\SRC\stm32f10x_it.c(863): warning:  #186-D: pointless comparison of unsigned integer with zero
                              if(g_us_Relevant_Obj_Counter >= MAX_COUNT_TO_DECLARE_REL_OBJ_ABSENT)
..\STM_Library\SRC\stm32f10x_it.c(513): warning:  #550-D: variable "l_us_Relevant_Obj_Present_Counter" was set but never used
      unsigned short l_us_Relevant_Obj_Present_Counter = 0;
..\STM_Library\SRC\stm32f10x_it.c: 3 warnings, 0 errors
compiling stm32f10x_iwdg.c...
compiling stm32f10x_lib.c...
compiling stm32f10x_nvic.c...
compiling stm32f10x_pwr.c...
compiling stm32f10x_rcc.c...
compiling stm32f10x_tim.c...
compiling stm32f10x_usart.c...
compiling stm32f10x_wwdg.c...
compiling stm32f10x_systick.c...
compiling uart.c...
..\Include\Display_Handler.h(34): warning:  #1-D: last line of file ends without a newline
                                                          
..\Hardware_Abstraction_Layer\uart.c: 1 warning, 0 errors
linking...
Program Size: Code=15240 RO-data=504 RW-data=236 ZI-data=7188  
FromELF: creating hex file...
".\Obj\LED_00_02_00_03.hex" - 0 Error(s), 16 Warning(s).
</pre>
</body>
</html>
line
                                                          
..\Hardware_Abstraction_Layer\uart.c: 1 warning, 0 errors
".\Obj\LED_00_02_00_03.hex" - 2 Error(s), 16 Warning(s).
Target not created
