<html>
<body>
<pre>
<h1>µVision Build Log</h1>
<h2>Project:</h2>
C:\Users\Shreyas\Dropbox\Development team\shreyas\HMI_RFID_LCD\RVMDK\Project.uvproj
Project File Date:  08/31/2018

<h2>Output:</h2>
Rebuild target 'VTS + DE'
compiling main.c...
compiling power_On_Test.c...
compiling Err_Handler.c...
compiling update_Alarm.c...
compiling CAN_Configuration.c...
compiling InitStm32.c...
compiling Stm32_LCD_Lib.c...
compiling RFID.c...
assembling cortexm3_macro.s...
assembling stm32f10x_vector.s...
compiling stm32f10x_adc.c...
compiling stm32f10x_can.c...
compiling stm32f10x_exti.c...
compiling stm32f10x_flash.c...
compiling stm32f10x_gpio.c...
compiling stm32f10x_i2c.c...
compiling stm32f10x_it.c...
..\STM_Library\SRC\stm32f10x_it.c(859): warning:  #186-D: pointless comparison of unsigned integer with zero
                              if(g_us_Relevant_Obj_Counter >= MAX_COUNT_TO_DECLARE_REL_OBJ_ABSENT)
..\STM_Library\SRC\stm32f10x_it.c(509): warning:  #550-D: variable "l_us_Relevant_Obj_Present_Counter" was set but never used
      unsigned short l_us_Relevant_Obj_Present_Counter = 0;
..\STM_Library\SRC\stm32f10x_it.c: 2 warnings, 0 errors
compiling stm32f10x_iwdg.c...
compiling stm32f10x_lib.c...
compiling stm32f10x_nvic.c...
compiling stm32f10x_pwr.c...
compiling stm32f10x_rcc.c...
compiling stm32f10x_tim.c...
compiling stm32f10x_usart.c...
compiling stm32f10x_wwdg.c...
compiling stm32f10x_systick.c...
compiling uart.c...
linking...
Program Size: Code=15076 RO-data=500 RW-data=168 ZI-data=7192  
FromELF: creating hex file...
".\Obj\LED_00_02_00_02.hex" - 0 Error(s), 2 Warning(s).
</pre>
</body>
</html>
