ARM Linker, 5.03 [Build 76] [MDK-ARM Professional]

==============================================================================

Section Cross References

    main.o(i.Delay) refers to main.o(.data) for .data
    main.o(i.fn_Handle_Heartbeat_LED) refers to stm32f10x_gpio.o(i.GPIO_WriteBit) for GPIO_WriteBit
    main.o(i.fn_Handle_Heartbeat_LED) refers to main.o(.data) for .data
    main.o(i.fn_uc_RGB_LED_Off) refers to stm32f10x_gpio.o(i.GPIO_WriteBit) for GPIO_WriteBit
    main.o(i.fn_uc_RGB_LED_On) refers to stm32f10x_gpio.o(i.GPIO_WriteBit) for GPIO_WriteBit
    main.o(i.main) refers to initstm32.o(i.RCC_Configuration) for RCC_Configuration
    main.o(i.main) refers to initstm32.o(i.NVIC_Configuration) for NVIC_Configuration
    main.o(i.main) refers to initstm32.o(i.EXTI_Configuration) for EXTI_Configuration
    main.o(i.main) refers to initstm32.o(i.InitSysTickTimer) for InitSysTickTimer
    main.o(i.main) refers to initstm32.o(i.GPIO_Configuration) for GPIO_Configuration
    main.o(i.main) refers to initstm32.o(i.USART_Configuration) for USART_Configuration
    main.o(i.main) refers to can_configuration.o(i.CAN_Config) for CAN_Config
    main.o(i.main) refers to hal_adc.o(i.fn_uc_Initialize_ADC1_Module) for fn_uc_Initialize_ADC1_Module
    main.o(i.main) refers to hal_i2c.o(i.fn_uc_Initialize_Simulated_I2C_Bus_Port_Pins) for fn_uc_Initialize_Simulated_I2C_Bus_Port_Pins
    main.o(i.main) refers to hal_spi.o(i.fn_Init_SPI_Pins) for fn_Init_SPI_Pins
    main.o(i.main) refers to main.o(i.fn_uc_RGB_LED_Off) for fn_uc_RGB_LED_Off
    main.o(i.main) refers to printfa.o(i.__0sprintf) for __2sprintf
    main.o(i.main) refers to uart.o(i.fn_uc_Send_String_On_Debug_Port) for fn_uc_Send_String_On_Debug_Port
    main.o(i.main) refers to main.o(i.fn_Handle_Heartbeat_LED) for fn_Handle_Heartbeat_LED
    main.o(i.main) refers to can_configuration.o(i.fn_uc_Send_Heartbeat_To_ECU) for fn_uc_Send_Heartbeat_To_ECU
    main.o(i.main) refers to alcohol_detection_algorithm.o(i.fn_uc_Handle_Alcohol_Test) for fn_uc_Handle_Alcohol_Test
    main.o(i.main) refers to main.o(.data) for .data
    main.o(i.main) refers to main.o(.constdata) for .constdata
    main.o(i.main) refers to main.o(.bss) for .bss
    alcohol_detection_algorithm.o(i.Get_Flag_Status_Clear_Residue) refers to alcohol_detection_algorithm.o(.data) for .data
    alcohol_detection_algorithm.o(i.fn_Calculate_Time_Period_Using_Port_Pin) refers to stm32f10x_gpio.o(i.GPIO_WriteBit) for GPIO_WriteBit
    alcohol_detection_algorithm.o(i.fn_Calculate_Time_Period_Using_Port_Pin) refers to alcohol_detection_algorithm.o(.data) for .data
    alcohol_detection_algorithm.o(i.fn_uc_Get_Alcohol_Sensor_Raw_ADC_Data) refers to hal_adc.o(i.fn_Get_ADC_Channel_Data) for fn_Get_ADC_Channel_Data
    alcohol_detection_algorithm.o(i.fn_uc_Get_Alcohol_Sensor_Raw_ADC_Data) refers to printfa.o(i.__0sprintf) for __2sprintf
    alcohol_detection_algorithm.o(i.fn_uc_Get_Alcohol_Sensor_Raw_ADC_Data) refers to uart.o(i.fn_uc_Send_String_On_Debug_Port) for fn_uc_Send_String_On_Debug_Port
    alcohol_detection_algorithm.o(i.fn_uc_Get_Alcohol_Sensor_Raw_ADC_Data) refers to main.o(.bss) for g_uc_Transmit_Buffer
    alcohol_detection_algorithm.o(i.fn_uc_Handle_Alcohol_Test) refers to stm32f10x_gpio.o(i.GPIO_WriteBit) for GPIO_WriteBit
    alcohol_detection_algorithm.o(i.fn_uc_Handle_Alcohol_Test) refers to uart.o(i.fn_uc_Send_String_On_Debug_Port) for fn_uc_Send_String_On_Debug_Port
    alcohol_detection_algorithm.o(i.fn_uc_Handle_Alcohol_Test) refers to printfa.o(i.__0sprintf) for __2sprintf
    alcohol_detection_algorithm.o(i.fn_uc_Handle_Alcohol_Test) refers to alcohol_detection_algorithm.o(i.fn_uc_Get_Alcohol_Sensor_Raw_ADC_Data) for fn_uc_Get_Alcohol_Sensor_Raw_ADC_Data
    alcohol_detection_algorithm.o(i.fn_uc_Handle_Alcohol_Test) refers to dflti.o(.text) for __aeabi_i2d
    alcohol_detection_algorithm.o(i.fn_uc_Handle_Alcohol_Test) refers to dmul.o(.text) for __aeabi_dmul
    alcohol_detection_algorithm.o(i.fn_uc_Handle_Alcohol_Test) refers to d2f.o(.text) for __aeabi_d2f
    alcohol_detection_algorithm.o(i.fn_uc_Handle_Alcohol_Test) refers to f2d.o(.text) for __aeabi_f2d
    alcohol_detection_algorithm.o(i.fn_uc_Handle_Alcohol_Test) refers to alcohol_detection_algorithm.o(.data) for .data
    alcohol_detection_algorithm.o(i.fn_uc_Handle_Alcohol_Test) refers to alcohol_detection_algorithm.o(.bss) for .bss
    alcohol_detection_algorithm.o(i.fn_uc_Handle_Alcohol_Test) refers to main.o(.bss) for g_uc_Transmit_Buffer
    alcohol_detection_algorithm.o(i.fn_uc_Handle_Cap_Vibrations) refers to stm32f10x_gpio.o(i.GPIO_WriteBit) for GPIO_WriteBit
    alcohol_detection_algorithm.o(i.fn_uc_Handle_Cap_Vibrations) refers to alcohol_detection_algorithm.o(.data) for .data
    alcohol_detection_algorithm.o(i.fn_uc_Send_Alcohol_Test_Result_To_ECU) refers to stm32f10x_can.o(i.CAN_Transmit) for CAN_Transmit
[...]
    Removing stm32f10x_tim.o(i.TIM_OC3NPolarityConfig), (20 bytes).
    Removing stm32f10x_tim.o(i.TIM_OC3PolarityConfig), (20 bytes).
    Removing stm32f10x_tim.o(i.TIM_OC3PreloadConfig), (12 bytes).
    Removing stm32f10x_tim.o(i.TIM_OC4FastConfig), (20 bytes).
    Removing stm32f10x_tim.o(i.TIM_OC4Init), (100 bytes).
    Removing stm32f10x_tim.o(i.TIM_OC4PolarityConfig), (20 bytes).
    Removing stm32f10x_tim.o(i.TIM_OC4PreloadConfig), (20 bytes).
    Removing stm32f10x_tim.o(i.TIM_OCStructInit), (20 bytes).
    Removing stm32f10x_tim.o(i.TIM_PWMIConfig), (108 bytes).
    Removing stm32f10x_tim.o(i.TIM_PrescalerConfig), (6 bytes).
    Removing stm32f10x_tim.o(i.TIM_SelectCCDMA), (20 bytes).
    Removing stm32f10x_tim.o(i.TIM_SelectCOM), (20 bytes).
    Removing stm32f10x_tim.o(i.TIM_SelectHallSensor), (20 bytes).
    Removing stm32f10x_tim.o(i.TIM_SelectInputTrigger), (12 bytes).
    Removing stm32f10x_tim.o(i.TIM_SelectMasterSlaveMode), (16 bytes).
    Removing stm32f10x_tim.o(i.TIM_SelectOCxM), (66 bytes).
    Removing stm32f10x_tim.o(i.TIM_SelectOnePulseMode), (18 bytes).
    Removing stm32f10x_tim.o(i.TIM_SelectOutputTrigger), (16 bytes).
    Removing stm32f10x_tim.o(i.TIM_SelectSlaveMode), (16 bytes).
    Removing stm32f10x_tim.o(i.TIM_SetAutoreload), (4 bytes).
    Removing stm32f10x_tim.o(i.TIM_SetClockDivision), (14 bytes).
    Removing stm32f10x_tim.o(i.TIM_SetCompare1), (4 bytes).
    Removing stm32f10x_tim.o(i.TIM_SetCompare2), (4 bytes).
    Removing stm32f10x_tim.o(i.TIM_SetCompare3), (4 bytes).
    Removing stm32f10x_tim.o(i.TIM_SetCompare4), (6 bytes).
    Removing stm32f10x_tim.o(i.TIM_SetCounter), (4 bytes).
    Removing stm32f10x_tim.o(i.TIM_SetIC1Prescaler), (16 bytes).
    Removing stm32f10x_tim.o(i.TIM_SetIC2Prescaler), (24 bytes).
    Removing stm32f10x_tim.o(i.TIM_SetIC3Prescaler), (16 bytes).
    Removing stm32f10x_tim.o(i.TIM_SetIC4Prescaler), (24 bytes).
    Removing stm32f10x_tim.o(i.TIM_TIxExternalClockConfig), (46 bytes).
    Removing stm32f10x_tim.o(i.TIM_TimeBaseInit), (60 bytes).
    Removing stm32f10x_tim.o(i.TIM_TimeBaseStructInit), (18 bytes).
    Removing stm32f10x_tim.o(i.TIM_UpdateDisableConfig), (22 bytes).
    Removing stm32f10x_tim.o(i.TIM_UpdateRequestConfig), (22 bytes).
    Removing stm32f10x_usart.o(i.USART_ClearFlag), (6 bytes).
    Removing stm32f10x_usart.o(i.USART_ClockInit), (30 bytes).
    Removing stm32f10x_usart.o(i.USART_ClockStructInit), (12 bytes).
    Removing stm32f10x_usart.o(i.USART_DMACmd), (16 bytes).
    Removing stm32f10x_usart.o(i.USART_DeInit), (108 bytes).
    Removing stm32f10x_usart.o(i.USART_HalfDuplexCmd), (20 bytes).
    Removing stm32f10x_usart.o(i.USART_IrDACmd), (20 bytes).
    Removing stm32f10x_usart.o(i.USART_IrDAConfig), (16 bytes).
    Removing stm32f10x_usart.o(i.USART_LINBreakDetectLengthConfig), (16 bytes).
    Removing stm32f10x_usart.o(i.USART_LINCmd), (20 bytes).
    Removing stm32f10x_usart.o(i.USART_ReceiverWakeUpCmd), (20 bytes).
    Removing stm32f10x_usart.o(i.USART_SendBreak), (10 bytes).
    Removing stm32f10x_usart.o(i.USART_SetAddress), (16 bytes).
    Removing stm32f10x_usart.o(i.USART_SetGuardTime), (16 bytes).
    Removing stm32f10x_usart.o(i.USART_SetPrescaler), (16 bytes).
    Removing stm32f10x_usart.o(i.USART_SmartCardCmd), (20 bytes).
    Removing stm32f10x_usart.o(i.USART_SmartCardNACKCmd), (20 bytes).
    Removing stm32f10x_usart.o(i.USART_StructInit), (22 bytes).
    Removing stm32f10x_usart.o(i.USART_WakeUpConfig), (16 bytes).
    Removing stm32f10x_wwdg.o(i.WWDG_ClearFlag), (12 bytes).
    Removing stm32f10x_wwdg.o(i.WWDG_DeInit), (24 bytes).
    Removing stm32f10x_wwdg.o(i.WWDG_Enable), (16 bytes).
    Removing stm32f10x_wwdg.o(i.WWDG_EnableIT), (12 bytes).
    Removing stm32f10x_wwdg.o(i.WWDG_GetFlagStatus), (12 bytes).
    Removing stm32f10x_wwdg.o(i.WWDG_SetCounter), (16 bytes).
    Removing stm32f10x_wwdg.o(i.WWDG_SetPrescaler), (20 bytes).
    Removing stm32f10x_wwdg.o(i.WWDG_SetWindowValue), (24 bytes).
    Removing stm32f10x_systick.o(i.SysTick_CLKSourceConfig), (24 bytes).
    Removing stm32f10x_systick.o(i.SysTick_GetCounter), (8 bytes).
    Removing stm32f10x_systick.o(i.SysTick_GetFlagStatus), (32 bytes).
    Removing uart.o(i.fn_uc_Send_Byte_On_Debug_Port), (32 bytes).
    Removing uart.o(i.fn_uc_Send_Byte_On_UART2_Port), (32 bytes).
    Removing uart.o(i.fn_uc_Send_Byte_On_UART3_Port), (32 bytes).
    Removing uart.o(i.fn_uc_Send_String_On_UART2_Port), (40 bytes).
    Removing uart.o(i.fn_uc_Send_String_On_UART3_Port), (40 bytes).
    Removing uart.o(.data), (4 bytes).
    Removing uart.o(.data), (4 bytes).
    Removing uart.o(.data), (4 bytes).
    Removing uart.o(.data), (4 bytes).

337 unused section(s) (total 11724 bytes) removed from the image.

==============================================================================

Image Symbol Table

    Local Symbols

    Symbol Name                              Value     Ov Type        Size  Object(Section)

    ../clib/microlib/division.c              0x00000000   Number         0  uldiv.o ABSOLUTE
    ../clib/microlib/division.c              0x00000000   Number         0  uidiv.o ABSOLUTE
    ../clib/microlib/init/entry.s            0x00000000   Number         0  entry10b.o ABSOLUTE
    ../clib/microlib/init/entry.s            0x00000000   Number         0  entry10a.o ABSOLUTE
    ../clib/microlib/init/entry.s            0x00000000   Number         0  entry11a.o ABSOLUTE
    ../clib/microlib/init/entry.s            0x00000000   Number         0  entry11b.o ABSOLUTE
    ../clib/microlib/init/entry.s            0x00000000   Number         0  entry9b.o ABSOLUTE
    ../clib/microlib/init/entry.s            0x00000000   Number         0  entry9a.o ABSOLUTE
    ../clib/microlib/init/entry.s            0x00000000   Number         0  entry7a.o ABSOLUTE
    ../clib/microlib/init/entry.s            0x00000000   Number         0  entry8b.o ABSOLUTE
    ../clib/microlib/init/entry.s            0x00000000   Number         0  entry2.o ABSOLUTE
    ../clib/microlib/init/entry.s            0x00000000   Number         0  entry5.o ABSOLUTE
    ../clib/microlib/init/entry.s            0x00000000   Number         0  entry8a.o ABSOLUTE
    ../clib/microlib/init/entry.s            0x00000000   Number         0  entry7b.o ABSOLUTE
    ../clib/microlib/init/entry.s            0x00000000   Number         0  entry.o ABSOLUTE
    ../clib/microlib/longlong.c              0x00000000   Number         0  llsshr.o ABSOLUTE
    ../clib/microlib/longlong.c              0x00000000   Number         0  llushr.o ABSOLUTE
    ../clib/microlib/longlong.c              0x00000000   Number         0  llshl.o ABSOLUTE
    ../clib/microlib/printf/printf.c         0x00000000   Number         0  printf1.o ABSOLUTE
    ../clib/microlib/printf/printf.c         0x00000000   Number         0  printf2.o ABSOLUTE
    ../clib/microlib/printf/printf.c         0x00000000   Number         0  printf4.o ABSOLUTE
    ../clib/microlib/printf/printf.c         0x00000000   Number         0  printf3.o ABSOLUTE
    ../clib/microlib/printf/printf.c         0x00000000   Number         0  printf5.o ABSOLUTE
    ../clib/microlib/printf/printf.c         0x00000000   Number         0  printf6.o ABSOLUTE
    ../clib/microlib/printf/printf.c         0x00000000   Number         0  printf7.o ABSOLUTE
    ../clib/microlib/printf/printf.c         0x00000000   Number         0  printf8.o ABSOLUTE
    ../clib/microlib/printf/printf.c         0x00000000   Number         0  printfa.o ABSOLUTE
    ../clib/microlib/printf/printf.c         0x00000000   Number         0  printf0.o ABSOLUTE
    ../clib/microlib/printf/printf.c         0x00000000   Number         0  printfb.o ABSOLUTE
    ../clib/microlib/printf/stubs.s          0x00000000   Number         0  stubs.o ABSOLUTE
    ../clib/microlib/stdio/fputc.c           0x00000000   Number         0  fputc.o ABSOLUTE
    ../clib/microlib/stdio/semi.s            0x00000000   Number         0  semi.o ABSOLUTE
    ../clib/microlib/stdio/streams.c         0x00000000   Number         0  stdout.o ABSOLUTE
    ../clib/microlib/stubs.s                 0x00000000   Number         0  iusefp.o ABSOLUTE
    ../clib/microlib/stubs.s                 0x00000000   Number         0  iusesemip.o ABSOLUTE
    ../fplib/microlib/d2f.c                  0x00000000   Number         0  d2f.o ABSOLUTE
    ../fplib/microlib/f2d.c                  0x00000000   Number         0  f2d.o ABSOLUTE
    ../fplib/microlib/fpadd.c                0x00000000   Number         0  dadd.o ABSOLUTE
    ../fplib/microlib/fpdiv.c                0x00000000   Number         0  ddiv.o ABSOLUTE
    ../fplib/microlib/fpepilogue.c           0x00000000   Number         0  fepilogue.o ABSOLUTE
    ../fplib/microlib/fpepilogue.c           0x00000000   Number         0  depilogue.o ABSOLUTE
    ../fplib/microlib/fpfix.c                0x00000000   Number         0  dfixul.o ABSOLUTE
    ../fplib/microlib/fpflt.c                0x00000000   Number         0  dflti.o ABSOLUTE
    ../fplib/microlib/fpmul.c                0x00000000   Number         0  dmul.o ABSOLUTE
    ..\Application_Layer\Alcohol_Detection_Algorithm.c 0x00000000   Number         0  alcohol_detection_algorithm.o ABSOLUTE
    ..\Application_Layer\main.c              0x00000000   Number         0  main.o ABSOLUTE
    ..\Hardware_Abstraction_Layer\CAN_Configuration.c 0x00000000   Number         0  can_configuration.o ABSOLUTE
    ..\Hardware_Abstraction_Layer\HAL_ADC.c  0x00000000   Number         0  hal_adc.o ABSOLUTE
    ..\Hardware_Abstraction_Layer\HAL_I2C.c  0x00000000   Number         0  hal_i2c.o ABSOLUTE
    ..\Hardware_Abstraction_Layer\HAL_SPI.c  0x00000000   Number         0  hal_spi.o ABSOLUTE
    ..\Hardware_Abstraction_Layer\InitStm32.c 0x00000000   Number         0  initstm32.o ABSOLUTE
    ..\Hardware_Abstraction_Layer\Pressure_Sensor_XGPG6857D.c 0x00000000   Number         0  pressure_sensor_xgpg6857d.o ABSOLUTE
    ..\Hardware_Abstraction_Layer\uart.c     0x00000000   Number         0  uart.o ABSOLUTE
    ..\STM_Library\SRC\stm32f10x_adc.c       0x00000000   Number         0  stm32f10x_adc.o ABSOLUTE
    ..\STM_Library\SRC\stm32f10x_can.c       0x00000000   Number         0  stm32f10x_can.o ABSOLUTE
    ..\STM_Library\SRC\stm32f10x_exti.c      0x00000000   Number         0  stm32f10x_exti.o ABSOLUTE
    ..\STM_Library\SRC\stm32f10x_flash.c     0x00000000   Number         0  stm32f10x_flash.o ABSOLUTE
    ..\STM_Library\SRC\stm32f10x_gpio.c      0x00000000   Number         0  stm32f10x_gpio.o ABSOLUTE
    ..\STM_Library\SRC\stm32f10x_i2c.c       0x00000000   Number         0  stm32f10x_i2c.o ABSOLUTE
    ..\STM_Library\SRC\stm32f10x_it.c        0x00000000   Number         0  stm32f10x_it.o ABSOLUTE
    ..\STM_Library\SRC\stm32f10x_iwdg.c      0x00000000   Number         0  stm32f10x_iwdg.o ABSOLUTE
    ..\STM_Library\SRC\stm32f10x_lib.c       0x00000000   Number         0  stm32f10x_lib.o ABSOLUTE
    ..\STM_Library\SRC\stm32f10x_nvic.c      0x00000000   Number         0  stm32f10x_nvic.o ABSOLUTE
    ..\STM_Library\SRC\stm32f10x_pwr.c       0x00000000   Number         0  stm32f10x_pwr.o ABSOLUTE
    ..\STM_Library\SRC\stm32f10x_rcc.c       0x00000000   Number         0  stm32f10x_rcc.o ABSOLUTE
    ..\STM_Library\SRC\stm32f10x_systick.c   0x00000000   Number         0  stm32f10x_systick.o ABSOLUTE
    ..\STM_Library\SRC\stm32f10x_tim.c       0x00000000   Number         0  stm32f10x_tim.o ABSOLUTE
    ..\STM_Library\SRC\stm32f10x_usart.c     0x00000000   Number         0  stm32f10x_usart.o ABSOLUTE
    ..\STM_Library\SRC\stm32f10x_wwdg.c      0x00000000   Number         0  stm32f10x_wwdg.o ABSOLUTE
    ..\Startup\cortexm3_macro.s              0x00000000   Number         0  cortexm3_macro.o ABSOLUTE
    ..\Startup\stm32f10x_vector.s            0x00000000   Number         0  stm32f10x_vector.o ABSOLUTE
    cdrcmple.s                               0x00000000   Number         0  cdrcmple.o ABSOLUTE
    dc.s                                     0x00000000   Number         0  dc.o ABSOLUTE
    handlers.s                               0x00000000   Number         0  handlers.o ABSOLUTE
    init.s                                   0x00000000   Number         0  init.o ABSOLUTE
    RESET                                    0x08000000   Section      304  stm32f10x_vector.o(RESET)
    .ARM.Collect$$$$00000000                 0x08000130   Section        0  entry.o(.ARM.Collect$$$$00000000)
    .ARM.Collect$$$$00000001                 0x08000130   Section        4  entry2.o(.ARM.Collect$$$$00000001)
    .ARM.Collect$$$$00000004                 0x08000134   Section        4  entry5.o(.ARM.Collect$$$$00000004)
    .ARM.Collect$$$$00000008                 0x08000138   Section        0  entry7b.o(.ARM.Collect$$$$00000008)
    .ARM.Collect$$$$0000000A                 0x08000138   Section        0  entry8b.o(.ARM.Collect$$$$0000000A)
    .ARM.Collect$$$$0000000B                 0x08000138   Section        8  entry9a.o(.ARM.Collect$$$$0000000B)
    .ARM.Collect$$$$0000000D                 0x08000140   Section        0  entry10a.o(.ARM.Collect$$$$0000000D)
    .ARM.Collect$$$$0000000F                 0x08000140   Section        0  entry11a.o(.ARM.Collect$$$$0000000F)
    .ARM.Collect$$$$00002712                 0x08000140   Section        4  entry2.o(.ARM.Collect$$$$00002712)
    __lit__00000000                          0x08000140   Data           4  entry2.o(.ARM.Collect$$$$00002712)
    .text                                    0x08000144   Section        8  stm32f10x_vector.o(.text)
    .text                                    0x0800014c   Section        0  dmul.o(.text)
    .text                                    0x08000230   Section        0  dflti.o(.text)
    .text                                    0x08000252   Section        0  f2d.o(.text)
    .text                                    0x08000278   Section        0  d2f.o(.text)
    .text                                    0x080002b0   Section        0  uidiv.o(.text)
    .text                                    0x080002dc   Section        0  uldiv.o(.text)
    .text                                    0x0800033e   Section        0  fepilogue.o(.text)
    .text                                    0x0800033e   Section        0  iusefp.o(.text)
    .text                                    0x080003aa   Section        0  depilogue.o(.text)
    .text                                    0x08000468   Section        0  dadd.o(.text)
    .text                                    0x080005b6   Section        0  ddiv.o(.text)
    .text                                    0x08000694   Section        0  dfixul.o(.text)
    .text                                    0x080006c4   Section       40  cdrcmple.o(.text)
    .text                                    0x080006ec   Section       36  init.o(.text)
    .text                                    0x08000710   Section        0  llshl.o(.text)
    .text                                    0x0800072e   Section        0  llushr.o(.text)
    .text                                    0x0800074e   Section        0  llsshr.o(.text)
    i.ADC1_2_IRQHandler                      0x08000772   Section        0  stm32f10x_it.o(i.ADC1_2_IRQHandler)
    i.ADC3_IRQHandler                        0x08000774   Section        0  stm32f10x_it.o(i.ADC3_IRQHandler)
    i.ADC_ClearFlag                          0x08000776   Section        0  stm32f10x_adc.o(i.ADC_ClearFlag)
    i.ADC_Cmd                                0x0800077c   Section        0  stm32f10x_adc.o(i.ADC_Cmd)
    i.ADC_DeInit                             0x080007b8   Section        0  stm32f10x_adc.o(i.ADC_DeInit)
    i.ADC_GetCalibrationStatus               0x080007f4   Section        0  stm32f10x_adc.o(i.ADC_GetCalibrationStatus)
    i.ADC_GetConversionValue                 0x08000802   Section        0  stm32f10x_adc.o(i.ADC_GetConversionValue)
    i.ADC_GetFlagStatus                      0x08000808   Section        0  stm32f10x_adc.o(i.ADC_GetFlagStatus)
    i.ADC_GetResetCalibrationStatus          0x08000816   Section        0  stm32f10x_adc.o(i.ADC_GetResetCalibrationStatus)
    i.ADC_Init                               0x08000824   Section        0  stm32f10x_adc.o(i.ADC_Init)
    i.ADC_RegularChannelConfig               0x0800086c   Section        0  stm32f10x_adc.o(i.ADC_RegularChannelConfig)
    i.ADC_ResetCalibration                   0x080008e0   Section        0  stm32f10x_adc.o(i.ADC_ResetCalibration)
    i.ADC_SoftwareStartConvCmd               0x080008ea   Section        0  stm32f10x_adc.o(i.ADC_SoftwareStartConvCmd)
    i.ADC_StartCalibration                   0x080008fe   Section        0  stm32f10x_adc.o(i.ADC_StartCalibration)
    i.BusFaultException                      0x08000908   Section        0  stm32f10x_it.o(i.BusFaultException)
    i.CAN_ClearITPendingBit                  0x0800090c   Section        0  stm32f10x_can.o(i.CAN_ClearITPendingBit)
    i.CAN_Config                             0x080009ac   Section        0  can_configuration.o(i.CAN_Config)
    i.CAN_DeInit                             0x08000a4c   Section        0  stm32f10x_can.o(i.CAN_DeInit)
    i.CAN_FIFORelease                        0x08000a64   Section        0  stm32f10x_can.o(i.CAN_FIFORelease)
    i.CAN_FilterInit                         0x08000a78   Section        0  stm32f10x_can.o(i.CAN_FilterInit)
    i.CAN_ITConfig                           0x08000b3c   Section        0  stm32f10x_can.o(i.CAN_ITConfig)
    i.CAN_Init                               0x08000b54   Section        0  stm32f10x_can.o(i.CAN_Init)
    i.CAN_RX1_IRQHandler                     0x08000c24   Section        0  stm32f10x_it.o(i.CAN_RX1_IRQHandler)
    i.CAN_SCE_IRQHandler                     0x08000c26   Section        0  stm32f10x_it.o(i.CAN_SCE_IRQHandler)
    i.CAN_StructInit                         0x08000c28   Section        0  stm32f10x_can.o(i.CAN_StructInit)
    i.CAN_Transmit                           0x08000c48   Section        0  stm32f10x_can.o(i.CAN_Transmit)
    i.CAN_TransmitStatus                     0x08000cfc   Section        0  stm32f10x_can.o(i.CAN_TransmitStatus)
    i.DMA1_Channel1_IRQHandler               0x08000d78   Section        0  stm32f10x_it.o(i.DMA1_Channel1_IRQHandler)
    i.DMA1_Channel2_IRQHandler               0x08000d7a   Section        0  stm32f10x_it.o(i.DMA1_Channel2_IRQHandler)
    i.DMA1_Channel3_IRQHandler               0x08000d7c   Section        0  stm32f10x_it.o(i.DMA1_Channel3_IRQHandler)
    i.DMA1_Channel4_IRQHandler               0x08000d7e   Section        0  stm32f10x_it.o(i.DMA1_Channel4_IRQHandler)
    i.DMA1_Channel5_IRQHandler               0x08000d80   Section        0  stm32f10x_it.o(i.DMA1_Channel5_IRQHandler)
    i.DMA1_Channel6_IRQHandler               0x08000d82   Section        0  stm32f10x_it.o(i.DMA1_Channel6_IRQHandler)
    i.DMA1_Channel7_IRQHandler               0x08000d84   Section        0  stm32f10x_it.o(i.DMA1_Channel7_IRQHandler)
    i.DMA2_Channel1_IRQHandler               0x08000d86   Section        0  stm32f10x_it.o(i.DMA2_Channel1_IRQHandler)
    i.DMA2_Channel2_IRQHandler               0x08000d88   Section        0  stm32f10x_it.o(i.DMA2_Channel2_IRQHandler)
    i.DMA2_Channel3_IRQHandler               0x08000d8a   Section        0  stm32f10x_it.o(i.DMA2_Channel3_IRQHandler)
    i.DMA2_Channel4_5_IRQHandler             0x08000d8c   Section        0  stm32f10x_it.o(i.DMA2_Channel4_5_IRQHandler)
    i.DebugMonitor                           0x08000d8e   Section        0  stm32f10x_it.o(i.DebugMonitor)
    i.EXTI0_IRQHandler                       0x08000d90   Section        0  stm32f10x_it.o(i.EXTI0_IRQHandler)
    i.EXTI15_10_IRQHandler                   0x08000da2   Section        0  stm32f10x_it.o(i.EXTI15_10_IRQHandler)
    i.EXTI1_IRQHandler                       0x08000dbe   Section        0  stm32f10x_it.o(i.EXTI1_IRQHandler)
    i.EXTI2_IRQHandler                       0x08000dc0   Section        0  stm32f10x_it.o(i.EXTI2_IRQHandler)
    i.EXTI3_IRQHandler                       0x08000dc2   Section        0  stm32f10x_it.o(i.EXTI3_IRQHandler)
    i.EXTI4_IRQHandler                       0x08000dc4   Section        0  stm32f10x_it.o(i.EXTI4_IRQHandler)
    i.EXTI9_5_IRQHandler                     0x08000dca   Section        0  stm32f10x_it.o(i.EXTI9_5_IRQHandler)
    i.EXTI_ClearITPendingBit                 0x08000dec   Section        0  stm32f10x_exti.o(i.EXTI_ClearITPendingBit)
    i.EXTI_Configuration                     0x08000df8   Section        0  initstm32.o(i.EXTI_Configuration)
    i.EXTI_GetITStatus                       0x08000e24   Section        0  stm32f10x_exti.o(i.EXTI_GetITStatus)
    i.EXTI_Init                              0x08000e44   Section        0  stm32f10x_exti.o(i.EXTI_Init)
    i.FLASH_IRQHandler                       0x08000eb4   Section        0  stm32f10x_it.o(i.FLASH_IRQHandler)
    i.FLASH_PrefetchBufferCmd                0x08000eb8   Section        0  stm32f10x_flash.o(i.FLASH_PrefetchBufferCmd)
    i.FLASH_SetLatency                       0x08000ed0   Section        0  stm32f10x_flash.o(i.FLASH_SetLatency)
    i.FSMC_IRQHandler                        0x08000ee8   Section        0  stm32f10x_it.o(i.FSMC_IRQHandler)
    i.GPIO_Configuration                     0x08000eec   Section        0  initstm32.o(i.GPIO_Configuration)
    i.GPIO_EXTILineConfig                    0x08001040   Section        0  stm32f10x_gpio.o(i.GPIO_EXTILineConfig)
    i.GPIO_Init                              0x08001068   Section        0  stm32f10x_gpio.o(i.GPIO_Init)
    i.GPIO_PinRemapConfig                    0x08001108   Section        0  stm32f10x_gpio.o(i.GPIO_PinRemapConfig)
    i.GPIO_WriteBit                          0x08001150   Section        0  stm32f10x_gpio.o(i.GPIO_WriteBit)
    i.HardFaultException                     0x0800115a   Section        0  stm32f10x_it.o(i.HardFaultException)
    i.I2C1_ER_IRQHandler                     0x0800115c   Section        0  stm32f10x_it.o(i.I2C1_ER_IRQHandler)
    i.I2C1_EV_IRQHandler                     0x0800115e   Section        0  stm32f10x_it.o(i.I2C1_EV_IRQHandler)
    i.I2C2_ER_IRQHandler                     0x08001160   Section        0  stm32f10x_it.o(i.I2C2_ER_IRQHandler)
    i.I2C2_EV_IRQHandler                     0x08001162   Section        0  stm32f10x_it.o(i.I2C2_EV_IRQHandler)
    i.InitSysTickTimer                       0x08001164   Section        0  initstm32.o(i.InitSysTickTimer)
    i.MemManageException                     0x08001184   Section        0  stm32f10x_it.o(i.MemManageException)
    i.NMIException                           0x08001186   Section        0  stm32f10x_it.o(i.NMIException)
    i.NVIC_Configuration                     0x08001188   Section        0  initstm32.o(i.NVIC_Configuration)
    i.NVIC_GenerateSystemReset               0x0800124c   Section        0  stm32f10x_nvic.o(i.NVIC_GenerateSystemReset)
    i.NVIC_Init                              0x0800125c   Section        0  stm32f10x_nvic.o(i.NVIC_Init)
    i.NVIC_PriorityGroupConfig               0x080012d8   Section        0  stm32f10x_nvic.o(i.NVIC_PriorityGroupConfig)
    i.NVIC_SetVectorTable                    0x080012ec   Section        0  stm32f10x_nvic.o(i.NVIC_SetVectorTable)
    i.PVD_IRQHandler                         0x08001300   Section        0  stm32f10x_it.o(i.PVD_IRQHandler)
    i.PendSVC                                0x08001302   Section        0  stm32f10x_it.o(i.PendSVC)
    i.RCC_ADCCLKConfig                       0x08001304   Section        0  stm32f10x_rcc.o(i.RCC_ADCCLKConfig)
    i.RCC_APB1PeriphClockCmd                 0x08001318   Section        0  stm32f10x_rcc.o(i.RCC_APB1PeriphClockCmd)
    i.RCC_APB1PeriphResetCmd                 0x08001330   Section        0  stm32f10x_rcc.o(i.RCC_APB1PeriphResetCmd)
    i.RCC_APB2PeriphClockCmd                 0x08001348   Section        0  stm32f10x_rcc.o(i.RCC_APB2PeriphClockCmd)
    i.RCC_APB2PeriphResetCmd                 0x08001360   Section        0  stm32f10x_rcc.o(i.RCC_APB2PeriphResetCmd)
    i.RCC_Configuration                      0x08001378   Section        0  initstm32.o(i.RCC_Configuration)
    i.RCC_DeInit                             0x08001424   Section        0  stm32f10x_rcc.o(i.RCC_DeInit)
    i.RCC_GetClocksFreq                      0x08001460   Section        0  stm32f10x_rcc.o(i.RCC_GetClocksFreq)
    i.RCC_GetFlagStatus                      0x080014f0   Section        0  stm32f10x_rcc.o(i.RCC_GetFlagStatus)
    i.RCC_GetSYSCLKSource                    0x08001520   Section        0  stm32f10x_rcc.o(i.RCC_GetSYSCLKSource)
    i.RCC_HCLKConfig                         0x08001530   Section        0  stm32f10x_rcc.o(i.RCC_HCLKConfig)
    i.RCC_HSEConfig                          0x08001544   Section        0  stm32f10x_rcc.o(i.RCC_HSEConfig)
    i.RCC_IRQHandler                         0x08001578   Section        0  stm32f10x_it.o(i.RCC_IRQHandler)
    i.RCC_PCLK1Config                        0x0800157c   Section        0  stm32f10x_rcc.o(i.RCC_PCLK1Config)
    i.RCC_PCLK2Config                        0x08001590   Section        0  stm32f10x_rcc.o(i.RCC_PCLK2Config)
    i.RCC_PLLCmd                             0x080015a4   Section        0  stm32f10x_rcc.o(i.RCC_PLLCmd)
    i.RCC_PLLConfig                          0x080015b0   Section        0  stm32f10x_rcc.o(i.RCC_PLLConfig)
    i.RCC_SYSCLKConfig                       0x080015c4   Section        0  stm32f10x_rcc.o(i.RCC_SYSCLKConfig)
    i.RCC_WaitForHSEStartUp                  0x080015d8   Section        0  stm32f10x_rcc.o(i.RCC_WaitForHSEStartUp)
    i.RTCAlarm_IRQHandler                    0x0800160c   Section        0  stm32f10x_it.o(i.RTCAlarm_IRQHandler)
    i.RTC_IRQHandler                         0x0800160e   Section        0  stm32f10x_it.o(i.RTC_IRQHandler)
    i.SDIO_IRQHandler                        0x08001610   Section        0  stm32f10x_it.o(i.SDIO_IRQHandler)
    i.SPI1_IRQHandler                        0x08001612   Section        0  stm32f10x_it.o(i.SPI1_IRQHandler)
    i.SPI2_IRQHandler                        0x08001614   Section        0  stm32f10x_it.o(i.SPI2_IRQHandler)
    i.SPI3_IRQHandler                        0x08001616   Section        0  stm32f10x_it.o(i.SPI3_IRQHandler)
    i.SVCHandler                             0x08001618   Section        0  stm32f10x_it.o(i.SVCHandler)
    i.SysTickHandler                         0x0800161c   Section        0  stm32f10x_it.o(i.SysTickHandler)
    i.SysTick_CounterCmd                     0x080016d0   Section        0  stm32f10x_systick.o(i.SysTick_CounterCmd)
    i.SysTick_ITConfig                       0x080016f4   Section        0  stm32f10x_systick.o(i.SysTick_ITConfig)
    i.SysTick_SetReload                      0x0800170c   Section        0  stm32f10x_systick.o(i.SysTick_SetReload)
    i.TAMPER_IRQHandler                      0x08001714   Section        0  stm32f10x_it.o(i.TAMPER_IRQHandler)
    i.TIM1_BRK_IRQHandler                    0x08001716   Section        0  stm32f10x_it.o(i.TIM1_BRK_IRQHandler)
    i.TIM1_CC_IRQHandler                     0x08001718   Section        0  stm32f10x_it.o(i.TIM1_CC_IRQHandler)
    i.TIM1_TRG_COM_IRQHandler                0x0800171a   Section        0  stm32f10x_it.o(i.TIM1_TRG_COM_IRQHandler)
    i.TIM1_UP_IRQHandler                     0x0800171c   Section        0  stm32f10x_it.o(i.TIM1_UP_IRQHandler)
    i.TIM2_IRQHandler                        0x0800171e   Section        0  stm32f10x_it.o(i.TIM2_IRQHandler)
    i.TIM3_IRQHandler                        0x08001720   Section        0  stm32f10x_it.o(i.TIM3_IRQHandler)
    i.TIM4_IRQHandler                        0x0800172c   Section        0  stm32f10x_it.o(i.TIM4_IRQHandler)
    i.TIM5_IRQHandler                        0x08001738   Section        0  stm32f10x_it.o(i.TIM5_IRQHandler)
    i.TIM6_IRQHandler                        0x0800173a   Section        0  stm32f10x_it.o(i.TIM6_IRQHandler)
    i.TIM7_IRQHandler                        0x0800173c   Section        0  stm32f10x_it.o(i.TIM7_IRQHandler)
    i.TIM8_BRK_IRQHandler                    0x0800173e   Section        0  stm32f10x_it.o(i.TIM8_BRK_IRQHandler)
    i.TIM8_CC_IRQHandler                     0x08001740   Section        0  stm32f10x_it.o(i.TIM8_CC_IRQHandler)
    i.TIM8_TRG_COM_IRQHandler                0x08001742   Section        0  stm32f10x_it.o(i.TIM8_TRG_COM_IRQHandler)
    i.TIM8_UP_IRQHandler                     0x08001744   Section        0  stm32f10x_it.o(i.TIM8_UP_IRQHandler)
    i.TIM_ClearITPendingBit                  0x08001746   Section        0  stm32f10x_tim.o(i.TIM_ClearITPendingBit)
    i.UART4_IRQHandler                       0x0800174c   Section        0  stm32f10x_it.o(i.UART4_IRQHandler)
    i.UART5_IRQHandler                       0x0800174e   Section        0  stm32f10x_it.o(i.UART5_IRQHandler)
    i.USART1_IRQHandler                      0x08001750   Section        0  stm32f10x_it.o(i.USART1_IRQHandler)
    i.USART2_IRQHandler                      0x0800179c   Section        0  stm32f10x_it.o(i.USART2_IRQHandler)
    i.USART3_IRQHandler                      0x080017e8   Section        0  stm32f10x_it.o(i.USART3_IRQHandler)
    i.USART_ClearITPendingBit                0x08001808   Section        0  stm32f10x_usart.o(i.USART_ClearITPendingBit)
    i.USART_Cmd                              0x08001814   Section        0  stm32f10x_usart.o(i.USART_Cmd)
    i.USART_Configuration                    0x08001828   Section        0  initstm32.o(i.USART_Configuration)
    i.USART_GetFlagStatus                    0x080018d0   Section        0  stm32f10x_usart.o(i.USART_GetFlagStatus)
    i.USART_GetITStatus                      0x080018de   Section        0  stm32f10x_usart.o(i.USART_GetITStatus)
    i.USART_ITConfig                         0x0800191c   Section        0  stm32f10x_usart.o(i.USART_ITConfig)
    i.USART_Init                             0x0800194c   Section        0  stm32f10x_usart.o(i.USART_Init)
    i.USART_ReceiveData                      0x080019d8   Section        0  stm32f10x_usart.o(i.USART_ReceiveData)
    i.USART_SendData                         0x080019e0   Section        0  stm32f10x_usart.o(i.USART_SendData)
    i.USBWakeUp_IRQHandler                   0x080019e8   Section        0  stm32f10x_it.o(i.USBWakeUp_IRQHandler)
    i.USB_HP_CAN_TX_IRQHandler               0x080019ea   Section        0  stm32f10x_it.o(i.USB_HP_CAN_TX_IRQHandler)
    i.USB_LP_CAN_RX0_IRQHandler              0x080019ec   Section        0  stm32f10x_it.o(i.USB_LP_CAN_RX0_IRQHandler)
    i.UsageFaultException                    0x08001a6c   Section        0  stm32f10x_it.o(i.UsageFaultException)
    i.WWDG_IRQHandler                        0x08001a6e   Section        0  stm32f10x_it.o(i.WWDG_IRQHandler)
    i.__0sprintf                             0x08001a70   Section        0  printfa.o(i.__0sprintf)
    i.__scatterload_copy                     0x08001a98   Section       14  handlers.o(i.__scatterload_copy)
    i.__scatterload_null                     0x08001aa6   Section        2  handlers.o(i.__scatterload_null)
    i.__scatterload_zeroinit                 0x08001aa8   Section       14  handlers.o(i.__scatterload_zeroinit)
    i._fp_digits                             0x08001ab8   Section        0  printfa.o(i._fp_digits)
    _fp_digits                               0x08001ab9   Thumb Code   326  printfa.o(i._fp_digits)
    i._printf_core                           0x08001c14   Section        0  printfa.o(i._printf_core)
    _printf_core                             0x08001c15   Thumb Code  1762  printfa.o(i._printf_core)
    i._printf_post_padding                   0x08002304   Section        0  printfa.o(i._printf_post_padding)
    _printf_post_padding                     0x08002305   Thumb Code    38  printfa.o(i._printf_post_padding)
    i._printf_pre_padding                    0x0800232a   Section        0  printfa.o(i._printf_pre_padding)
    _printf_pre_padding                      0x0800232b   Thumb Code    48  printfa.o(i._printf_pre_padding)
    i._sputc                                 0x0800235a   Section        0  printfa.o(i._sputc)
    _sputc                                   0x0800235b   Thumb Code    10  printfa.o(i._sputc)
    i.fn_Get_ADC_Channel_Data                0x08002364   Section        0  hal_adc.o(i.fn_Get_ADC_Channel_Data)
    i.fn_Handle_Heartbeat_LED                0x080023e0   Section        0  main.o(i.fn_Handle_Heartbeat_LED)
    i.fn_Init_SPI_Pins                       0x08002414   Section        0  hal_spi.o(i.fn_Init_SPI_Pins)
    i.fn_Select_Deselect_SPI_Device          0x08002468   Section        0  hal_spi.o(i.fn_Select_Deselect_SPI_Device)
    i.fn_uc_Get_Alcohol_Sensor_Raw_ADC_Data  0x08002498   Section        0  alcohol_detection_algorithm.o(i.fn_uc_Get_Alcohol_Sensor_Raw_ADC_Data)
    i.fn_uc_Handle_Alcohol_Test              0x08002500   Section        0  alcohol_detection_algorithm.o(i.fn_uc_Handle_Alcohol_Test)
    i.fn_uc_Initialize_ADC1_Module           0x080027d0   Section        0  hal_adc.o(i.fn_uc_Initialize_ADC1_Module)
    i.fn_uc_Initialize_Simulated_I2C_Bus_Port_Pins 0x08002888   Section        0  hal_i2c.o(i.fn_uc_Initialize_Simulated_I2C_Bus_Port_Pins)
    i.fn_uc_RGB_LED_Off                      0x080028ac   Section        0  main.o(i.fn_uc_RGB_LED_Off)
    i.fn_uc_Send_Heartbeat_To_ECU            0x080028dc   Section        0  can_configuration.o(i.fn_uc_Send_Heartbeat_To_ECU)
    i.fn_uc_Send_String_On_Debug_Port        0x08002994   Section        0  uart.o(i.fn_uc_Send_String_On_Debug_Port)
    i.get_Received_CAN_Data                  0x080029bc   Section        0  stm32f10x_can.o(i.get_Received_CAN_Data)
    i.main                                   0x08002a3c   Section        0  main.o(i.main)
    .constdata                               0x08002ab8   Section       74  main.o(.constdata)
    .constdata                               0x08002b02   Section       20  stm32f10x_rcc.o(.constdata)
    ADCPrescTable                            0x08002b02   Data           4  stm32f10x_rcc.o(.constdata)
    APBAHBPrescTable                         0x08002b06   Data          16  stm32f10x_rcc.o(.constdata)
    .data                                    0x20000000   Section       16  main.o(.data)
    .data                                    0x20000010   Section        4  main.o(.data)
    .data                                    0x20000014   Section        4  main.o(.data)
    .data                                    0x20000018   Section        8  main.o(.data)
    .data                                    0x20000020   Section        1  main.o(.data)
    .data                                    0x20000022   Section        4  main.o(.data)
    .data                                    0x20000028   Section        8  main.o(.data)
    .data                                    0x20000030   Section        1  main.o(.data)
    .data                                    0x20000034   Section       52  alcohol_detection_algorithm.o(.data)
    l_s_uc_Toggle                            0x2000003a   Data           1  alcohol_detection_algorithm.o(.data)
    l_s_uc_Start_Vibrations                  0x2000003b   Data           1  alcohol_detection_algorithm.o(.data)
    .data                                    0x20000068   Section        1  alcohol_detection_algorithm.o(.data)
    .data                                    0x2000006c   Section        8  stm32f10x_rcc.o(.data)
    HSEStatus                                0x2000006c   Data           1  stm32f10x_rcc.o(.data)
    StartUpCounter                           0x20000070   Data           4  stm32f10x_rcc.o(.data)
    .data                                    0x20000074   Section        4  uart.o(.data)
    .data                                    0x20000078   Section        4  uart.o(.data)
    .bss                                     0x2000007c   Section      100  main.o(.bss)
    .bss                                     0x200000e0   Section       20  main.o(.bss)
    .bss                                     0x200000f4   Section       12  main.o(.bss)
    .bss                                     0x20000100   Section       16  main.o(.bss)
    .bss                                     0x20000110   Section       16  main.o(.bss)
    .bss                                     0x20000120   Section     2088  alcohol_detection_algorithm.o(.bss)
    .bss                                     0x20000948   Section     1500  uart.o(.bss)
    .bss                                     0x20000f24   Section     1500  uart.o(.bss)
    STACK                                    0x20001500   Section     1024  stm32f10x_vector.o(STACK)

    Global Symbols

    Symbol Name                              Value     Ov Type        Size  Object(Section)

    BuildAttributes$$THM_ISAv4$P$D$K$B$S$PE$A:L22UL41UL21$X:L11$S22US41US21$IEEE1$IW$USESV6$~STKCKD$USESV7$~SHL$OTIME$ROPI$EBA8$MICROLIB$REQ8$PRES8$EABIv2 0x00000000   Number         0  anon$$obj.o ABSOLUTE
    __ARM_use_no_argv                        0x00000000   Number         0  main.o ABSOLUTE
    _printf_a                                0x00000000   Number         0  stubs.o ABSOLUTE
    _printf_c                                0x00000000   Number         0  stubs.o ABSOLUTE
    _printf_charcount                        0x00000000   Number         0  stubs.o ABSOLUTE
    _printf_d                                0x00000000   Number         0  stubs.o ABSOLUTE
    _printf_e                                0x00000000   Number         0  stubs.o ABSOLUTE
    _printf_f                                0x00000000   Number         0  stubs.o ABSOLUTE
    _printf_flags                            0x00000000   Number         0  stubs.o ABSOLUTE
    _printf_fp_dec                           0x00000000   Number         0  stubs.o ABSOLUTE
    _printf_fp_hex                           0x00000000   Number         0  stubs.o ABSOLUTE
    _printf_g                                0x00000000   Number         0  stubs.o ABSOLUTE
    _printf_i                                0x00000000   Number         0  stubs.o ABSOLUTE
    _printf_int_dec                          0x00000000   Number         0  stubs.o ABSOLUTE
    _printf_l                                0x00000000   Number         0  stubs.o ABSOLUTE
    _printf_lc                               0x00000000   Number         0  stubs.o ABSOLUTE
    _printf_ll                               0x00000000   Number         0  stubs.o ABSOLUTE
    _printf_lld                              0x00000000   Number         0  stubs.o ABSOLUTE
    _printf_lli                              0x00000000   Number         0  stubs.o ABSOLUTE
    _printf_llo                              0x00000000   Number         0  stubs.o ABSOLUTE
    _printf_llu                              0x00000000   Number         0  stubs.o ABSOLUTE
    _printf_llx                              0x00000000   Number         0  stubs.o ABSOLUTE
    _printf_longlong_dec                     0x00000000   Number         0  stubs.o ABSOLUTE
    _printf_longlong_hex                     0x00000000   Number         0  stubs.o ABSOLUTE
    _printf_longlong_oct                     0x00000000   Number         0  stubs.o ABSOLUTE
    _printf_ls                               0x00000000   Number         0  stubs.o ABSOLUTE
    _printf_mbtowc                           0x00000000   Number         0  stubs.o ABSOLUTE
    _printf_n                                0x00000000   Number         0  stubs.o ABSOLUTE
    _printf_o                                0x00000000   Number         0  stubs.o ABSOLUTE
    _printf_p                                0x00000000   Number         0  stubs.o ABSOLUTE
    _printf_percent                          0x00000000   Number         0  stubs.o ABSOLUTE
    _printf_pre_padding                      0x00000000   Number         0  stubs.o ABSOLUTE
    _printf_return_value                     0x00000000   Number         0  stubs.o ABSOLUTE
    _printf_s                                0x00000000   Number         0  stubs.o ABSOLUTE
    _printf_sizespec                         0x00000000   Number         0  stubs.o ABSOLUTE
    _printf_str                              0x00000000   Number         0  stubs.o ABSOLUTE
    _printf_truncate_signed                  0x00000000   Number         0  stubs.o ABSOLUTE
    _printf_truncate_unsigned                0x00000000   Number         0  stubs.o ABSOLUTE
    _printf_u                                0x00000000   Number         0  stubs.o ABSOLUTE
    _printf_wc                               0x00000000   Number         0  stubs.o ABSOLUTE
    _printf_wctomb                           0x00000000   Number         0  stubs.o ABSOLUTE
    _printf_widthprec                        0x00000000   Number         0  stubs.o ABSOLUTE
    _printf_x                                0x00000000   Number         0  stubs.o ABSOLUTE
    __cpp_initialize__aeabi_                  - Undefined Weak Reference
    __cxa_finalize                            - Undefined Weak Reference
    __decompress                              - Undefined Weak Reference
    _clock_init                               - Undefined Weak Reference
    _microlib_exit                            - Undefined Weak Reference
    __Vectors                                0x08000000   Data           4  stm32f10x_vector.o(RESET)
    __main                                   0x08000131   Thumb Code     0  entry.o(.ARM.Collect$$$$00000000)
    _main_stk                                0x08000131   Thumb Code     0  entry2.o(.ARM.Collect$$$$00000001)
    _main_scatterload                        0x08000135   Thumb Code     0  entry5.o(.ARM.Collect$$$$00000004)
    __main_after_scatterload                 0x08000139   Thumb Code     0  entry5.o(.ARM.Collect$$$$00000004)
    _main_clock                              0x08000139   Thumb Code     0  entry7b.o(.ARM.Collect$$$$00000008)
    _main_cpp_init                           0x08000139   Thumb Code     0  entry8b.o(.ARM.Collect$$$$0000000A)
    _main_init                               0x08000139   Thumb Code     0  entry9a.o(.ARM.Collect$$$$0000000B)
    __rt_final_cpp                           0x08000141   Thumb Code     0  entry10a.o(.ARM.Collect$$$$0000000D)
    __rt_final_exit                          0x08000141   Thumb Code     0  entry11a.o(.ARM.Collect$$$$0000000F)
    Reset_Handler                            0x08000145   Thumb Code     4  stm32f10x_vector.o(.text)
    __aeabi_dmul                             0x0800014d   Thumb Code   228  dmul.o(.text)
    __aeabi_i2d                              0x08000231   Thumb Code    34  dflti.o(.text)
    __aeabi_f2d                              0x08000253   Thumb Code    38  f2d.o(.text)
    __aeabi_d2f                              0x08000279   Thumb Code    56  d2f.o(.text)
    __aeabi_uidiv                            0x080002b1   Thumb Code     0  uidiv.o(.text)
    __aeabi_uidivmod                         0x080002b1   Thumb Code    44  uidiv.o(.text)
    __aeabi_uldivmod                         0x080002dd   Thumb Code    98  uldiv.o(.text)
    __I$use$fp                               0x0800033f   Thumb Code     0  iusefp.o(.text)
    _float_round                             0x0800033f   Thumb Code    18  fepilogue.o(.text)
    _float_epilogue                          0x08000351   Thumb Code    90  fepilogue.o(.text)
    _double_round                            0x080003ab   Thumb Code    26  depilogue.o(.text)
    _double_epilogue                         0x080003c5   Thumb Code   164  depilogue.o(.text)
    __aeabi_dadd                             0x08000469   Thumb Code   322  dadd.o(.text)
    __aeabi_dsub                             0x080005ab   Thumb Code     6  dadd.o(.text)
    __aeabi_drsub                            0x080005b1   Thumb Code     6  dadd.o(.text)
    __aeabi_ddiv                             0x080005b7   Thumb Code   222  ddiv.o(.text)
    __aeabi_d2ulz                            0x08000695   Thumb Code    48  dfixul.o(.text)
    __aeabi_cdrcmple                         0x080006c5   Thumb Code    38  cdrcmple.o(.text)
    __scatterload                            0x080006ed   Thumb Code    28  init.o(.text)
    __scatterload_rt2                        0x080006ed   Thumb Code     0  init.o(.text)
    __aeabi_llsl                             0x08000711   Thumb Code    30  llshl.o(.text)
    _ll_shift_l                              0x08000711   Thumb Code     0  llshl.o(.text)
    __aeabi_llsr                             0x0800072f   Thumb Code    32  llushr.o(.text)
    _ll_ushift_r                             0x0800072f   Thumb Code     0  llushr.o(.text)
    __aeabi_lasr                             0x0800074f   Thumb Code    36  llsshr.o(.text)
    _ll_sshift_r                             0x0800074f   Thumb Code     0  llsshr.o(.text)
    ADC1_2_IRQHandler                        0x08000773   Thumb Code     2  stm32f10x_it.o(i.ADC1_2_IRQHandler)
    ADC3_IRQHandler                          0x08000775   Thumb Code     2  stm32f10x_it.o(i.ADC3_IRQHandler)
    ADC_ClearFlag                            0x08000777   Thumb Code     6  stm32f10x_adc.o(i.ADC_ClearFlag)
    ADC_Cmd                                  0x0800077d   Thumb Code    28  stm32f10x_adc.o(i.ADC_Cmd)
    ADC_DeInit                               0x080007b9   Thumb Code    56  stm32f10x_adc.o(i.ADC_DeInit)
    ADC_GetCalibrationStatus                 0x080007f5   Thumb Code    14  stm32f10x_adc.o(i.ADC_GetCalibrationStatus)
    ADC_GetConversionValue                   0x08000803   Thumb Code     6  stm32f10x_adc.o(i.ADC_GetConversionValue)
    ADC_GetFlagStatus                        0x08000809   Thumb Code    14  stm32f10x_adc.o(i.ADC_GetFlagStatus)
    ADC_GetResetCalibrationStatus            0x08000817   Thumb Code    14  stm32f10x_adc.o(i.ADC_GetResetCalibrationStatus)
    ADC_Init                                 0x08000825   Thumb Code    62  stm32f10x_adc.o(i.ADC_Init)
    ADC_RegularChannelConfig                 0x0800086d   Thumb Code   116  stm32f10x_adc.o(i.ADC_RegularChannelConfig)
    ADC_ResetCalibration                     0x080008e1   Thumb Code    10  stm32f10x_adc.o(i.ADC_ResetCalibration)
    ADC_SoftwareStartConvCmd                 0x080008eb   Thumb Code    20  stm32f10x_adc.o(i.ADC_SoftwareStartConvCmd)
    ADC_StartCalibration                     0x080008ff   Thumb Code    10  stm32f10x_adc.o(i.ADC_StartCalibration)
    BusFaultException                        0x08000909   Thumb Code     2  stm32f10x_it.o(i.BusFaultException)
    CAN_ClearITPendingBit                    0x0800090d   Thumb Code   150  stm32f10x_can.o(i.CAN_ClearITPendingBit)
    CAN_Config                               0x080009ad   Thumb Code   150  can_configuration.o(i.CAN_Config)
    CAN_DeInit                               0x08000a4d   Thumb Code    24  stm32f10x_can.o(i.CAN_DeInit)
    CAN_FIFORelease                          0x08000a65   Thumb Code    16  stm32f10x_can.o(i.CAN_FIFORelease)
    CAN_FilterInit                           0x08000a79   Thumb Code   192  stm32f10x_can.o(i.CAN_FilterInit)
    CAN_ITConfig                             0x08000b3d   Thumb Code    18  stm32f10x_can.o(i.CAN_ITConfig)
    CAN_Init                                 0x08000b55   Thumb Code   204  stm32f10x_can.o(i.CAN_Init)
    CAN_RX1_IRQHandler                       0x08000c25   Thumb Code     2  stm32f10x_it.o(i.CAN_RX1_IRQHandler)
    CAN_SCE_IRQHandler                       0x08000c27   Thumb Code     2  stm32f10x_it.o(i.CAN_SCE_IRQHandler)
    CAN_StructInit                           0x08000c29   Thumb Code    32  stm32f10x_can.o(i.CAN_StructInit)
    CAN_Transmit                             0x08000c49   Thumb Code   170  stm32f10x_can.o(i.CAN_Transmit)
    CAN_TransmitStatus                       0x08000cfd   Thumb Code   120  stm32f10x_can.o(i.CAN_TransmitStatus)
    DMA1_Channel1_IRQHandler                 0x08000d79   Thumb Code     2  stm32f10x_it.o(i.DMA1_Channel1_IRQHandler)
    DMA1_Channel2_IRQHandler                 0x08000d7b   Thumb Code     2  stm32f10x_it.o(i.DMA1_Channel2_IRQHandler)
    DMA1_Channel3_IRQHandler                 0x08000d7d   Thumb Code     2  stm32f10x_it.o(i.DMA1_Channel3_IRQHandler)
    DMA1_Channel4_IRQHandler                 0x08000d7f   Thumb Code     2  stm32f10x_it.o(i.DMA1_Channel4_IRQHandler)
    DMA1_Channel5_IRQHandler                 0x08000d81   Thumb Code     2  stm32f10x_it.o(i.DMA1_Channel5_IRQHandler)
    DMA1_Channel6_IRQHandler                 0x08000d83   Thumb Code     2  stm32f10x_it.o(i.DMA1_Channel6_IRQHandler)
    DMA1_Channel7_IRQHandler                 0x08000d85   Thumb Code     2  stm32f10x_it.o(i.DMA1_Channel7_IRQHandler)
    DMA2_Channel1_IRQHandler                 0x08000d87   Thumb Code     2  stm32f10x_it.o(i.DMA2_Channel1_IRQHandler)
    DMA2_Channel2_IRQHandler                 0x08000d89   Thumb Code     2  stm32f10x_it.o(i.DMA2_Channel2_IRQHandler)
    DMA2_Channel3_IRQHandler                 0x08000d8b   Thumb Code     2  stm32f10x_it.o(i.DMA2_Channel3_IRQHandler)
    DMA2_Channel4_5_IRQHandler               0x08000d8d   Thumb Code     2  stm32f10x_it.o(i.DMA2_Channel4_5_IRQHandler)
    DebugMonitor                             0x08000d8f   Thumb Code     2  stm32f10x_it.o(i.DebugMonitor)
    EXTI0_IRQHandler                         0x08000d91   Thumb Code    18  stm32f10x_it.o(i.EXTI0_IRQHandler)
    EXTI15_10_IRQHandler                     0x08000da3   Thumb Code    28  stm32f10x_it.o(i.EXTI15_10_IRQHandler)
    EXTI1_IRQHandler                         0x08000dbf   Thumb Code     2  stm32f10x_it.o(i.EXTI1_IRQHandler)
    EXTI2_IRQHandler                         0x08000dc1   Thumb Code     2  stm32f10x_it.o(i.EXTI2_IRQHandler)
    EXTI3_IRQHandler                         0x08000dc3   Thumb Code     2  stm32f10x_it.o(i.EXTI3_IRQHandler)
    EXTI4_IRQHandler                         0x08000dc5   Thumb Code     6  stm32f10x_it.o(i.EXTI4_IRQHandler)
    EXTI9_5_IRQHandler                       0x08000dcb   Thumb Code    32  stm32f10x_it.o(i.EXTI9_5_IRQHandler)
    EXTI_ClearITPendingBit                   0x08000ded   Thumb Code     6  stm32f10x_exti.o(i.EXTI_ClearITPendingBit)
    EXTI_Configuration                       0x08000df9   Thumb Code    38  initstm32.o(i.EXTI_Configuration)
    EXTI_GetITStatus                         0x08000e25   Thumb Code    28  stm32f10x_exti.o(i.EXTI_GetITStatus)
    EXTI_Init                                0x08000e45   Thumb Code   108  stm32f10x_exti.o(i.EXTI_Init)
    FLASH_IRQHandler                         0x08000eb5   Thumb Code     2  stm32f10x_it.o(i.FLASH_IRQHandler)
    FLASH_PrefetchBufferCmd                  0x08000eb9   Thumb Code    18  stm32f10x_flash.o(i.FLASH_PrefetchBufferCmd)
    FLASH_SetLatency                         0x08000ed1   Thumb Code    18  stm32f10x_flash.o(i.FLASH_SetLatency)
    FSMC_IRQHandler                          0x08000ee9   Thumb Code     2  stm32f10x_it.o(i.FSMC_IRQHandler)
    GPIO_Configuration                       0x08000eed   Thumb Code   318  initstm32.o(i.GPIO_Configuration)
    GPIO_EXTILineConfig                      0x08001041   Thumb Code    34  stm32f10x_gpio.o(i.GPIO_EXTILineConfig)
    GPIO_Init                                0x08001069   Thumb Code   158  stm32f10x_gpio.o(i.GPIO_Init)
    GPIO_PinRemapConfig                      0x08001109   Thumb Code    66  stm32f10x_gpio.o(i.GPIO_PinRemapConfig)
    GPIO_WriteBit                            0x08001151   Thumb Code    10  stm32f10x_gpio.o(i.GPIO_WriteBit)
    HardFaultException                       0x0800115b   Thumb Code     2  stm32f10x_it.o(i.HardFaultException)
    I2C1_ER_IRQHandler                       0x0800115d   Thumb Code     2  stm32f10x_it.o(i.I2C1_ER_IRQHandler)
    I2C1_EV_IRQHandler                       0x0800115f   Thumb Code     2  stm32f10x_it.o(i.I2C1_EV_IRQHandler)
    I2C2_ER_IRQHandler                       0x08001161   Thumb Code     2  stm32f10x_it.o(i.I2C2_ER_IRQHandler)
    I2C2_EV_IRQHandler                       0x08001163   Thumb Code     2  stm32f10x_it.o(i.I2C2_EV_IRQHandler)
    InitSysTickTimer                         0x08001165   Thumb Code    32  initstm32.o(i.InitSysTickTimer)
    MemManageException                       0x08001185   Thumb Code     2  stm32f10x_it.o(i.MemManageException)
    NMIException                             0x08001187   Thumb Code     2  stm32f10x_it.o(i.NMIException)
    NVIC_Configuration                       0x08001189   Thumb Code   196  initstm32.o(i.NVIC_Configuration)
    NVIC_GenerateSystemReset                 0x0800124d   Thumb Code     8  stm32f10x_nvic.o(i.NVIC_GenerateSystemReset)
    NVIC_Init                                0x0800125d   Thumb Code   114  stm32f10x_nvic.o(i.NVIC_Init)
    NVIC_PriorityGroupConfig                 0x080012d9   Thumb Code    10  stm32f10x_nvic.o(i.NVIC_PriorityGroupConfig)
    NVIC_SetVectorTable                      0x080012ed   Thumb Code    12  stm32f10x_nvic.o(i.NVIC_SetVectorTable)
    PVD_IRQHandler                           0x08001301   Thumb Code     2  stm32f10x_it.o(i.PVD_IRQHandler)
    PendSVC                                  0x08001303   Thumb Code     2  stm32f10x_it.o(i.PendSVC)
    RCC_ADCCLKConfig                         0x08001305   Thumb Code    14  stm32f10x_rcc.o(i.RCC_ADCCLKConfig)
    RCC_APB1PeriphClockCmd                   0x08001319   Thumb Code    18  stm32f10x_rcc.o(i.RCC_APB1PeriphClockCmd)
    RCC_APB1PeriphResetCmd                   0x08001331   Thumb Code    18  stm32f10x_rcc.o(i.RCC_APB1PeriphResetCmd)
    RCC_APB2PeriphClockCmd                   0x08001349   Thumb Code    18  stm32f10x_rcc.o(i.RCC_APB2PeriphClockCmd)
    RCC_APB2PeriphResetCmd                   0x08001361   Thumb Code    18  stm32f10x_rcc.o(i.RCC_APB2PeriphResetCmd)
    RCC_Configuration                        0x08001379   Thumb Code   162  initstm32.o(i.RCC_Configuration)
    RCC_DeInit                               0x08001425   Thumb Code    48  stm32f10x_rcc.o(i.RCC_DeInit)
    RCC_GetClocksFreq                        0x08001461   Thumb Code   128  stm32f10x_rcc.o(i.RCC_GetClocksFreq)
    RCC_GetFlagStatus                        0x080014f1   Thumb Code    44  stm32f10x_rcc.o(i.RCC_GetFlagStatus)
    RCC_GetSYSCLKSource                      0x08001521   Thumb Code    10  stm32f10x_rcc.o(i.RCC_GetSYSCLKSource)
    RCC_HCLKConfig                           0x08001531   Thumb Code    14  stm32f10x_rcc.o(i.RCC_HCLKConfig)
    RCC_HSEConfig                            0x08001545   Thumb Code    48  stm32f10x_rcc.o(i.RCC_HSEConfig)
    RCC_IRQHandler                           0x08001579   Thumb Code     2  stm32f10x_it.o(i.RCC_IRQHandler)
    RCC_PCLK1Config                          0x0800157d   Thumb Code    14  stm32f10x_rcc.o(i.RCC_PCLK1Config)
    RCC_PCLK2Config                          0x08001591   Thumb Code    16  stm32f10x_rcc.o(i.RCC_PCLK2Config)
    RCC_PLLCmd                               0x080015a5   Thumb Code     6  stm32f10x_rcc.o(i.RCC_PLLCmd)
    RCC_PLLConfig                            0x080015b1   Thumb Code    16  stm32f10x_rcc.o(i.RCC_PLLConfig)
    RCC_SYSCLKConfig                         0x080015c5   Thumb Code    14  stm32f10x_rcc.o(i.RCC_SYSCLKConfig)
    RCC_WaitForHSEStartUp                    0x080015d9   Thumb Code    46  stm32f10x_rcc.o(i.RCC_WaitForHSEStartUp)
    RTCAlarm_IRQHandler                      0x0800160d   Thumb Code     2  stm32f10x_it.o(i.RTCAlarm_IRQHandler)
    RTC_IRQHandler                           0x0800160f   Thumb Code     2  stm32f10x_it.o(i.RTC_IRQHandler)
    SDIO_IRQHandler                          0x08001611   Thumb Code     2  stm32f10x_it.o(i.SDIO_IRQHandler)
    SPI1_IRQHandler                          0x08001613   Thumb Code     2  stm32f10x_it.o(i.SPI1_IRQHandler)
    SPI2_IRQHandler                          0x08001615   Thumb Code     2  stm32f10x_it.o(i.SPI2_IRQHandler)
    SPI3_IRQHandler                          0x08001617   Thumb Code     2  stm32f10x_it.o(i.SPI3_IRQHandler)
    SVCHandler                               0x08001619   Thumb Code     2  stm32f10x_it.o(i.SVCHandler)
    SysTickHandler                           0x0800161d   Thumb Code   134  stm32f10x_it.o(i.SysTickHandler)
    SysTick_CounterCmd                       0x080016d1   Thumb Code    36  stm32f10x_systick.o(i.SysTick_CounterCmd)
    SysTick_ITConfig                         0x080016f5   Thumb Code    24  stm32f10x_systick.o(i.SysTick_ITConfig)
    SysTick_SetReload                        0x0800170d   Thumb Code     8  stm32f10x_systick.o(i.SysTick_SetReload)
    TAMPER_IRQHandler                        0x08001715   Thumb Code     2  stm32f10x_it.o(i.TAMPER_IRQHandler)
    TIM1_BRK_IRQHandler                      0x08001717   Thumb Code     2  stm32f10x_it.o(i.TIM1_BRK_IRQHandler)
    TIM1_CC_IRQHandler                       0x08001719   Thumb Code     2  stm32f10x_it.o(i.TIM1_CC_IRQHandler)
    TIM1_TRG_COM_IRQHandler                  0x0800171b   Thumb Code     2  stm32f10x_it.o(i.TIM1_TRG_COM_IRQHandler)
    TIM1_UP_IRQHandler                       0x0800171d   Thumb Code     2  stm32f10x_it.o(i.TIM1_UP_IRQHandler)
    TIM2_IRQHandler                          0x0800171f   Thumb Code     2  stm32f10x_it.o(i.TIM2_IRQHandler)
    TIM3_IRQHandler                          0x08001721   Thumb Code     8  stm32f10x_it.o(i.TIM3_IRQHandler)
    TIM4_IRQHandler                          0x0800172d   Thumb Code     8  stm32f10x_it.o(i.TIM4_IRQHandler)
    TIM5_IRQHandler                          0x08001739   Thumb Code     2  stm32f10x_it.o(i.TIM5_IRQHandler)
    TIM6_IRQHandler                          0x0800173b   Thumb Code     2  stm32f10x_it.o(i.TIM6_IRQHandler)
    TIM7_IRQHandler                          0x0800173d   Thumb Code     2  stm32f10x_it.o(i.TIM7_IRQHandler)
    TIM8_BRK_IRQHandler                      0x0800173f   Thumb Code     2  stm32f10x_it.o(i.TIM8_BRK_IRQHandler)
    TIM8_CC_IRQHandler                       0x08001741   Thumb Code     2  stm32f10x_it.o(i.TIM8_CC_IRQHandler)
    TIM8_TRG_COM_IRQHandler                  0x08001743   Thumb Code     2  stm32f10x_it.o(i.TIM8_TRG_COM_IRQHandler)
    TIM8_UP_IRQHandler                       0x08001745   Thumb Code     2  stm32f10x_it.o(i.TIM8_UP_IRQHandler)
    TIM_ClearITPendingBit                    0x08001747   Thumb Code     6  stm32f10x_tim.o(i.TIM_ClearITPendingBit)
    UART4_IRQHandler                         0x0800174d   Thumb Code     2  stm32f10x_it.o(i.UART4_IRQHandler)
    UART5_IRQHandler                         0x0800174f   Thumb Code     2  stm32f10x_it.o(i.UART5_IRQHandler)
    USART1_IRQHandler                        0x08001751   Thumb Code    64  stm32f10x_it.o(i.USART1_IRQHandler)
    USART2_IRQHandler                        0x0800179d   Thumb Code    64  stm32f10x_it.o(i.USART2_IRQHandler)
    USART3_IRQHandler                        0x080017e9   Thumb Code    28  stm32f10x_it.o(i.USART3_IRQHandler)
    USART_ClearITPendingBit                  0x08001809   Thumb Code    12  stm32f10x_usart.o(i.USART_ClearITPendingBit)
    USART_Cmd                                0x08001815   Thumb Code    20  stm32f10x_usart.o(i.USART_Cmd)
    USART_Configuration                      0x08001829   Thumb Code   150  initstm32.o(i.USART_Configuration)
    USART_GetFlagStatus                      0x080018d1   Thumb Code    14  stm32f10x_usart.o(i.USART_GetFlagStatus)
    USART_GetITStatus                        0x080018df   Thumb Code    62  stm32f10x_usart.o(i.USART_GetITStatus)
    USART_ITConfig                           0x0800191d   Thumb Code    48  stm32f10x_usart.o(i.USART_ITConfig)
    USART_Init                               0x0800194d   Thumb Code   134  stm32f10x_usart.o(i.USART_Init)
    USART_ReceiveData                        0x080019d9   Thumb Code     8  stm32f10x_usart.o(i.USART_ReceiveData)
    USART_SendData                           0x080019e1   Thumb Code     8  stm32f10x_usart.o(i.USART_SendData)
    USBWakeUp_IRQHandler                     0x080019e9   Thumb Code     2  stm32f10x_it.o(i.USBWakeUp_IRQHandler)
    USB_HP_CAN_TX_IRQHandler                 0x080019eb   Thumb Code     2  stm32f10x_it.o(i.USB_HP_CAN_TX_IRQHandler)
    USB_LP_CAN_RX0_IRQHandler                0x080019ed   Thumb Code   114  stm32f10x_it.o(i.USB_LP_CAN_RX0_IRQHandler)
    UsageFaultException                      0x08001a6d   Thumb Code     2  stm32f10x_it.o(i.UsageFaultException)
    WWDG_IRQHandler                          0x08001a6f   Thumb Code     2  stm32f10x_it.o(i.WWDG_IRQHandler)
    __0sprintf                               0x08001a71   Thumb Code    34  printfa.o(i.__0sprintf)
    __1sprintf                               0x08001a71   Thumb Code     0  printfa.o(i.__0sprintf)
    __2sprintf                               0x08001a71   Thumb Code     0  printfa.o(i.__0sprintf)
    __c89sprintf                             0x08001a71   Thumb Code     0  printfa.o(i.__0sprintf)
    sprintf                                  0x08001a71   Thumb Code     0  printfa.o(i.__0sprintf)
    __scatterload_copy                       0x08001a99   Thumb Code    14  handlers.o(i.__scatterload_copy)
    __scatterload_null                       0x08001aa7   Thumb Code     2  handlers.o(i.__scatterload_null)
    __scatterload_zeroinit                   0x08001aa9   Thumb Code    14  handlers.o(i.__scatterload_zeroinit)
    fn_Get_ADC_Channel_Data                  0x08002365   Thumb Code   102  hal_adc.o(i.fn_Get_ADC_Channel_Data)
    fn_Handle_Heartbeat_LED                  0x080023e1   Thumb Code    42  main.o(i.fn_Handle_Heartbeat_LED)
    fn_Init_SPI_Pins                         0x08002415   Thumb Code    74  hal_spi.o(i.fn_Init_SPI_Pins)
    fn_Select_Deselect_SPI_Device            0x08002469   Thumb Code    44  hal_spi.o(i.fn_Select_Deselect_SPI_Device)
    fn_uc_Get_Alcohol_Sensor_Raw_ADC_Data    0x08002499   Thumb Code    80  alcohol_detection_algorithm.o(i.fn_uc_Get_Alcohol_Sensor_Raw_ADC_Data)
    fn_uc_Handle_Alcohol_Test                0x08002501   Thumb Code   612  alcohol_detection_algorithm.o(i.fn_uc_Handle_Alcohol_Test)
    fn_uc_Initialize_ADC1_Module             0x080027d1   Thumb Code   172  hal_adc.o(i.fn_uc_Initialize_ADC1_Module)
    fn_uc_Initialize_Simulated_I2C_Bus_Port_Pins 0x08002889   Thumb Code    28  hal_i2c.o(i.fn_uc_Initialize_Simulated_I2C_Bus_Port_Pins)
    fn_uc_RGB_LED_Off                        0x080028ad   Thumb Code    42  main.o(i.fn_uc_RGB_LED_Off)
    fn_uc_Send_Heartbeat_To_ECU              0x080028dd   Thumb Code   126  can_configuration.o(i.fn_uc_Send_Heartbeat_To_ECU)
    fn_uc_Send_String_On_Debug_Port          0x08002995   Thumb Code    36  uart.o(i.fn_uc_Send_String_On_Debug_Port)
    get_Received_CAN_Data                    0x080029bd   Thumb Code   122  stm32f10x_can.o(i.get_Received_CAN_Data)
    main                                     0x08002a3d   Thumb Code   112  main.o(i.main)
    Region$$Table$$Base                      0x08002b18   Number         0  anon$$obj.o(Region$$Table)
    Region$$Table$$Limit                     0x08002b38   Number         0  anon$$obj.o(Region$$Table)
    g_uc_Power_ON_Flag                       0x20000000   Data           1  main.o(.data)
    g_uc_Main_State_Machine                  0x20000001   Data           1  main.o(.data)
    g_uc_Flag_LED_State                      0x20000002   Data           1  main.o(.data)
    g_vui_mSec                               0x20000004   Data           4  main.o(.data)
    g_vui_Ticker_Heartbeat_LED               0x20000008   Data           4  main.o(.data)
    g_vui_Ticker_Power_ON_Wait_Time          0x2000000c   Data           4  main.o(.data)
    g_vui_Ticker_Accessory_Board_Heartbeat   0x20000010   Data           4  main.o(.data)
    g_vui_Ticker_Get_Sensor_Data_Cmd_Interval 0x20000014   Data           4  main.o(.data)
    g_uc_ECU_Data_Msg                        0x20000018   Data           8  main.o(.data)
    g_vuc_clock_stable                       0x20000020   Data           1  main.o(.data)
    GPIO_InitStructure                       0x20000022   Data           4  main.o(.data)
    EXTI_InitStructure                       0x20000028   Data           8  main.o(.data)
    HSEStartUpStatus                         0x20000030   Data           1  main.o(.data)
    g_uc_Alcohol_State_Machine               0x20000034   Data           1  alcohol_detection_algorithm.o(.data)
    g_uc_Flag_Air_Sampling_Pump_State        0x20000035   Data           1  alcohol_detection_algorithm.o(.data)
    g_uc_Flag_Start_Alcohol_Test             0x20000036   Data           1  alcohol_detection_algorithm.o(.data)
    g_uc_Alcohol_Test_Status                 0x20000037   Data           1  alcohol_detection_algorithm.o(.data)
    g_uc_Take_Initial_Readings               0x20000038   Data           1  alcohol_detection_algorithm.o(.data)
    g_uc_Clear_Out_Residue                   0x20000039   Data           1  alcohol_detection_algorithm.o(.data)
    g_us_Alcohol_Sensor_Raw_ADC_Data         0x2000003c   Data           2  alcohol_detection_algorithm.o(.data)
    g_us_Measured_Alcohol_Level              0x2000003e   Data           2  alcohol_detection_algorithm.o(.data)
    g_us_10ms_Index                          0x20000040   Data           2  alcohol_detection_algorithm.o(.data)
    g_us_1msec_Reading_Index                 0x20000042   Data           2  alcohol_detection_algorithm.o(.data)
    g_vui_Ticker_Alcohol_Test_Timeout_Timer  0x20000044   Data           4  alcohol_detection_algorithm.o(.data)
    g_vui_Ticker_Alcohol_Sensor_Data_Sampling_Timer 0x20000048   Data           4  alcohol_detection_algorithm.o(.data)
    g_vui_Ticker_Timeout_For_Pump_Activation_Timer 0x2000004c   Data           4  alcohol_detection_algorithm.o(.data)
    g_vui_Ticker_Alcohol_Sensor_Sampling_Interval_Integration 0x20000050   Data           4  alcohol_detection_algorithm.o(.data)
    g_v_ui_Ticker_Stop_Vibrations            0x20000054   Data           4  alcohol_detection_algorithm.o(.data)
    g_ui_Average_Val                         0x20000058   Data           4  alcohol_detection_algorithm.o(.data)
    g_ui_Base_Reading                        0x2000005c   Data           4  alcohol_detection_algorithm.o(.data)
    g_f_BAC                                  0x20000060   Data           4  alcohol_detection_algorithm.o(.data)
    g_vui_Ticker_Pump_Turn_On_Timeout        0x20000064   Data           4  alcohol_detection_algorithm.o(.data)
    g_uc_Alcohol_Threshold_Mode              0x20000068   Data           1  alcohol_detection_algorithm.o(.data)
    g_uc_Uart1_Wr_Data_Index                 0x20000074   Data           4  uart.o(.data)
    g_uc_Uart2_Wr_Data_Index                 0x20000078   Data           4  uart.o(.data)
    g_uc_Transmit_Buffer                     0x2000007c   Data         100  main.o(.bss)
    Can_Tx_Msg                               0x200000e0   Data          20  main.o(.bss)
    CAN_InitStructure                        0x200000f4   Data          12  main.o(.bss)
    CAN_FilterInitStructure                  0x20000100   Data          16  main.o(.bss)
    USART_InitStructure                      0x20000110   Data          16  main.o(.bss)
    g_a_us_1msec_Readings                    0x20000120   Data          40  alcohol_detection_algorithm.o(.bss)
    g_a_us_10msec_Readings                   0x20000148   Data        2020  alcohol_detection_algorithm.o(.bss)
    gost_Pressure_Calculated_Values          0x20000930   Data          24  alcohol_detection_algorithm.o(.bss)
    g_uc_Uart1_Rx_Buf                        0x20000948   Data        1500  uart.o(.bss)
    g_uc_Uart2_Rx_Buf                        0x20000f24   Data        1500  uart.o(.bss)
    __initial_sp                             0x20001900   Data           0  stm32f10x_vector.o(STACK)



==============================================================================

Memory Map of the image

  Image Entry point : 0x08000131

  Load Region LR_IROM1 (Base: 0x08000000, Size: 0x00002bb4, Max: 0x00010000, ABSOLUTE)

    Execution Region ER_IROM1 (Base: 0x08000000, Size: 0x00002b38, Max: 0x00010000, ABSOLUTE)

    Base Addr    Size         Type   Attr      Idx    E Section Name        Object

    0x08000000   0x00000130   Data   RO           88    RESET               stm32f10x_vector.o
    0x08000130   0x00000000   Code   RO          516  * .ARM.Collect$$$$00000000  mc_w.l(entry.o)
    0x08000130   0x00000004   Code   RO          654    .ARM.Collect$$$$00000001  mc_w.l(entry2.o)
    0x08000134   0x00000004   Code   RO          657    .ARM.Collect$$$$00000004  mc_w.l(entry5.o)
    0x08000138   0x00000000   Code   RO          659    .ARM.Collect$$$$00000008  mc_w.l(entry7b.o)
    0x08000138   0x00000000   Code   RO          661    .ARM.Collect$$$$0000000A  mc_w.l(entry8b.o)
    0x08000138   0x00000008   Code   RO          662    .ARM.Collect$$$$0000000B  mc_w.l(entry9a.o)
    0x08000140   0x00000000   Code   RO          664    .ARM.Collect$$$$0000000D  mc_w.l(entry10a.o)
    0x08000140   0x00000000   Code   RO          666    .ARM.Collect$$$$0000000F  mc_w.l(entry11a.o)
    0x08000140   0x00000004   Code   RO          655    .ARM.Collect$$$$00002712  mc_w.l(entry2.o)
    0x08000144   0x00000008   Code   RO           89    .text               stm32f10x_vector.o
    0x0800014c   0x000000e4   Code   RO          650    .text               mf_w.l(dmul.o)
    0x08000230   0x00000022   Code   RO          651    .text               mf_w.l(dflti.o)
    0x08000252   0x00000026   Code   RO          652    .text               mf_w.l(f2d.o)
    0x08000278   0x00000038   Code   RO          653    .text               mf_w.l(d2f.o)
    0x080002b0   0x0000002c   Code   RO          670    .text               mc_w.l(uidiv.o)
    0x080002dc   0x00000062   Code   RO          671    .text               mc_w.l(uldiv.o)
    0x0800033e   0x00000000   Code   RO          672    .text               mc_w.l(iusefp.o)
    0x0800033e   0x0000006c   Code   RO          673    .text               mf_w.l(fepilogue.o)
    0x080003aa   0x000000be   Code   RO          674    .text               mf_w.l(depilogue.o)
    0x08000468   0x0000014e   Code   RO          675    .text               mf_w.l(dadd.o)
    0x080005b6   0x000000de   Code   RO          676    .text               mf_w.l(ddiv.o)
    0x08000694   0x00000030   Code   RO          677    .text               mf_w.l(dfixul.o)
    0x080006c4   0x00000028   Code   RO          678    .text               mf_w.l(cdrcmple.o)
    0x080006ec   0x00000024   Code   RO          679    .text               mc_w.l(init.o)
    0x08000710   0x0000001e   Code   RO          681    .text               mc_w.l(llshl.o)
    0x0800072e   0x00000020   Code   RO          682    .text               mc_w.l(llushr.o)
    0x0800074e   0x00000024   Code   RO          683    .text               mc_w.l(llsshr.o)
    0x08000772   0x00000002   Code   RO          224    i.ADC1_2_IRQHandler  stm32f10x_it.o
    0x08000774   0x00000002   Code   RO          225    i.ADC3_IRQHandler   stm32f10x_it.o
    0x08000776   0x00000006   Code   RO           94    i.ADC_ClearFlag     stm32f10x_adc.o
    0x0800077c   0x0000003c   Code   RO           96    i.ADC_Cmd           stm32f10x_adc.o
    0x080007b8   0x0000003c   Code   RO           98    i.ADC_DeInit        stm32f10x_adc.o
    0x080007f4   0x0000000e   Code   RO          104    i.ADC_GetCalibrationStatus  stm32f10x_adc.o
    0x08000802   0x00000006   Code   RO          105    i.ADC_GetConversionValue  stm32f10x_adc.o
    0x08000808   0x0000000e   Code   RO          107    i.ADC_GetFlagStatus  stm32f10x_adc.o
    0x08000816   0x0000000e   Code   RO          110    i.ADC_GetResetCalibrationStatus  stm32f10x_adc.o
    0x08000824   0x00000048   Code   RO          114    i.ADC_Init          stm32f10x_adc.o
    0x0800086c   0x00000074   Code   RO          118    i.ADC_RegularChannelConfig  stm32f10x_adc.o
    0x080008e0   0x0000000a   Code   RO          119    i.ADC_ResetCalibration  stm32f10x_adc.o
    0x080008ea   0x00000014   Code   RO          121    i.ADC_SoftwareStartConvCmd  stm32f10x_adc.o
    0x080008fe   0x0000000a   Code   RO          123    i.ADC_StartCalibration  stm32f10x_adc.o
    0x08000908   0x00000002   Code   RO          226    i.BusFaultException  stm32f10x_it.o
    0x0800090a   0x00000002   PAD
    0x0800090c   0x000000a0   Code   RO          128    i.CAN_ClearITPendingBit  stm32f10x_can.o
    0x080009ac   0x000000a0   Code   RO           40    i.CAN_Config        can_configuration.o
    0x08000a4c   0x00000018   Code   RO          129    i.CAN_DeInit        stm32f10x_can.o
    0x08000a64   0x00000014   Code   RO          130    i.CAN_FIFORelease   stm32f10x_can.o
    0x08000a78   0x000000c4   Code   RO          131    i.CAN_FilterInit    stm32f10x_can.o
    0x08000b3c   0x00000018   Code   RO          134    i.CAN_ITConfig      stm32f10x_can.o
    0x08000b54   0x000000d0   Code   RO          135    i.CAN_Init          stm32f10x_can.o
    0x08000c24   0x00000002   Code   RO          227    i.CAN_RX1_IRQHandler  stm32f10x_it.o
    0x08000c26   0x00000002   Code   RO          228    i.CAN_SCE_IRQHandler  stm32f10x_it.o
    0x08000c28   0x00000020   Code   RO          138    i.CAN_StructInit    stm32f10x_can.o
    0x08000c48   0x000000b4   Code   RO          139    i.CAN_Transmit      stm32f10x_can.o
    0x08000cfc   0x0000007c   Code   RO          140    i.CAN_TransmitStatus  stm32f10x_can.o
    0x08000d78   0x00000002   Code   RO          229    i.DMA1_Channel1_IRQHandler  stm32f10x_it.o
    0x08000d7a   0x00000002   Code   RO          230    i.DMA1_Channel2_IRQHandler  stm32f10x_it.o
    0x08000d7c   0x00000002   Code   RO          231    i.DMA1_Channel3_IRQHandler  stm32f10x_it.o
    0x08000d7e   0x00000002   Code   RO          232    i.DMA1_Channel4_IRQHandler  stm32f10x_it.o
    0x08000d80   0x00000002   Code   RO          233    i.DMA1_Channel5_IRQHandler  stm32f10x_it.o
    0x08000d82   0x00000002   Code   RO          234    i.DMA1_Channel6_IRQHandler  stm32f10x_it.o
    0x08000d84   0x00000002   Code   RO          235    i.DMA1_Channel7_IRQHandler  stm32f10x_it.o
    0x08000d86   0x00000002   Code   RO          236    i.DMA2_Channel1_IRQHandler  stm32f10x_it.o
    0x08000d88   0x00000002   Code   RO          237    i.DMA2_Channel2_IRQHandler  stm32f10x_it.o
    0x08000d8a   0x00000002   Code   RO          238    i.DMA2_Channel3_IRQHandler  stm32f10x_it.o
    0x08000d8c   0x00000002   Code   RO          239    i.DMA2_Channel4_5_IRQHandler  stm32f10x_it.o
    0x08000d8e   0x00000002   Code   RO          240    i.DebugMonitor      stm32f10x_it.o
    0x08000d90   0x00000012   Code   RO          241    i.EXTI0_IRQHandler  stm32f10x_it.o
    0x08000da2   0x0000001c   Code   RO          242    i.EXTI15_10_IRQHandler  stm32f10x_it.o
    0x08000dbe   0x00000002   Code   RO          243    i.EXTI1_IRQHandler  stm32f10x_it.o
    0x08000dc0   0x00000002   Code   RO          244    i.EXTI2_IRQHandler  stm32f10x_it.o
    0x08000dc2   0x00000002   Code   RO          245    i.EXTI3_IRQHandler  stm32f10x_it.o
    0x08000dc4   0x00000006   Code   RO          246    i.EXTI4_IRQHandler  stm32f10x_it.o
    0x08000dca   0x00000020   Code   RO          247    i.EXTI9_5_IRQHandler  stm32f10x_it.o
    0x08000dea   0x00000002   PAD
    0x08000dec   0x0000000c   Code   RO          145    i.EXTI_ClearITPendingBit  stm32f10x_exti.o
    0x08000df8   0x0000002c   Code   RO           42    i.EXTI_Configuration  initstm32.o
    0x08000e24   0x00000020   Code   RO          149    i.EXTI_GetITStatus  stm32f10x_exti.o
    0x08000e44   0x00000070   Code   RO          150    i.EXTI_Init         stm32f10x_exti.o
    0x08000eb4   0x00000002   Code   RO          248    i.FLASH_IRQHandler  stm32f10x_it.o
    0x08000eb6   0x00000002   PAD
    0x08000eb8   0x00000018   Code   RO          166    i.FLASH_PrefetchBufferCmd  stm32f10x_flash.o
    0x08000ed0   0x00000018   Code   RO          171    i.FLASH_SetLatency  stm32f10x_flash.o
    0x08000ee8   0x00000002   Code   RO          249    i.FSMC_IRQHandler   stm32f10x_it.o
    0x08000eea   0x00000002   PAD
    0x08000eec   0x00000154   Code   RO           43    i.GPIO_Configuration  initstm32.o
    0x08001040   0x00000028   Code   RO          177    i.GPIO_EXTILineConfig  stm32f10x_gpio.o
    0x08001068   0x0000009e   Code   RO          180    i.GPIO_Init         stm32f10x_gpio.o
    0x08001106   0x00000002   PAD
    0x08001108   0x00000048   Code   RO          182    i.GPIO_PinRemapConfig  stm32f10x_gpio.o
    0x08001150   0x0000000a   Code   RO          191    i.GPIO_WriteBit     stm32f10x_gpio.o
    0x0800115a   0x00000002   Code   RO          250    i.HardFaultException  stm32f10x_it.o
    0x0800115c   0x00000002   Code   RO          251    i.I2C1_ER_IRQHandler  stm32f10x_it.o
    0x0800115e   0x00000002   Code   RO          252    i.I2C1_EV_IRQHandler  stm32f10x_it.o
    0x08001160   0x00000002   Code   RO          253    i.I2C2_ER_IRQHandler  stm32f10x_it.o
    0x08001162   0x00000002   Code   RO          254    i.I2C2_EV_IRQHandler  stm32f10x_it.o
    0x08001164   0x00000020   Code   RO           44    i.InitSysTickTimer  initstm32.o
    0x08001184   0x00000002   Code   RO          255    i.MemManageException  stm32f10x_it.o
    0x08001186   0x00000002   Code   RO          256    i.NMIException      stm32f10x_it.o
    0x08001188   0x000000c4   Code   RO           45    i.NVIC_Configuration  initstm32.o
    0x0800124c   0x00000010   Code   RO          304    i.NVIC_GenerateSystemReset  stm32f10x_nvic.o
    0x0800125c   0x0000007c   Code   RO          315    i.NVIC_Init         stm32f10x_nvic.o
    0x080012d8   0x00000014   Code   RO          316    i.NVIC_PriorityGroupConfig  stm32f10x_nvic.o
    0x080012ec   0x00000014   Code   RO          324    i.NVIC_SetVectorTable  stm32f10x_nvic.o
    0x08001300   0x00000002   Code   RO          257    i.PVD_IRQHandler    stm32f10x_it.o
    0x08001302   0x00000002   Code   RO          258    i.PendSVC           stm32f10x_it.o
    0x08001304   0x00000014   Code   RO          338    i.RCC_ADCCLKConfig  stm32f10x_rcc.o
    0x08001318   0x00000018   Code   RO          340    i.RCC_APB1PeriphClockCmd  stm32f10x_rcc.o
    0x08001330   0x00000018   Code   RO          341    i.RCC_APB1PeriphResetCmd  stm32f10x_rcc.o
    0x08001348   0x00000018   Code   RO          342    i.RCC_APB2PeriphClockCmd  stm32f10x_rcc.o
    0x08001360   0x00000018   Code   RO          343    i.RCC_APB2PeriphResetCmd  stm32f10x_rcc.o
    0x08001378   0x000000ac   Code   RO           46    i.RCC_Configuration  initstm32.o
    0x08001424   0x0000003c   Code   RO          349    i.RCC_DeInit        stm32f10x_rcc.o
    0x08001460   0x00000090   Code   RO          350    i.RCC_GetClocksFreq  stm32f10x_rcc.o
    0x080014f0   0x00000030   Code   RO          351    i.RCC_GetFlagStatus  stm32f10x_rcc.o
    0x08001520   0x00000010   Code   RO          353    i.RCC_GetSYSCLKSource  stm32f10x_rcc.o
    0x08001530   0x00000014   Code   RO          354    i.RCC_HCLKConfig    stm32f10x_rcc.o
    0x08001544   0x00000034   Code   RO          355    i.RCC_HSEConfig     stm32f10x_rcc.o
    0x08001578   0x00000002   Code   RO          259    i.RCC_IRQHandler    stm32f10x_it.o
    0x0800157a   0x00000002   PAD
    0x0800157c   0x00000014   Code   RO          361    i.RCC_PCLK1Config   stm32f10x_rcc.o
    0x08001590   0x00000014   Code   RO          362    i.RCC_PCLK2Config   stm32f10x_rcc.o
    0x080015a4   0x0000000c   Code   RO          363    i.RCC_PLLCmd        stm32f10x_rcc.o
    0x080015b0   0x00000014   Code   RO          364    i.RCC_PLLConfig     stm32f10x_rcc.o
    0x080015c4   0x00000014   Code   RO          367    i.RCC_SYSCLKConfig  stm32f10x_rcc.o
    0x080015d8   0x00000034   Code   RO          369    i.RCC_WaitForHSEStartUp  stm32f10x_rcc.o
    0x0800160c   0x00000002   Code   RO          260    i.RTCAlarm_IRQHandler  stm32f10x_it.o
    0x0800160e   0x00000002   Code   RO          261    i.RTC_IRQHandler    stm32f10x_it.o
    0x08001610   0x00000002   Code   RO          262    i.SDIO_IRQHandler   stm32f10x_it.o
    0x08001612   0x00000002   Code   RO          263    i.SPI1_IRQHandler   stm32f10x_it.o
    0x08001614   0x00000002   Code   RO          264    i.SPI2_IRQHandler   stm32f10x_it.o
    0x08001616   0x00000002   Code   RO          265    i.SPI3_IRQHandler   stm32f10x_it.o
    0x08001618   0x00000002   Code   RO          266    i.SVCHandler        stm32f10x_it.o
    0x0800161a   0x00000002   PAD
    0x0800161c   0x000000b4   Code   RO          267    i.SysTickHandler    stm32f10x_it.o
    0x080016d0   0x00000024   Code   RO          497    i.SysTick_CounterCmd  stm32f10x_systick.o
    0x080016f4   0x00000018   Code   RO          500    i.SysTick_ITConfig  stm32f10x_systick.o
    0x0800170c   0x00000008   Code   RO          501    i.SysTick_SetReload  stm32f10x_systick.o
    0x08001714   0x00000002   Code   RO          268    i.TAMPER_IRQHandler  stm32f10x_it.o
    0x08001716   0x00000002   Code   RO          269    i.TIM1_BRK_IRQHandler  stm32f10x_it.o
    0x08001718   0x00000002   Code   RO          270    i.TIM1_CC_IRQHandler  stm32f10x_it.o
    0x0800171a   0x00000002   Code   RO          271    i.TIM1_TRG_COM_IRQHandler  stm32f10x_it.o
    0x0800171c   0x00000002   Code   RO          272    i.TIM1_UP_IRQHandler  stm32f10x_it.o
    0x0800171e   0x00000002   Code   RO          273    i.TIM2_IRQHandler   stm32f10x_it.o
    0x08001720   0x0000000c   Code   RO          274    i.TIM3_IRQHandler   stm32f10x_it.o
    0x0800172c   0x0000000c   Code   RO          275    i.TIM4_IRQHandler   stm32f10x_it.o
    0x08001738   0x00000002   Code   RO          276    i.TIM5_IRQHandler   stm32f10x_it.o
    0x0800173a   0x00000002   Code   RO          277    i.TIM6_IRQHandler   stm32f10x_it.o
    0x0800173c   0x00000002   Code   RO          278    i.TIM7_IRQHandler   stm32f10x_it.o
    0x0800173e   0x00000002   Code   RO          279    i.TIM8_BRK_IRQHandler  stm32f10x_it.o
    0x08001740   0x00000002   Code   RO          280    i.TIM8_CC_IRQHandler  stm32f10x_it.o
    0x08001742   0x00000002   Code   RO          281    i.TIM8_TRG_COM_IRQHandler  stm32f10x_it.o
    0x08001744   0x00000002   Code   RO          282    i.TIM8_UP_IRQHandler  stm32f10x_it.o
    0x08001746   0x00000006   Code   RO          381    i.TIM_ClearITPendingBit  stm32f10x_tim.o
    0x0800174c   0x00000002   Code   RO          283    i.UART4_IRQHandler  stm32f10x_it.o
    0x0800174e   0x00000002   Code   RO          284    i.UART5_IRQHandler  stm32f10x_it.o
    0x08001750   0x0000004c   Code   RO          285    i.USART1_IRQHandler  stm32f10x_it.o
    0x0800179c   0x0000004c   Code   RO          286    i.USART2_IRQHandler  stm32f10x_it.o
    0x080017e8   0x00000020   Code   RO          287    i.USART3_IRQHandler  stm32f10x_it.o
    0x08001808   0x0000000c   Code   RO          462    i.USART_ClearITPendingBit  stm32f10x_usart.o
    0x08001814   0x00000014   Code   RO          465    i.USART_Cmd         stm32f10x_usart.o
    0x08001828   0x000000a8   Code   RO           49    i.USART_Configuration  initstm32.o
    0x080018d0   0x0000000e   Code   RO          468    i.USART_GetFlagStatus  stm32f10x_usart.o
    0x080018de   0x0000003e   Code   RO          469    i.USART_GetITStatus  stm32f10x_usart.o
    0x0800191c   0x00000030   Code   RO          471    i.USART_ITConfig    stm32f10x_usart.o
    0x0800194c   0x0000008c   Code   RO          472    i.USART_Init        stm32f10x_usart.o
    0x080019d8   0x00000008   Code   RO          477    i.USART_ReceiveData  stm32f10x_usart.o
    0x080019e0   0x00000008   Code   RO          480    i.USART_SendData    stm32f10x_usart.o
    0x080019e8   0x00000002   Code   RO          288    i.USBWakeUp_IRQHandler  stm32f10x_it.o
    0x080019ea   0x00000002   Code   RO          289    i.USB_HP_CAN_TX_IRQHandler  stm32f10x_it.o
    0x080019ec   0x00000080   Code   RO          290    i.USB_LP_CAN_RX0_IRQHandler  stm32f10x_it.o
    0x08001a6c   0x00000002   Code   RO          291    i.UsageFaultException  stm32f10x_it.o
    0x08001a6e   0x00000002   Code   RO          292    i.WWDG_IRQHandler   stm32f10x_it.o
    0x08001a70   0x00000028   Code   RO          638    i.__0sprintf        mc_w.l(printfa.o)
    0x08001a98   0x0000000e   Code   RO          687    i.__scatterload_copy  mc_w.l(handlers.o)
    0x08001aa6   0x00000002   Code   RO          688    i.__scatterload_null  mc_w.l(handlers.o)
    0x08001aa8   0x0000000e   Code   RO          689    i.__scatterload_zeroinit  mc_w.l(handlers.o)
    0x08001ab6   0x00000002   PAD
    0x08001ab8   0x0000015c   Code   RO          643    i._fp_digits        mc_w.l(printfa.o)
    0x08001c14   0x000006f0   Code   RO          644    i._printf_core      mc_w.l(printfa.o)
    0x08002304   0x00000026   Code   RO          645    i._printf_post_padding  mc_w.l(printfa.o)
    0x0800232a   0x00000030   Code   RO          646    i._printf_pre_padding  mc_w.l(printfa.o)
    0x0800235a   0x0000000a   Code   RO          648    i._sputc            mc_w.l(printfa.o)
    0x08002364   0x0000007c   Code   RO           50    i.fn_Get_ADC_Channel_Data  hal_adc.o
    0x080023e0   0x00000034   Code   RO            2    i.fn_Handle_Heartbeat_LED  main.o
    0x08002414   0x00000054   Code   RO           72    i.fn_Init_SPI_Pins  hal_spi.o
    0x08002468   0x00000030   Code   RO           74    i.fn_Select_Deselect_SPI_Device  hal_spi.o
    0x08002498   0x00000068   Code   RO           29    i.fn_uc_Get_Alcohol_Sensor_Raw_ADC_Data  alcohol_detection_algorithm.o
    0x08002500   0x000002d0   Code   RO           30    i.fn_uc_Handle_Alcohol_Test  alcohol_detection_algorithm.o
    0x080027d0   0x000000b8   Code   RO           54    i.fn_uc_Initialize_ADC1_Module  hal_adc.o
    0x08002888   0x00000024   Code   RO           62    i.fn_uc_Initialize_Simulated_I2C_Bus_Port_Pins  hal_i2c.o
    0x080028ac   0x00000030   Code   RO            3    i.fn_uc_RGB_LED_Off  main.o
    0x080028dc   0x000000b8   Code   RO           41    i.fn_uc_Send_Heartbeat_To_ECU  can_configuration.o
    0x08002994   0x00000028   Code   RO          505    i.fn_uc_Send_String_On_Debug_Port  uart.o
    0x080029bc   0x00000080   Code   RO          143    i.get_Received_CAN_Data  stm32f10x_can.o
    0x08002a3c   0x0000007c   Code   RO            5    i.main              main.o
    0x08002ab8   0x0000004a   Data   RO           12    .constdata          main.o
    0x08002b02   0x00000014   Data   RO          370    .constdata          stm32f10x_rcc.o
    0x08002b16   0x00000002   PAD
    0x08002b18   0x00000020   Data   RO          685    Region$$Table       anon$$obj.o


    Execution Region RW_IRAM1 (Base: 0x20000000, Size: 0x00001900, Max: 0x00005000, ABSOLUTE)

    Base Addr    Size         Type   Attr      Idx    E Section Name        Object

    0x20000000   0x00000010   Data   RW           13    .data               main.o
    0x20000010   0x00000004   Data   RW           15    .data               main.o
    0x20000014   0x00000004   Data   RW           16    .data               main.o
    0x20000018   0x00000008   Data   RW           20    .data               main.o
    0x20000020   0x00000001   Data   RW           21    .data               main.o
    0x20000021   0x00000001   PAD
    0x20000022   0x00000004   Data   RW           22    .data               main.o
    0x20000026   0x00000002   PAD
    0x20000028   0x00000008   Data   RW           23    .data               main.o
    0x20000030   0x00000001   Data   RW           24    .data               main.o
    0x20000031   0x00000003   PAD
    0x20000034   0x00000034   Data   RW           35    .data               alcohol_detection_algorithm.o
    0x20000068   0x00000001   Data   RW           38    .data               alcohol_detection_algorithm.o
    0x20000069   0x00000003   PAD
    0x2000006c   0x00000008   Data   RW          371    .data               stm32f10x_rcc.o
    0x20000074   0x00000004   Data   RW          510    .data               uart.o
    0x20000078   0x00000004   Data   RW          512    .data               uart.o
    0x2000007c   0x00000064   Zero   RW            6    .bss                main.o
    0x200000e0   0x00000014   Zero   RW            7    .bss                main.o
    0x200000f4   0x0000000c   Zero   RW            8    .bss                main.o
    0x20000100   0x00000010   Zero   RW            9    .bss                main.o
    0x20000110   0x00000010   Zero   RW           10    .bss                main.o
    0x20000120   0x00000828   Zero   RW           34    .bss                alcohol_detection_algorithm.o
    0x20000948   0x000005dc   Zero   RW          508    .bss                uart.o
    0x20000f24   0x000005dc   Zero   RW          509    .bss                uart.o
    0x20001500   0x00000400   Zero   RW           86    STACK               stm32f10x_vector.o


==============================================================================

Image component sizes


      Code (inc. data)   RO Data    RW Data    ZI Data      Debug   Object Name

       824        138          0         53       2088          0   alcohol_detection_algorithm.o
       344         68          0          0          0          0   can_configuration.o
       308         34          0          0          0          0   hal_adc.o
        36          8          0          0          0          0   hal_i2c.o
       132         14          0          0          0          0   hal_spi.o
       952         56          0          0          0          0   initstm32.o
       224         28         74         46        164          0   main.o
       402         46          0          0          0          0   stm32f10x_adc.o
      1096         48          0          0          0          0   stm32f10x_can.o
       156         14          0          0          0          0   stm32f10x_exti.o
        48         12          0          0          0          0   stm32f10x_flash.o
       280         12          0          0          0          0   stm32f10x_gpio.o
       716         96          0          0          0          0   stm32f10x_it.o
       180         36          0          0          0          0   stm32f10x_nvic.o
       600        110         20          8          0          0   stm32f10x_rcc.o
        68          0          0          0          0          0   stm32f10x_systick.o
         6          0          0          0          0          0   stm32f10x_tim.o
       312          6          0          0          0          0   stm32f10x_usart.o
         8          4        304          0       1024          0   stm32f10x_vector.o
        40          4          0          8       3000          0   uart.o

    ----------------------------------------------------------------------
      6746        734        432        124       6276          0   Object Totals
         0          0         32          0          0          0   (incl. Generated)
        14          0          2          9          0          0   (incl. Padding)

    ----------------------------------------------------------------------

      Code (inc. data)   RO Data    RW Data    ZI Data      Debug   Library Member Name

         0          0          0          0          0          0   entry.o
         0          0          0          0          0          0   entry10a.o
         0          0          0          0          0          0   entry11a.o
         8          4          0          0          0          0   entry2.o
         4          0          0          0          0          0   entry5.o
         0          0          0          0          0          0   entry7b.o
         0          0          0          0          0          0   entry8b.o
         8          4          0          0          0          0   entry9a.o
        30          0          0          0          0          0   handlers.o
        36          8          0          0          0          0   init.o
         0          0          0          0          0          0   iusefp.o
        30          0          0          0          0          0   llshl.o
        36          0          0          0          0          0   llsshr.o
        32          0          0          0          0          0   llushr.o
      2260         86          0          0          0          0   printfa.o
        44          0          0          0          0          0   uidiv.o
        98          0          0          0          0          0   uldiv.o
        40          2          0          0          0          0   cdrcmple.o
        56          0          0          0          0          0   d2f.o
       334          0          0          0          0          0   dadd.o
       222          0          0          0          0          0   ddiv.o
       190          0          0          0          0          0   depilogue.o
        48          0          0          0          0          0   dfixul.o
        34          0          0          0          0          0   dflti.o
       228          0          0          0          0          0   dmul.o
        38          0          0          0          0          0   f2d.o
       108          0          0          0          0          0   fepilogue.o

    ----------------------------------------------------------------------
      3886        104          0          0          0          0   Library Totals
         2          0          0          0          0          0   (incl. Padding)

    ----------------------------------------------------------------------

      Code (inc. data)   RO Data    RW Data    ZI Data      Debug   Library Name

      2586        102          0          0          0          0   mc_w.l
      1298          2          0          0          0          0   mf_w.l

    ----------------------------------------------------------------------
      3886        104          0          0          0          0   Library Totals

    ----------------------------------------------------------------------

==============================================================================


      Code (inc. data)   RO Data    RW Data    ZI Data      Debug   

     10632        838        432        124       6276          0   Grand Totals
     10632        838        432        124       6276          0   ELF Image Totals
     10632        838        432        124          0          0   ROM Totals

==============================================================================

    Total RO  Size (Code + RO Data)                11064 (  10.80kB)
    Total RW  Size (RW Data + ZI Data)              6400 (   6.25kB)
    Total ROM Size (Code + RO Data + RW Data)      11188 (  10.93kB)

==============================================================================

