ARM Linker, 5.03 [Build 76] [MDK-ARM Standard][RL-ARM]

==============================================================================

Section Cross References

    err_handler.o(i.fn_uc_Accelerator_Cutoff_Status_Handler) refers to stm32f10x_gpio.o(i.GPIO_WriteBit) for GPIO_WriteBit
    err_handler.o(i.fn_uc_Accelerator_Cutoff_Status_Handler) refers to main.o(.data) for g_uc_Accelerator_Status
    err_handler.o(i.fn_uc_BLE_Connection_Handler) refers to stm32f10x_gpio.o(i.GPIO_WriteBit) for GPIO_WriteBit
    err_handler.o(i.fn_uc_BLE_Connection_Handler) refers to main.o(.data) for g_uc_Bluetooth_Status
    err_handler.o(i.fn_uc_Buzzer_Rejection_Tone) refers to stm32f10x_gpio.o(i.GPIO_WriteBit) for GPIO_WriteBit
    err_handler.o(i.fn_uc_Buzzer_Rejection_Tone) refers to main.o(i.Delay) for Delay
    err_handler.o(i.fn_uc_Buzzer_Rejection_Tone) refers to main.o(.data) for g_uc_Flag_Play_Error_Buzzer_Tone
    err_handler.o(i.fn_uc_Detect_Cruise_Key) refers to printf5.o(i.__0sprintf$5) for __2sprintf
    err_handler.o(i.fn_uc_Detect_Cruise_Key) refers to uart.o(i.fn_uc_Send_String_On_Debug_Port) for fn_uc_Send_String_On_Debug_Port
    err_handler.o(i.fn_uc_Detect_Cruise_Key) refers to stm32f10x_gpio.o(i.GPIO_WriteBit) for GPIO_WriteBit
    err_handler.o(i.fn_uc_Detect_Cruise_Key) refers to main.o(i.Delay) for Delay
    err_handler.o(i.fn_uc_Detect_Cruise_Key) refers to can_configuration.o(i.fn_uc_Send_Cruise_Button_Status_To_ECU) for fn_uc_Send_Cruise_Button_Status_To_ECU
    err_handler.o(i.fn_uc_Detect_Cruise_Key) refers to main.o(.data) for Cruz_On_Off_Bit
    err_handler.o(i.fn_uc_Detect_Cruise_Key) refers to main.o(.data) for g_uc_Cruz_On_Off_Dbn
    err_handler.o(i.fn_uc_Detect_Cruise_Key) refers to main.o(.data) for g_uc_Cruz_Status
    err_handler.o(i.fn_uc_Detect_Cruise_Key) refers to main.o(.data) for g_uc_Cruz_OnOff_Data_Msg
    err_handler.o(i.fn_uc_Detect_Cruise_Key) refers to main.o(.bss) for g_uc_Transmit_Buffer
    err_handler.o(i.fn_uc_Detect_Cruise_Key) refers to main.o(.data) for g_uc_Flag_Toggle_Cruise_LED
    err_handler.o(i.fn_uc_Detect_Cruise_Key) refers to main.o(.data) for g_vui_Ticker_Cruise_Pause
    err_handler.o(i.fn_uc_Detect_Cruise_Key) refers to main.o(.data) for g_uc_Flag_Invert
    err_handler.o(i.fn_uc_Error_Inicator_Handler) refers to stm32f10x_gpio.o(i.GPIO_WriteBit) for GPIO_WriteBit
    err_handler.o(i.fn_uc_Error_Inicator_Handler) refers to main.o(.data) for g_uc_Error_Status
    main.o(i.Delay) refers to main.o(.data) for .data
    main.o(i.fn_ui_HEX_To_DEC) refers to dfltui.o(.text) for __aeabi_ui2d
    main.o(i.fn_ui_HEX_To_DEC) refers to pow.o(i.pow) for pow
    main.o(i.fn_ui_HEX_To_DEC) refers to dmul.o(.text) for __aeabi_dmul
    main.o(i.fn_ui_HEX_To_DEC) refers to dadd.o(.text) for __aeabi_dadd
    main.o(i.fn_ui_HEX_To_DEC) refers to dfixui.o(.text) for __aeabi_d2uiz
    main.o(i.fn_v_Initialize_System) refers to power_on_test.o(i.fn_All_LED_OFF) for fn_All_LED_OFF
    main.o(i.fn_v_Initialize_System) refers to stm32f10x_gpio.o(i.GPIO_WriteBit) for GPIO_WriteBit
    main.o(i.fn_v_Initialize_System) refers to main.o(.data) for .data
    main.o(i.main) refers to initstm32.o(i.RCC_Configuration) for RCC_Configuration
    main.o(i.main) refers to initstm32.o(i.NVIC_Configuration) for NVIC_Configuration
    main.o(i.main) refers to initstm32.o(i.EXTI_Configuration) for EXTI_Configuration
    main.o(i.main) refers to initstm32.o(i.InitSysTickTimer) for InitSysTickTimer
    main.o(i.main) refers to initstm32.o(i.GPIO_Configuration) for GPIO_Configuration
    main.o(i.main) refers to initstm32.o(i.SetTimer3) for SetTimer3
    main.o(i.main) refers to initstm32.o(i.SetTimer4) for SetTimer4
    main.o(i.main) refers to initstm32.o(i.USART_Configuration) for USART_Configuration
    main.o(i.main) refers to can_configuration.o(i.CAN_Config) for CAN_Config
    main.o(i.main) refers to main.o(i.fn_v_Initialize_System) for fn_v_Initialize_System
    main.o(i.main) refers to printf5.o(i.__0sprintf$5) for __2sprintf
    main.o(i.main) refers to uart.o(i.fn_uc_Send_String_On_Debug_Port) for fn_uc_Send_String_On_Debug_Port
    main.o(i.main) refers to uart.o(i.fn_uc_Extract_RFID_Data_Buffer) for fn_uc_Extract_RFID_Data_Buffer
    main.o(i.main) refers to can_configuration.o(i.fn_uc_Send_Boot_Mode_Status_To_ECU) for fn_uc_Send_Boot_Mode_Status_To_ECU
    main.o(i.main) refers to can_configuration.o(i.fn_uc_Send_Heartbit_To_ECU) for fn_uc_Send_Heartbit_To_ECU
    main.o(i.main) refers to power_on_test.o(i.fn_Emergency_Indication) for fn_Emergency_Indication
    main.o(i.main) refers to update_alarm.o(i.fn_uc_Update_Alarm_Status) for fn_uc_Update_Alarm_Status
    main.o(i.main) refers to err_handler.o(i.fn_uc_Error_Inicator_Handler) for fn_uc_Error_Inicator_Handler
    main.o(i.main) refers to err_handler.o(i.fn_uc_BLE_Connection_Handler) for fn_uc_BLE_Connection_Handler
[...]
    Removing stm32f10x_usart.o(i.USART_SmartCardNACKCmd), (20 bytes).
    Removing stm32f10x_usart.o(i.USART_StructInit), (22 bytes).
    Removing stm32f10x_usart.o(i.USART_WakeUpConfig), (16 bytes).
    Removing stm32f10x_wwdg.o(i.WWDG_ClearFlag), (12 bytes).
    Removing stm32f10x_wwdg.o(i.WWDG_DeInit), (24 bytes).
    Removing stm32f10x_wwdg.o(i.WWDG_Enable), (16 bytes).
    Removing stm32f10x_wwdg.o(i.WWDG_EnableIT), (12 bytes).
    Removing stm32f10x_wwdg.o(i.WWDG_GetFlagStatus), (12 bytes).
    Removing stm32f10x_wwdg.o(i.WWDG_SetCounter), (16 bytes).
    Removing stm32f10x_wwdg.o(i.WWDG_SetPrescaler), (20 bytes).
    Removing stm32f10x_wwdg.o(i.WWDG_SetWindowValue), (24 bytes).
    Removing stm32f10x_systick.o(i.SysTick_CLKSourceConfig), (24 bytes).
    Removing stm32f10x_systick.o(i.SysTick_GetCounter), (8 bytes).
    Removing stm32f10x_systick.o(i.SysTick_GetFlagStatus), (32 bytes).
    Removing uart.o(i.fn_uc_Send_Byte_On_Debug_Port), (32 bytes).
    Removing uart.o(.data), (1 bytes).
    Removing dfixul.o(.text), (48 bytes).
    Removing cdcmple.o(.text), (40 bytes).

312 unused section(s) (total 13886 bytes) removed from the image.

==============================================================================

Image Symbol Table

    Local Symbols

    Symbol Name                              Value     Ov Type        Size  Object(Section)

    ../clib/microlib/division.c              0x00000000   Number         0  uldiv.o ABSOLUTE
    ../clib/microlib/division.c              0x00000000   Number         0  uidiv.o ABSOLUTE
    ../clib/microlib/errno.c                 0x00000000   Number         0  errno.o ABSOLUTE
    ../clib/microlib/init/entry.s            0x00000000   Number         0  entry9a.o ABSOLUTE
    ../clib/microlib/init/entry.s            0x00000000   Number         0  entry8b.o ABSOLUTE
    ../clib/microlib/init/entry.s            0x00000000   Number         0  entry8a.o ABSOLUTE
    ../clib/microlib/init/entry.s            0x00000000   Number         0  entry7b.o ABSOLUTE
    ../clib/microlib/init/entry.s            0x00000000   Number         0  entry7a.o ABSOLUTE
    ../clib/microlib/init/entry.s            0x00000000   Number         0  entry5.o ABSOLUTE
    ../clib/microlib/init/entry.s            0x00000000   Number         0  entry11b.o ABSOLUTE
    ../clib/microlib/init/entry.s            0x00000000   Number         0  entry2.o ABSOLUTE
    ../clib/microlib/init/entry.s            0x00000000   Number         0  entry.o ABSOLUTE
    ../clib/microlib/init/entry.s            0x00000000   Number         0  entry11a.o ABSOLUTE
    ../clib/microlib/init/entry.s            0x00000000   Number         0  entry10b.o ABSOLUTE
    ../clib/microlib/init/entry.s            0x00000000   Number         0  entry10a.o ABSOLUTE
    ../clib/microlib/init/entry.s            0x00000000   Number         0  entry9b.o ABSOLUTE
    ../clib/microlib/longlong.c              0x00000000   Number         0  llsshr.o ABSOLUTE
    ../clib/microlib/longlong.c              0x00000000   Number         0  llushr.o ABSOLUTE
    ../clib/microlib/longlong.c              0x00000000   Number         0  llshl.o ABSOLUTE
    ../clib/microlib/printf/printf.c         0x00000000   Number         0  printf8.o ABSOLUTE
    ../clib/microlib/printf/printf.c         0x00000000   Number         0  printf7.o ABSOLUTE
    ../clib/microlib/printf/printf.c         0x00000000   Number         0  printf6.o ABSOLUTE
    ../clib/microlib/printf/printf.c         0x00000000   Number         0  printf5.o ABSOLUTE
    ../clib/microlib/printf/printf.c         0x00000000   Number         0  printf4.o ABSOLUTE
    ../clib/microlib/printf/printf.c         0x00000000   Number         0  printf3.o ABSOLUTE
    ../clib/microlib/printf/printf.c         0x00000000   Number         0  printf2.o ABSOLUTE
    ../clib/microlib/printf/printf.c         0x00000000   Number         0  printf1.o ABSOLUTE
    ../clib/microlib/printf/printf.c         0x00000000   Number         0  printf0.o ABSOLUTE
    ../clib/microlib/printf/printf.c         0x00000000   Number         0  printfb.o ABSOLUTE
    ../clib/microlib/printf/printf.c         0x00000000   Number         0  printfa.o ABSOLUTE
    ../clib/microlib/printf/stubs.s          0x00000000   Number         0  stubs.o ABSOLUTE
    ../clib/microlib/stdio/fputc.c           0x00000000   Number         0  fputc.o ABSOLUTE
    ../clib/microlib/stdio/semi.s            0x00000000   Number         0  semi.o ABSOLUTE
    ../clib/microlib/stdio/streams.c         0x00000000   Number         0  stdout.o ABSOLUTE
    ../clib/microlib/stubs.s                 0x00000000   Number         0  iusefp.o ABSOLUTE
    ../clib/microlib/stubs.s                 0x00000000   Number         0  iusesemip.o ABSOLUTE
    ../fplib/microlib/fpadd.c                0x00000000   Number         0  dadd.o ABSOLUTE
    ../fplib/microlib/fpdiv.c                0x00000000   Number         0  ddiv.o ABSOLUTE
    ../fplib/microlib/fpepilogue.c           0x00000000   Number         0  depilogue.o ABSOLUTE
    ../fplib/microlib/fpfix.c                0x00000000   Number         0  dfixui.o ABSOLUTE
    ../fplib/microlib/fpfix.c                0x00000000   Number         0  dfixul.o ABSOLUTE
    ../fplib/microlib/fpflt.c                0x00000000   Number         0  dflti.o ABSOLUTE
    ../fplib/microlib/fpflt.c                0x00000000   Number         0  dfltui.o ABSOLUTE
    ../fplib/microlib/fpmul.c                0x00000000   Number         0  dmul.o ABSOLUTE
    ../fplib/microlib/fpscalb.c              0x00000000   Number         0  dscalb.o ABSOLUTE
    ../fplib/microlib/fpsqrt.c               0x00000000   Number         0  dsqrt.o ABSOLUTE
    ../mathlib/dunder.c                      0x00000000   Number         0  dunder.o ABSOLUTE
    ../mathlib/fpclassify.c                  0x00000000   Number         0  fpclassify.o ABSOLUTE
    ../mathlib/poly.c                        0x00000000   Number         0  poly.o ABSOLUTE
    ../mathlib/pow.c                         0x00000000   Number         0  pow_x.o ABSOLUTE
    ../mathlib/pow.c                         0x00000000   Number         0  pow.o ABSOLUTE
    ../mathlib/qnan.c                        0x00000000   Number         0  qnan.o ABSOLUTE
    ../mathlib/sqrt.c                        0x00000000   Number         0  sqrt_x.o ABSOLUTE
    ../mathlib/sqrt.c                        0x00000000   Number         0  sqrt.o ABSOLUTE
    ..\Application_Layer\Err_Handler.c       0x00000000   Number         0  err_handler.o ABSOLUTE
    ..\Application_Layer\main.c              0x00000000   Number         0  main.o ABSOLUTE
    ..\Application_Layer\power_On_Test.c     0x00000000   Number         0  power_on_test.o ABSOLUTE
    ..\Application_Layer\update_Alarm.c      0x00000000   Number         0  update_alarm.o ABSOLUTE
    ..\Hardware_Abstraction_Layer\CAN_Configuration.c 0x00000000   Number         0  can_configuration.o ABSOLUTE
    ..\Hardware_Abstraction_Layer\InitStm32.c 0x00000000   Number         0  initstm32.o ABSOLUTE
    ..\Hardware_Abstraction_Layer\uart.c     0x00000000   Number         0  uart.o ABSOLUTE
    ..\STM_Library\SRC\stm32f10x_adc.c       0x00000000   Number         0  stm32f10x_adc.o ABSOLUTE
    ..\STM_Library\SRC\stm32f10x_can.c       0x00000000   Number         0  stm32f10x_can.o ABSOLUTE
    ..\STM_Library\SRC\stm32f10x_exti.c      0x00000000   Number         0  stm32f10x_exti.o ABSOLUTE
    ..\STM_Library\SRC\stm32f10x_flash.c     0x00000000   Number         0  stm32f10x_flash.o ABSOLUTE
    ..\STM_Library\SRC\stm32f10x_gpio.c      0x00000000   Number         0  stm32f10x_gpio.o ABSOLUTE
    ..\STM_Library\SRC\stm32f10x_i2c.c       0x00000000   Number         0  stm32f10x_i2c.o ABSOLUTE
    ..\STM_Library\SRC\stm32f10x_it.c        0x00000000   Number         0  stm32f10x_it.o ABSOLUTE
    ..\STM_Library\SRC\stm32f10x_iwdg.c      0x00000000   Number         0  stm32f10x_iwdg.o ABSOLUTE
    ..\STM_Library\SRC\stm32f10x_lib.c       0x00000000   Number         0  stm32f10x_lib.o ABSOLUTE
    ..\STM_Library\SRC\stm32f10x_nvic.c      0x00000000   Number         0  stm32f10x_nvic.o ABSOLUTE
    ..\STM_Library\SRC\stm32f10x_pwr.c       0x00000000   Number         0  stm32f10x_pwr.o ABSOLUTE
    ..\STM_Library\SRC\stm32f10x_rcc.c       0x00000000   Number         0  stm32f10x_rcc.o ABSOLUTE
    ..\STM_Library\SRC\stm32f10x_systick.c   0x00000000   Number         0  stm32f10x_systick.o ABSOLUTE
    ..\STM_Library\SRC\stm32f10x_tim.c       0x00000000   Number         0  stm32f10x_tim.o ABSOLUTE
    ..\STM_Library\SRC\stm32f10x_usart.c     0x00000000   Number         0  stm32f10x_usart.o ABSOLUTE
    ..\STM_Library\SRC\stm32f10x_wwdg.c      0x00000000   Number         0  stm32f10x_wwdg.o ABSOLUTE
    ..\Startup\cortexm3_macro.s              0x00000000   Number         0  cortexm3_macro.o ABSOLUTE
    ..\Startup\stm32f10x_vector.s            0x00000000   Number         0  stm32f10x_vector.o ABSOLUTE
    cdcmple.s                                0x00000000   Number         0  cdcmple.o ABSOLUTE
    cdrcmple.s                               0x00000000   Number         0  cdrcmple.o ABSOLUTE
    dc.s                                     0x00000000   Number         0  dc.o ABSOLUTE
    handlers.s                               0x00000000   Number         0  handlers.o ABSOLUTE
    init.s                                   0x00000000   Number         0  init.o ABSOLUTE
    RESET                                    0x08000000   Section      304  stm32f10x_vector.o(RESET)
    .ARM.Collect$$$$00000000                 0x08000130   Section        0  entry.o(.ARM.Collect$$$$00000000)
    .ARM.Collect$$$$00000001                 0x08000130   Section        4  entry2.o(.ARM.Collect$$$$00000001)
    .ARM.Collect$$$$00000004                 0x08000134   Section        4  entry5.o(.ARM.Collect$$$$00000004)
    .ARM.Collect$$$$00000008                 0x08000138   Section        0  entry7b.o(.ARM.Collect$$$$00000008)
    .ARM.Collect$$$$0000000A                 0x08000138   Section        0  entry8b.o(.ARM.Collect$$$$0000000A)
    .ARM.Collect$$$$0000000B                 0x08000138   Section        8  entry9a.o(.ARM.Collect$$$$0000000B)
    .ARM.Collect$$$$0000000D                 0x08000140   Section        0  entry10a.o(.ARM.Collect$$$$0000000D)
    .ARM.Collect$$$$0000000F                 0x08000140   Section        0  entry11a.o(.ARM.Collect$$$$0000000F)
    .ARM.Collect$$$$00002712                 0x08000140   Section        4  entry2.o(.ARM.Collect$$$$00002712)
    __lit__00000000                          0x08000140   Data           4  entry2.o(.ARM.Collect$$$$00002712)
    .text                                    0x08000144   Section        8  stm32f10x_vector.o(.text)
    .text                                    0x0800014c   Section        0  dadd.o(.text)
    .text                                    0x0800029a   Section        0  dmul.o(.text)
    .text                                    0x0800037e   Section        0  dfltui.o(.text)
    .text                                    0x08000398   Section        0  dfixui.o(.text)
    .text                                    0x080003ca   Section        0  uldiv.o(.text)
    .text                                    0x0800042c   Section        0  llshl.o(.text)
    .text                                    0x0800044a   Section        0  llushr.o(.text)
    .text                                    0x0800046a   Section        0  llsshr.o(.text)
    .text                                    0x0800048e   Section        0  depilogue.o(.text)
    .text                                    0x0800048e   Section        0  iusefp.o(.text)
    .text                                    0x0800054c   Section        0  ddiv.o(.text)
    .text                                    0x0800062a   Section        0  dscalb.o(.text)
    .text                                    0x08000658   Section        0  dflti.o(.text)
    .text                                    0x0800067c   Section       40  cdrcmple.o(.text)
    .text                                    0x080006a4   Section       36  init.o(.text)
    .text                                    0x080006c8   Section        0  dsqrt.o(.text)
    i.ADC1_2_IRQHandler                      0x0800076a   Section        0  stm32f10x_it.o(i.ADC1_2_IRQHandler)
    i.ADC3_IRQHandler                        0x0800076c   Section        0  stm32f10x_it.o(i.ADC3_IRQHandler)
    i.BusFaultException                      0x0800076e   Section        0  stm32f10x_it.o(i.BusFaultException)
    i.CAN_ClearITPendingBit                  0x08000770   Section        0  stm32f10x_can.o(i.CAN_ClearITPendingBit)
    i.CAN_Config                             0x08000810   Section        0  can_configuration.o(i.CAN_Config)
    i.CAN_DeInit                             0x080008ac   Section        0  stm32f10x_can.o(i.CAN_DeInit)
    i.CAN_FIFORelease                        0x080008c4   Section        0  stm32f10x_can.o(i.CAN_FIFORelease)
    i.CAN_FilterInit                         0x080008d8   Section        0  stm32f10x_can.o(i.CAN_FilterInit)
    i.CAN_ITConfig                           0x0800099c   Section        0  stm32f10x_can.o(i.CAN_ITConfig)
    i.CAN_Init                               0x080009b4   Section        0  stm32f10x_can.o(i.CAN_Init)
    i.CAN_RX1_IRQHandler                     0x08000a84   Section        0  stm32f10x_it.o(i.CAN_RX1_IRQHandler)
    i.CAN_SCE_IRQHandler                     0x08000a86   Section        0  stm32f10x_it.o(i.CAN_SCE_IRQHandler)
    i.CAN_StructInit                         0x08000a88   Section        0  stm32f10x_can.o(i.CAN_StructInit)
    i.CAN_Transmit                           0x08000aa8   Section        0  stm32f10x_can.o(i.CAN_Transmit)
    i.DMA1_Channel1_IRQHandler               0x08000b5c   Section        0  stm32f10x_it.o(i.DMA1_Channel1_IRQHandler)
    i.DMA1_Channel2_IRQHandler               0x08000b5e   Section        0  stm32f10x_it.o(i.DMA1_Channel2_IRQHandler)
    i.DMA1_Channel3_IRQHandler               0x08000b60   Section        0  stm32f10x_it.o(i.DMA1_Channel3_IRQHandler)
    i.DMA1_Channel4_IRQHandler               0x08000b62   Section        0  stm32f10x_it.o(i.DMA1_Channel4_IRQHandler)
    i.DMA1_Channel5_IRQHandler               0x08000b64   Section        0  stm32f10x_it.o(i.DMA1_Channel5_IRQHandler)
    i.DMA1_Channel6_IRQHandler               0x08000b66   Section        0  stm32f10x_it.o(i.DMA1_Channel6_IRQHandler)
    i.DMA1_Channel7_IRQHandler               0x08000b68   Section        0  stm32f10x_it.o(i.DMA1_Channel7_IRQHandler)
    i.DMA2_Channel1_IRQHandler               0x08000b6a   Section        0  stm32f10x_it.o(i.DMA2_Channel1_IRQHandler)
    i.DMA2_Channel2_IRQHandler               0x08000b6c   Section        0  stm32f10x_it.o(i.DMA2_Channel2_IRQHandler)
    i.DMA2_Channel3_IRQHandler               0x08000b6e   Section        0  stm32f10x_it.o(i.DMA2_Channel3_IRQHandler)
    i.DMA2_Channel4_5_IRQHandler             0x08000b70   Section        0  stm32f10x_it.o(i.DMA2_Channel4_5_IRQHandler)
    i.DebugMonitor                           0x08000b72   Section        0  stm32f10x_it.o(i.DebugMonitor)
    i.Delay                                  0x08000b74   Section        0  main.o(i.Delay)
    i.EXTI0_IRQHandler                       0x08000b84   Section        0  stm32f10x_it.o(i.EXTI0_IRQHandler)
    i.EXTI15_10_IRQHandler                   0x08000b8a   Section        0  stm32f10x_it.o(i.EXTI15_10_IRQHandler)
    i.EXTI1_IRQHandler                       0x08000ba0   Section        0  stm32f10x_it.o(i.EXTI1_IRQHandler)
    i.EXTI2_IRQHandler                       0x08000ba2   Section        0  stm32f10x_it.o(i.EXTI2_IRQHandler)
    i.EXTI3_IRQHandler                       0x08000ba4   Section        0  stm32f10x_it.o(i.EXTI3_IRQHandler)
    i.EXTI4_IRQHandler                       0x08000ba6   Section        0  stm32f10x_it.o(i.EXTI4_IRQHandler)
    i.EXTI9_5_IRQHandler                     0x08000bac   Section        0  stm32f10x_it.o(i.EXTI9_5_IRQHandler)
    i.EXTI_ClearITPendingBit                 0x08000bcc   Section        0  stm32f10x_exti.o(i.EXTI_ClearITPendingBit)
    i.EXTI_Configuration                     0x08000bd8   Section        0  initstm32.o(i.EXTI_Configuration)
    i.EXTI_GetITStatus                       0x08000c04   Section        0  stm32f10x_exti.o(i.EXTI_GetITStatus)
    i.EXTI_Init                              0x08000c24   Section        0  stm32f10x_exti.o(i.EXTI_Init)
    i.FLASH_IRQHandler                       0x08000c94   Section        0  stm32f10x_it.o(i.FLASH_IRQHandler)
    i.FLASH_PrefetchBufferCmd                0x08000c98   Section        0  stm32f10x_flash.o(i.FLASH_PrefetchBufferCmd)
    i.FLASH_SetLatency                       0x08000cb0   Section        0  stm32f10x_flash.o(i.FLASH_SetLatency)
    i.FSMC_IRQHandler                        0x08000cc8   Section        0  stm32f10x_it.o(i.FSMC_IRQHandler)
    i.GPIO_Configuration                     0x08000ccc   Section        0  initstm32.o(i.GPIO_Configuration)
    i.GPIO_EXTILineConfig                    0x08000d74   Section        0  stm32f10x_gpio.o(i.GPIO_EXTILineConfig)
    i.GPIO_Init                              0x08000d9c   Section        0  stm32f10x_gpio.o(i.GPIO_Init)
    i.GPIO_PinRemapConfig                    0x08000e3c   Section        0  stm32f10x_gpio.o(i.GPIO_PinRemapConfig)
    i.GPIO_WriteBit                          0x08000e84   Section        0  stm32f10x_gpio.o(i.GPIO_WriteBit)
    i.HardFaultException                     0x08000e8e   Section        0  stm32f10x_it.o(i.HardFaultException)
    i.I2C1_ER_IRQHandler                     0x08000e90   Section        0  stm32f10x_it.o(i.I2C1_ER_IRQHandler)
    i.I2C1_EV_IRQHandler                     0x08000e92   Section        0  stm32f10x_it.o(i.I2C1_EV_IRQHandler)
    i.I2C2_ER_IRQHandler                     0x08000e94   Section        0  stm32f10x_it.o(i.I2C2_ER_IRQHandler)
    i.I2C2_EV_IRQHandler                     0x08000e96   Section        0  stm32f10x_it.o(i.I2C2_EV_IRQHandler)
    i.InitSysTickTimer                       0x08000e98   Section        0  initstm32.o(i.InitSysTickTimer)
    i.MemManageException                     0x08000eb8   Section        0  stm32f10x_it.o(i.MemManageException)
    i.NMIException                           0x08000eba   Section        0  stm32f10x_it.o(i.NMIException)
    i.NVIC_Configuration                     0x08000ebc   Section        0  initstm32.o(i.NVIC_Configuration)
    i.NVIC_Init                              0x08000f68   Section        0  stm32f10x_nvic.o(i.NVIC_Init)
    i.NVIC_PriorityGroupConfig               0x08000fe4   Section        0  stm32f10x_nvic.o(i.NVIC_PriorityGroupConfig)
    i.NVIC_SetVectorTable                    0x08000ff8   Section        0  stm32f10x_nvic.o(i.NVIC_SetVectorTable)
    i.PVD_IRQHandler                         0x0800100c   Section        0  stm32f10x_it.o(i.PVD_IRQHandler)
    i.PendSVC                                0x0800100e   Section        0  stm32f10x_it.o(i.PendSVC)
    i.RCC_APB1PeriphClockCmd                 0x08001010   Section        0  stm32f10x_rcc.o(i.RCC_APB1PeriphClockCmd)
    i.RCC_APB1PeriphResetCmd                 0x08001028   Section        0  stm32f10x_rcc.o(i.RCC_APB1PeriphResetCmd)
    i.RCC_APB2PeriphClockCmd                 0x08001040   Section        0  stm32f10x_rcc.o(i.RCC_APB2PeriphClockCmd)
    i.RCC_Configuration                      0x08001058   Section        0  initstm32.o(i.RCC_Configuration)
    i.RCC_DeInit                             0x08001104   Section        0  stm32f10x_rcc.o(i.RCC_DeInit)
    i.RCC_GetClocksFreq                      0x08001140   Section        0  stm32f10x_rcc.o(i.RCC_GetClocksFreq)
    i.RCC_GetFlagStatus                      0x080011d0   Section        0  stm32f10x_rcc.o(i.RCC_GetFlagStatus)
    i.RCC_GetSYSCLKSource                    0x08001200   Section        0  stm32f10x_rcc.o(i.RCC_GetSYSCLKSource)
    i.RCC_HCLKConfig                         0x08001210   Section        0  stm32f10x_rcc.o(i.RCC_HCLKConfig)
    i.RCC_HSEConfig                          0x08001224   Section        0  stm32f10x_rcc.o(i.RCC_HSEConfig)
    i.RCC_IRQHandler                         0x08001258   Section        0  stm32f10x_it.o(i.RCC_IRQHandler)
    i.RCC_PCLK1Config                        0x0800125c   Section        0  stm32f10x_rcc.o(i.RCC_PCLK1Config)
    i.RCC_PCLK2Config                        0x08001270   Section        0  stm32f10x_rcc.o(i.RCC_PCLK2Config)
    i.RCC_PLLCmd                             0x08001284   Section        0  stm32f10x_rcc.o(i.RCC_PLLCmd)
    i.RCC_PLLConfig                          0x08001290   Section        0  stm32f10x_rcc.o(i.RCC_PLLConfig)
    i.RCC_SYSCLKConfig                       0x080012a4   Section        0  stm32f10x_rcc.o(i.RCC_SYSCLKConfig)
    i.RCC_WaitForHSEStartUp                  0x080012b8   Section        0  stm32f10x_rcc.o(i.RCC_WaitForHSEStartUp)
    i.RTCAlarm_IRQHandler                    0x080012ec   Section        0  stm32f10x_it.o(i.RTCAlarm_IRQHandler)
    i.RTC_IRQHandler                         0x080012ee   Section        0  stm32f10x_it.o(i.RTC_IRQHandler)
    i.SDIO_IRQHandler                        0x080012f0   Section        0  stm32f10x_it.o(i.SDIO_IRQHandler)
    i.SPI1_IRQHandler                        0x080012f2   Section        0  stm32f10x_it.o(i.SPI1_IRQHandler)
    i.SPI2_IRQHandler                        0x080012f4   Section        0  stm32f10x_it.o(i.SPI2_IRQHandler)
    i.SPI3_IRQHandler                        0x080012f6   Section        0  stm32f10x_it.o(i.SPI3_IRQHandler)
    i.SVCHandler                             0x080012f8   Section        0  stm32f10x_it.o(i.SVCHandler)
    i.SetTimer3                              0x080012fc   Section        0  initstm32.o(i.SetTimer3)
    i.SetTimer4                              0x08001358   Section        0  initstm32.o(i.SetTimer4)
    i.SysTickHandler                         0x080013b8   Section        0  stm32f10x_it.o(i.SysTickHandler)
    i.SysTick_CounterCmd                     0x080014d0   Section        0  stm32f10x_systick.o(i.SysTick_CounterCmd)
    i.SysTick_ITConfig                       0x080014f4   Section        0  stm32f10x_systick.o(i.SysTick_ITConfig)
    i.SysTick_SetReload                      0x0800150c   Section        0  stm32f10x_systick.o(i.SysTick_SetReload)
    i.TAMPER_IRQHandler                      0x08001514   Section        0  stm32f10x_it.o(i.TAMPER_IRQHandler)
    i.TIM1_BRK_IRQHandler                    0x08001516   Section        0  stm32f10x_it.o(i.TIM1_BRK_IRQHandler)
    i.TIM1_CC_IRQHandler                     0x08001518   Section        0  stm32f10x_it.o(i.TIM1_CC_IRQHandler)
    i.TIM1_TRG_COM_IRQHandler                0x0800151a   Section        0  stm32f10x_it.o(i.TIM1_TRG_COM_IRQHandler)
    i.TIM1_UP_IRQHandler                     0x0800151c   Section        0  stm32f10x_it.o(i.TIM1_UP_IRQHandler)
    i.TIM2_IRQHandler                        0x0800151e   Section        0  stm32f10x_it.o(i.TIM2_IRQHandler)
    i.TIM3_IRQHandler                        0x08001520   Section        0  stm32f10x_it.o(i.TIM3_IRQHandler)
    i.TIM4_IRQHandler                        0x0800152c   Section        0  stm32f10x_it.o(i.TIM4_IRQHandler)
    i.TIM5_IRQHandler                        0x08001538   Section        0  stm32f10x_it.o(i.TIM5_IRQHandler)
    i.TIM6_IRQHandler                        0x0800153a   Section        0  stm32f10x_it.o(i.TIM6_IRQHandler)
    i.TIM7_IRQHandler                        0x0800153c   Section        0  stm32f10x_it.o(i.TIM7_IRQHandler)
    i.TIM8_BRK_IRQHandler                    0x0800153e   Section        0  stm32f10x_it.o(i.TIM8_BRK_IRQHandler)
    i.TIM8_CC_IRQHandler                     0x08001540   Section        0  stm32f10x_it.o(i.TIM8_CC_IRQHandler)
    i.TIM8_TRG_COM_IRQHandler                0x08001542   Section        0  stm32f10x_it.o(i.TIM8_TRG_COM_IRQHandler)
    i.TIM8_UP_IRQHandler                     0x08001544   Section        0  stm32f10x_it.o(i.TIM8_UP_IRQHandler)
    i.TIM_ARRPreloadConfig                   0x08001546   Section        0  stm32f10x_tim.o(i.TIM_ARRPreloadConfig)
    i.TIM_ClearITPendingBit                  0x0800155c   Section        0  stm32f10x_tim.o(i.TIM_ClearITPendingBit)
    i.TIM_Cmd                                0x08001562   Section        0  stm32f10x_tim.o(i.TIM_Cmd)
    i.TIM_ITConfig                           0x08001578   Section        0  stm32f10x_tim.o(i.TIM_ITConfig)
    i.TIM_TimeBaseInit                       0x08001588   Section        0  stm32f10x_tim.o(i.TIM_TimeBaseInit)
    i.UART4_IRQHandler                       0x080015c4   Section        0  stm32f10x_it.o(i.UART4_IRQHandler)
    i.UART5_IRQHandler                       0x080015c6   Section        0  stm32f10x_it.o(i.UART5_IRQHandler)
    i.USART1_IRQHandler                      0x080015c8   Section        0  stm32f10x_it.o(i.USART1_IRQHandler)
    i.USART2_IRQHandler                      0x08001614   Section        0  stm32f10x_it.o(i.USART2_IRQHandler)
    i.USART3_IRQHandler                      0x08001660   Section        0  stm32f10x_it.o(i.USART3_IRQHandler)
    i.USART_ClearITPendingBit                0x080016dc   Section        0  stm32f10x_usart.o(i.USART_ClearITPendingBit)
    i.USART_Cmd                              0x080016e8   Section        0  stm32f10x_usart.o(i.USART_Cmd)
    i.USART_Configuration                    0x080016fc   Section        0  initstm32.o(i.USART_Configuration)
    i.USART_GetFlagStatus                    0x080017a0   Section        0  stm32f10x_usart.o(i.USART_GetFlagStatus)
    i.USART_GetITStatus                      0x080017ae   Section        0  stm32f10x_usart.o(i.USART_GetITStatus)
    i.USART_ITConfig                         0x080017ec   Section        0  stm32f10x_usart.o(i.USART_ITConfig)
    i.USART_Init                             0x0800181c   Section        0  stm32f10x_usart.o(i.USART_Init)
    i.USART_ReceiveData                      0x080018a8   Section        0  stm32f10x_usart.o(i.USART_ReceiveData)
    i.USART_SendData                         0x080018b0   Section        0  stm32f10x_usart.o(i.USART_SendData)
    i.USBWakeUp_IRQHandler                   0x080018b8   Section        0  stm32f10x_it.o(i.USBWakeUp_IRQHandler)
    i.USB_HP_CAN_TX_IRQHandler               0x080018ba   Section        0  stm32f10x_it.o(i.USB_HP_CAN_TX_IRQHandler)
    i.USB_LP_CAN_RX0_IRQHandler              0x080018bc   Section        0  stm32f10x_it.o(i.USB_LP_CAN_RX0_IRQHandler)
    i.UsageFaultException                    0x080019e8   Section        0  stm32f10x_it.o(i.UsageFaultException)
    i.WWDG_IRQHandler                        0x080019ea   Section        0  stm32f10x_it.o(i.WWDG_IRQHandler)
    i.__0sprintf$5                           0x080019ec   Section        0  printf5.o(i.__0sprintf$5)
    i.__ARM_fpclassify                       0x08001a14   Section        0  fpclassify.o(i.__ARM_fpclassify)
    i.__kernel_poly                          0x08001a3c   Section        0  poly.o(i.__kernel_poly)
    i.__mathlib_dbl_underflow                0x08001ae8   Section        0  dunder.o(i.__mathlib_dbl_underflow)
    i.__scatterload_copy                     0x08001af8   Section       14  handlers.o(i.__scatterload_copy)
    i.__scatterload_null                     0x08001b06   Section        2  handlers.o(i.__scatterload_null)
    i.__scatterload_zeroinit                 0x08001b08   Section       14  handlers.o(i.__scatterload_zeroinit)
    i.__set_errno                            0x08001b18   Section        0  errno.o(i.__set_errno)
    i._printf_core                           0x08001b24   Section        0  printf5.o(i._printf_core)
    _printf_core                             0x08001b25   Thumb Code   658  printf5.o(i._printf_core)
    i._sputc                                 0x08001de4   Section        0  printf5.o(i._sputc)
    _sputc                                   0x08001de5   Thumb Code    10  printf5.o(i._sputc)
    i.fn_All_LED_OFF                         0x08001df0   Section        0  power_on_test.o(i.fn_All_LED_OFF)
    i.fn_Emergency_Indication                0x08001e60   Section        0  power_on_test.o(i.fn_Emergency_Indication)
    i.fn_uc_Accelerator_Cutoff_Status_Handler 0x08001eac   Section        0  err_handler.o(i.fn_uc_Accelerator_Cutoff_Status_Handler)
    i.fn_uc_BLE_Connection_Handler           0x08001ed0   Section        0  err_handler.o(i.fn_uc_BLE_Connection_Handler)
    i.fn_uc_Brake_Status_Handler             0x08001ef4   Section        0  update_alarm.o(i.fn_uc_Brake_Status_Handler)
    i.fn_uc_Buzzer_Rejection_Tone            0x08001f18   Section        0  err_handler.o(i.fn_uc_Buzzer_Rejection_Tone)
    i.fn_uc_Drive_LED_BUZZER                 0x08001f90   Section        0  update_alarm.o(i.fn_uc_Drive_LED_BUZZER)
    i.fn_uc_Error_Inicator_Handler           0x0800206c   Section        0  err_handler.o(i.fn_uc_Error_Inicator_Handler)
    i.fn_uc_Extract_RFID_Data_Buffer         0x08002090   Section        0  uart.o(i.fn_uc_Extract_RFID_Data_Buffer)
    i.fn_uc_Reset_Alarm_LEDs                 0x08002264   Section        0  update_alarm.o(i.fn_uc_Reset_Alarm_LEDs)
    i.fn_uc_Send_Boot_Mode_Status_To_ECU     0x080022a8   Section        0  can_configuration.o(i.fn_uc_Send_Boot_Mode_Status_To_ECU)
    i.fn_uc_Send_Heartbit_To_ECU             0x080022dc   Section        0  can_configuration.o(i.fn_uc_Send_Heartbit_To_ECU)
    i.fn_uc_Send_String_On_Debug_Port        0x08002320   Section        0  uart.o(i.fn_uc_Send_String_On_Debug_Port)
    i.fn_uc_Update_Alarm_Status              0x08002348   Section        0  update_alarm.o(i.fn_uc_Update_Alarm_Status)
    i.fn_uc_Update_Sleep_Alert_Status        0x080023dc   Section        0  update_alarm.o(i.fn_uc_Update_Sleep_Alert_Status)
    i.fn_ui_HEX_To_DEC                       0x080024b0   Section        0  main.o(i.fn_ui_HEX_To_DEC)
    i.fn_v_Initialize_System                 0x08002510   Section        0  main.o(i.fn_v_Initialize_System)
    i.get_Received_CAN_Data                  0x0800256c   Section        0  stm32f10x_can.o(i.get_Received_CAN_Data)
    i.main                                   0x080025ec   Section        0  main.o(i.main)
    i.pow                                    0x08002724   Section        0  pow.o(i.pow)
    i.sqrt                                   0x08003104   Section        0  sqrt.o(i.sqrt)
    .constdata                               0x08003150   Section       20  stm32f10x_rcc.o(.constdata)
    ADCPrescTable                            0x08003150   Data           4  stm32f10x_rcc.o(.constdata)
    APBAHBPrescTable                         0x08003154   Data          16  stm32f10x_rcc.o(.constdata)
    .constdata                               0x08003168   Section      136  pow.o(.constdata)
    bp                                       0x08003168   Data          16  pow.o(.constdata)
    dp_h                                     0x08003178   Data          16  pow.o(.constdata)
    dp_l                                     0x08003188   Data          16  pow.o(.constdata)
    L                                        0x08003198   Data          48  pow.o(.constdata)
    P                                        0x080031c8   Data          40  pow.o(.constdata)
    .constdata                               0x080031f0   Section        8  qnan.o(.constdata)
    .data                                    0x20000000   Section       56  main.o(.data)
    .data                                    0x20000038   Section        1  main.o(.data)
    .data                                    0x20000039   Section        1  main.o(.data)
    .data                                    0x2000003a   Section        1  main.o(.data)
    .data                                    0x2000003b   Section        1  main.o(.data)
    .data                                    0x2000003c   Section        1  main.o(.data)
    .data                                    0x2000003d   Section        1  main.o(.data)
    .data                                    0x2000003e   Section        1  main.o(.data)
    .data                                    0x20000040   Section        2  main.o(.data)
    .data                                    0x20000044   Section        4  main.o(.data)
    .data                                    0x20000048   Section        4  main.o(.data)
    .data                                    0x2000004c   Section        4  main.o(.data)
    .data                                    0x20000050   Section        4  main.o(.data)
    .data                                    0x20000054   Section        1  main.o(.data)
    .data                                    0x20000055   Section        1  main.o(.data)
    .data                                    0x20000056   Section        8  main.o(.data)
    .data                                    0x2000005e   Section        1  main.o(.data)
    .data                                    0x20000060   Section        4  main.o(.data)
    .data                                    0x20000064   Section        8  main.o(.data)
    .data                                    0x2000006c   Section        1  main.o(.data)
    .data                                    0x20000070   Section       16  stm32f10x_it.o(.data)
    .data                                    0x20000080   Section        8  stm32f10x_rcc.o(.data)
    HSEStatus                                0x20000080   Data           1  stm32f10x_rcc.o(.data)
    StartUpCounter                           0x20000084   Data           4  stm32f10x_rcc.o(.data)
    .data                                    0x20000088   Section        4  errno.o(.data)
    _errno                                   0x20000088   Data           4  errno.o(.data)
    .bss                                     0x2000008c   Section      100  main.o(.bss)
    .bss                                     0x200000f0   Section     1500  main.o(.bss)
    .bss                                     0x200006cc   Section       20  main.o(.bss)
    .bss                                     0x200006e0   Section       12  main.o(.bss)
    .bss                                     0x200006ec   Section       16  main.o(.bss)
    .bss                                     0x200006fc   Section       16  main.o(.bss)
    .bss                                     0x2000070c   Section     4500  stm32f10x_it.o(.bss)
    STACK                                    0x200018a0   Section     1024  stm32f10x_vector.o(STACK)

    Global Symbols

    Symbol Name                              Value     Ov Type        Size  Object(Section)

    BuildAttributes$$THM_ISAv4$P$D$K$B$S$PE$A:L22UL41UL21$X:L11$S22US41US21$IEEE1$IW$USESV6$~STKCKD$USESV7$~SHL$OTIME$ROPI$IEEEX$EBA8$MICROLIB$REQ8$PRES8$EABIv2 0x00000000   Number         0  anon$$obj.o ABSOLUTE
    __ARM_use_no_argv                        0x00000000   Number         0  main.o ABSOLUTE
    _printf_a                                0x00000000   Number         0  stubs.o ABSOLUTE
    _printf_c                                0x00000000   Number         0  stubs.o ABSOLUTE
    _printf_charcount                        0x00000000   Number         0  stubs.o ABSOLUTE
    _printf_d                                0x00000000   Number         0  stubs.o ABSOLUTE
    _printf_e                                0x00000000   Number         0  stubs.o ABSOLUTE
    _printf_f                                0x00000000   Number         0  stubs.o ABSOLUTE
    _printf_flags                            0x00000000   Number         0  stubs.o ABSOLUTE
    _printf_fp_dec                           0x00000000   Number         0  stubs.o ABSOLUTE
    _printf_fp_hex                           0x00000000   Number         0  stubs.o ABSOLUTE
    _printf_g                                0x00000000   Number         0  stubs.o ABSOLUTE
    _printf_i                                0x00000000   Number         0  stubs.o ABSOLUTE
    _printf_int_dec                          0x00000000   Number         0  stubs.o ABSOLUTE
    _printf_l                                0x00000000   Number         0  stubs.o ABSOLUTE
    _printf_lc                               0x00000000   Number         0  stubs.o ABSOLUTE
    _printf_ll                               0x00000000   Number         0  stubs.o ABSOLUTE
    _printf_lld                              0x00000000   Number         0  stubs.o ABSOLUTE
    _printf_lli                              0x00000000   Number         0  stubs.o ABSOLUTE
    _printf_llo                              0x00000000   Number         0  stubs.o ABSOLUTE
    _printf_llu                              0x00000000   Number         0  stubs.o ABSOLUTE
    _printf_llx                              0x00000000   Number         0  stubs.o ABSOLUTE
    _printf_longlong_dec                     0x00000000   Number         0  stubs.o ABSOLUTE
    _printf_longlong_hex                     0x00000000   Number         0  stubs.o ABSOLUTE
    _printf_longlong_oct                     0x00000000   Number         0  stubs.o ABSOLUTE
    _printf_ls                               0x00000000   Number         0  stubs.o ABSOLUTE
    _printf_mbtowc                           0x00000000   Number         0  stubs.o ABSOLUTE
    _printf_n                                0x00000000   Number         0  stubs.o ABSOLUTE
    _printf_o                                0x00000000   Number         0  stubs.o ABSOLUTE
    _printf_p                                0x00000000   Number         0  stubs.o ABSOLUTE
    _printf_percent                          0x00000000   Number         0  stubs.o ABSOLUTE
    _printf_pre_padding                      0x00000000   Number         0  stubs.o ABSOLUTE
    _printf_return_value                     0x00000000   Number         0  stubs.o ABSOLUTE
    _printf_s                                0x00000000   Number         0  stubs.o ABSOLUTE
    _printf_sizespec                         0x00000000   Number         0  stubs.o ABSOLUTE
    _printf_str                              0x00000000   Number         0  stubs.o ABSOLUTE
    _printf_truncate_signed                  0x00000000   Number         0  stubs.o ABSOLUTE
    _printf_truncate_unsigned                0x00000000   Number         0  stubs.o ABSOLUTE
    _printf_u                                0x00000000   Number         0  stubs.o ABSOLUTE
    _printf_wc                               0x00000000   Number         0  stubs.o ABSOLUTE
    _printf_wctomb                           0x00000000   Number         0  stubs.o ABSOLUTE
    _printf_widthprec                        0x00000000   Number         0  stubs.o ABSOLUTE
    _printf_x                                0x00000000   Number         0  stubs.o ABSOLUTE
    __cpp_initialize__aeabi_                  - Undefined Weak Reference
    __cxa_finalize                            - Undefined Weak Reference
    __decompress                              - Undefined Weak Reference
    _clock_init                               - Undefined Weak Reference
    _microlib_exit                            - Undefined Weak Reference
    __Vectors                                0x08000000   Data           4  stm32f10x_vector.o(RESET)
    __main                                   0x08000131   Thumb Code     0  entry.o(.ARM.Collect$$$$00000000)
    _main_stk                                0x08000131   Thumb Code     0  entry2.o(.ARM.Collect$$$$00000001)
    _main_scatterload                        0x08000135   Thumb Code     0  entry5.o(.ARM.Collect$$$$00000004)
    __main_after_scatterload                 0x08000139   Thumb Code     0  entry5.o(.ARM.Collect$$$$00000004)
    _main_clock                              0x08000139   Thumb Code     0  entry7b.o(.ARM.Collect$$$$00000008)
    _main_cpp_init                           0x08000139   Thumb Code     0  entry8b.o(.ARM.Collect$$$$0000000A)
    _main_init                               0x08000139   Thumb Code     0  entry9a.o(.ARM.Collect$$$$0000000B)
    __rt_final_cpp                           0x08000141   Thumb Code     0  entry10a.o(.ARM.Collect$$$$0000000D)
    __rt_final_exit                          0x08000141   Thumb Code     0  entry11a.o(.ARM.Collect$$$$0000000F)
    Reset_Handler                            0x08000145   Thumb Code     4  stm32f10x_vector.o(.text)
    __aeabi_dadd                             0x0800014d   Thumb Code   322  dadd.o(.text)
    __aeabi_dsub                             0x0800028f   Thumb Code     6  dadd.o(.text)
    __aeabi_drsub                            0x08000295   Thumb Code     6  dadd.o(.text)
    __aeabi_dmul                             0x0800029b   Thumb Code   228  dmul.o(.text)
    __aeabi_ui2d                             0x0800037f   Thumb Code    26  dfltui.o(.text)
    __aeabi_d2uiz                            0x08000399   Thumb Code    50  dfixui.o(.text)
    __aeabi_uldivmod                         0x080003cb   Thumb Code    98  uldiv.o(.text)
    __aeabi_llsl                             0x0800042d   Thumb Code    30  llshl.o(.text)
    _ll_shift_l                              0x0800042d   Thumb Code     0  llshl.o(.text)
    __aeabi_llsr                             0x0800044b   Thumb Code    32  llushr.o(.text)
    _ll_ushift_r                             0x0800044b   Thumb Code     0  llushr.o(.text)
    __aeabi_lasr                             0x0800046b   Thumb Code    36  llsshr.o(.text)
    _ll_sshift_r                             0x0800046b   Thumb Code     0  llsshr.o(.text)
    __I$use$fp                               0x0800048f   Thumb Code     0  iusefp.o(.text)
    _double_round                            0x0800048f   Thumb Code    26  depilogue.o(.text)
    _double_epilogue                         0x080004a9   Thumb Code   164  depilogue.o(.text)
    __aeabi_ddiv                             0x0800054d   Thumb Code   222  ddiv.o(.text)
    __ARM_scalbn                             0x0800062b   Thumb Code    46  dscalb.o(.text)
    scalbn                                   0x0800062b   Thumb Code     0  dscalb.o(.text)
    __aeabi_i2d                              0x08000659   Thumb Code    34  dflti.o(.text)
    __aeabi_cdrcmple                         0x0800067d   Thumb Code    38  cdrcmple.o(.text)
    __scatterload                            0x080006a5   Thumb Code    28  init.o(.text)
    __scatterload_rt2                        0x080006a5   Thumb Code     0  init.o(.text)
    _dsqrt                                   0x080006c9   Thumb Code   162  dsqrt.o(.text)
    ADC1_2_IRQHandler                        0x0800076b   Thumb Code     2  stm32f10x_it.o(i.ADC1_2_IRQHandler)
    ADC3_IRQHandler                          0x0800076d   Thumb Code     2  stm32f10x_it.o(i.ADC3_IRQHandler)
    BusFaultException                        0x0800076f   Thumb Code     2  stm32f10x_it.o(i.BusFaultException)
    CAN_ClearITPendingBit                    0x08000771   Thumb Code   150  stm32f10x_can.o(i.CAN_ClearITPendingBit)
    CAN_Config                               0x08000811   Thumb Code   146  can_configuration.o(i.CAN_Config)
    CAN_DeInit                               0x080008ad   Thumb Code    24  stm32f10x_can.o(i.CAN_DeInit)
    CAN_FIFORelease                          0x080008c5   Thumb Code    16  stm32f10x_can.o(i.CAN_FIFORelease)
    CAN_FilterInit                           0x080008d9   Thumb Code   192  stm32f10x_can.o(i.CAN_FilterInit)
    CAN_ITConfig                             0x0800099d   Thumb Code    18  stm32f10x_can.o(i.CAN_ITConfig)
    CAN_Init                                 0x080009b5   Thumb Code   204  stm32f10x_can.o(i.CAN_Init)
    CAN_RX1_IRQHandler                       0x08000a85   Thumb Code     2  stm32f10x_it.o(i.CAN_RX1_IRQHandler)
    CAN_SCE_IRQHandler                       0x08000a87   Thumb Code     2  stm32f10x_it.o(i.CAN_SCE_IRQHandler)
    CAN_StructInit                           0x08000a89   Thumb Code    32  stm32f10x_can.o(i.CAN_StructInit)
    CAN_Transmit                             0x08000aa9   Thumb Code   170  stm32f10x_can.o(i.CAN_Transmit)
    DMA1_Channel1_IRQHandler                 0x08000b5d   Thumb Code     2  stm32f10x_it.o(i.DMA1_Channel1_IRQHandler)
    DMA1_Channel2_IRQHandler                 0x08000b5f   Thumb Code     2  stm32f10x_it.o(i.DMA1_Channel2_IRQHandler)
    DMA1_Channel3_IRQHandler                 0x08000b61   Thumb Code     2  stm32f10x_it.o(i.DMA1_Channel3_IRQHandler)
    DMA1_Channel4_IRQHandler                 0x08000b63   Thumb Code     2  stm32f10x_it.o(i.DMA1_Channel4_IRQHandler)
    DMA1_Channel5_IRQHandler                 0x08000b65   Thumb Code     2  stm32f10x_it.o(i.DMA1_Channel5_IRQHandler)
    DMA1_Channel6_IRQHandler                 0x08000b67   Thumb Code     2  stm32f10x_it.o(i.DMA1_Channel6_IRQHandler)
    DMA1_Channel7_IRQHandler                 0x08000b69   Thumb Code     2  stm32f10x_it.o(i.DMA1_Channel7_IRQHandler)
    DMA2_Channel1_IRQHandler                 0x08000b6b   Thumb Code     2  stm32f10x_it.o(i.DMA2_Channel1_IRQHandler)
    DMA2_Channel2_IRQHandler                 0x08000b6d   Thumb Code     2  stm32f10x_it.o(i.DMA2_Channel2_IRQHandler)
    DMA2_Channel3_IRQHandler                 0x08000b6f   Thumb Code     2  stm32f10x_it.o(i.DMA2_Channel3_IRQHandler)
    DMA2_Channel4_5_IRQHandler               0x08000b71   Thumb Code     2  stm32f10x_it.o(i.DMA2_Channel4_5_IRQHandler)
    DebugMonitor                             0x08000b73   Thumb Code     2  stm32f10x_it.o(i.DebugMonitor)
    Delay                                    0x08000b75   Thumb Code    12  main.o(i.Delay)
    EXTI0_IRQHandler                         0x08000b85   Thumb Code     6  stm32f10x_it.o(i.EXTI0_IRQHandler)
    EXTI15_10_IRQHandler                     0x08000b8b   Thumb Code    22  stm32f10x_it.o(i.EXTI15_10_IRQHandler)
    EXTI1_IRQHandler                         0x08000ba1   Thumb Code     2  stm32f10x_it.o(i.EXTI1_IRQHandler)
    EXTI2_IRQHandler                         0x08000ba3   Thumb Code     2  stm32f10x_it.o(i.EXTI2_IRQHandler)
    EXTI3_IRQHandler                         0x08000ba5   Thumb Code     2  stm32f10x_it.o(i.EXTI3_IRQHandler)
    EXTI4_IRQHandler                         0x08000ba7   Thumb Code     6  stm32f10x_it.o(i.EXTI4_IRQHandler)
    EXTI9_5_IRQHandler                       0x08000bad   Thumb Code    32  stm32f10x_it.o(i.EXTI9_5_IRQHandler)
    EXTI_ClearITPendingBit                   0x08000bcd   Thumb Code     6  stm32f10x_exti.o(i.EXTI_ClearITPendingBit)
    EXTI_Configuration                       0x08000bd9   Thumb Code    38  initstm32.o(i.EXTI_Configuration)
    EXTI_GetITStatus                         0x08000c05   Thumb Code    28  stm32f10x_exti.o(i.EXTI_GetITStatus)
    EXTI_Init                                0x08000c25   Thumb Code   108  stm32f10x_exti.o(i.EXTI_Init)
    FLASH_IRQHandler                         0x08000c95   Thumb Code     2  stm32f10x_it.o(i.FLASH_IRQHandler)
    FLASH_PrefetchBufferCmd                  0x08000c99   Thumb Code    18  stm32f10x_flash.o(i.FLASH_PrefetchBufferCmd)
    FLASH_SetLatency                         0x08000cb1   Thumb Code    18  stm32f10x_flash.o(i.FLASH_SetLatency)
    FSMC_IRQHandler                          0x08000cc9   Thumb Code     2  stm32f10x_it.o(i.FSMC_IRQHandler)
    GPIO_Configuration                       0x08000ccd   Thumb Code   150  initstm32.o(i.GPIO_Configuration)
    GPIO_EXTILineConfig                      0x08000d75   Thumb Code    34  stm32f10x_gpio.o(i.GPIO_EXTILineConfig)
    GPIO_Init                                0x08000d9d   Thumb Code   158  stm32f10x_gpio.o(i.GPIO_Init)
    GPIO_PinRemapConfig                      0x08000e3d   Thumb Code    66  stm32f10x_gpio.o(i.GPIO_PinRemapConfig)
    GPIO_WriteBit                            0x08000e85   Thumb Code    10  stm32f10x_gpio.o(i.GPIO_WriteBit)
    HardFaultException                       0x08000e8f   Thumb Code     2  stm32f10x_it.o(i.HardFaultException)
    I2C1_ER_IRQHandler                       0x08000e91   Thumb Code     2  stm32f10x_it.o(i.I2C1_ER_IRQHandler)
    I2C1_EV_IRQHandler                       0x08000e93   Thumb Code     2  stm32f10x_it.o(i.I2C1_EV_IRQHandler)
    I2C2_ER_IRQHandler                       0x08000e95   Thumb Code     2  stm32f10x_it.o(i.I2C2_ER_IRQHandler)
    I2C2_EV_IRQHandler                       0x08000e97   Thumb Code     2  stm32f10x_it.o(i.I2C2_EV_IRQHandler)
    InitSysTickTimer                         0x08000e99   Thumb Code    32  initstm32.o(i.InitSysTickTimer)
    MemManageException                       0x08000eb9   Thumb Code     2  stm32f10x_it.o(i.MemManageException)
    NMIException                             0x08000ebb   Thumb Code     2  stm32f10x_it.o(i.NMIException)
    NVIC_Configuration                       0x08000ebd   Thumb Code   172  initstm32.o(i.NVIC_Configuration)
    NVIC_Init                                0x08000f69   Thumb Code   114  stm32f10x_nvic.o(i.NVIC_Init)
    NVIC_PriorityGroupConfig                 0x08000fe5   Thumb Code    10  stm32f10x_nvic.o(i.NVIC_PriorityGroupConfig)
    NVIC_SetVectorTable                      0x08000ff9   Thumb Code    12  stm32f10x_nvic.o(i.NVIC_SetVectorTable)
    PVD_IRQHandler                           0x0800100d   Thumb Code     2  stm32f10x_it.o(i.PVD_IRQHandler)
    PendSVC                                  0x0800100f   Thumb Code     2  stm32f10x_it.o(i.PendSVC)
    RCC_APB1PeriphClockCmd                   0x08001011   Thumb Code    18  stm32f10x_rcc.o(i.RCC_APB1PeriphClockCmd)
    RCC_APB1PeriphResetCmd                   0x08001029   Thumb Code    18  stm32f10x_rcc.o(i.RCC_APB1PeriphResetCmd)
    RCC_APB2PeriphClockCmd                   0x08001041   Thumb Code    18  stm32f10x_rcc.o(i.RCC_APB2PeriphClockCmd)
    RCC_Configuration                        0x08001059   Thumb Code   162  initstm32.o(i.RCC_Configuration)
    RCC_DeInit                               0x08001105   Thumb Code    48  stm32f10x_rcc.o(i.RCC_DeInit)
    RCC_GetClocksFreq                        0x08001141   Thumb Code   128  stm32f10x_rcc.o(i.RCC_GetClocksFreq)
    RCC_GetFlagStatus                        0x080011d1   Thumb Code    44  stm32f10x_rcc.o(i.RCC_GetFlagStatus)
    RCC_GetSYSCLKSource                      0x08001201   Thumb Code    10  stm32f10x_rcc.o(i.RCC_GetSYSCLKSource)
    RCC_HCLKConfig                           0x08001211   Thumb Code    14  stm32f10x_rcc.o(i.RCC_HCLKConfig)
    RCC_HSEConfig                            0x08001225   Thumb Code    48  stm32f10x_rcc.o(i.RCC_HSEConfig)
    RCC_IRQHandler                           0x08001259   Thumb Code     2  stm32f10x_it.o(i.RCC_IRQHandler)
    RCC_PCLK1Config                          0x0800125d   Thumb Code    14  stm32f10x_rcc.o(i.RCC_PCLK1Config)
    RCC_PCLK2Config                          0x08001271   Thumb Code    16  stm32f10x_rcc.o(i.RCC_PCLK2Config)
    RCC_PLLCmd                               0x08001285   Thumb Code     6  stm32f10x_rcc.o(i.RCC_PLLCmd)
    RCC_PLLConfig                            0x08001291   Thumb Code    16  stm32f10x_rcc.o(i.RCC_PLLConfig)
    RCC_SYSCLKConfig                         0x080012a5   Thumb Code    14  stm32f10x_rcc.o(i.RCC_SYSCLKConfig)
    RCC_WaitForHSEStartUp                    0x080012b9   Thumb Code    46  stm32f10x_rcc.o(i.RCC_WaitForHSEStartUp)
    RTCAlarm_IRQHandler                      0x080012ed   Thumb Code     2  stm32f10x_it.o(i.RTCAlarm_IRQHandler)
    RTC_IRQHandler                           0x080012ef   Thumb Code     2  stm32f10x_it.o(i.RTC_IRQHandler)
    SDIO_IRQHandler                          0x080012f1   Thumb Code     2  stm32f10x_it.o(i.SDIO_IRQHandler)
    SPI1_IRQHandler                          0x080012f3   Thumb Code     2  stm32f10x_it.o(i.SPI1_IRQHandler)
    SPI2_IRQHandler                          0x080012f5   Thumb Code     2  stm32f10x_it.o(i.SPI2_IRQHandler)
    SPI3_IRQHandler                          0x080012f7   Thumb Code     2  stm32f10x_it.o(i.SPI3_IRQHandler)
    SVCHandler                               0x080012f9   Thumb Code     2  stm32f10x_it.o(i.SVCHandler)
    SetTimer3                                0x080012fd   Thumb Code    88  initstm32.o(i.SetTimer3)
    SetTimer4                                0x08001359   Thumb Code    92  initstm32.o(i.SetTimer4)
    SysTickHandler                           0x080013b9   Thumb Code   208  stm32f10x_it.o(i.SysTickHandler)
    SysTick_CounterCmd                       0x080014d1   Thumb Code    36  stm32f10x_systick.o(i.SysTick_CounterCmd)
    SysTick_ITConfig                         0x080014f5   Thumb Code    24  stm32f10x_systick.o(i.SysTick_ITConfig)
    SysTick_SetReload                        0x0800150d   Thumb Code     8  stm32f10x_systick.o(i.SysTick_SetReload)
    TAMPER_IRQHandler                        0x08001515   Thumb Code     2  stm32f10x_it.o(i.TAMPER_IRQHandler)
    TIM1_BRK_IRQHandler                      0x08001517   Thumb Code     2  stm32f10x_it.o(i.TIM1_BRK_IRQHandler)
    TIM1_CC_IRQHandler                       0x08001519   Thumb Code     2  stm32f10x_it.o(i.TIM1_CC_IRQHandler)
    TIM1_TRG_COM_IRQHandler                  0x0800151b   Thumb Code     2  stm32f10x_it.o(i.TIM1_TRG_COM_IRQHandler)
    TIM1_UP_IRQHandler                       0x0800151d   Thumb Code     2  stm32f10x_it.o(i.TIM1_UP_IRQHandler)
    TIM2_IRQHandler                          0x0800151f   Thumb Code     2  stm32f10x_it.o(i.TIM2_IRQHandler)
    TIM3_IRQHandler                          0x08001521   Thumb Code     8  stm32f10x_it.o(i.TIM3_IRQHandler)
    TIM4_IRQHandler                          0x0800152d   Thumb Code     8  stm32f10x_it.o(i.TIM4_IRQHandler)
    TIM5_IRQHandler                          0x08001539   Thumb Code     2  stm32f10x_it.o(i.TIM5_IRQHandler)
    TIM6_IRQHandler                          0x0800153b   Thumb Code     2  stm32f10x_it.o(i.TIM6_IRQHandler)
    TIM7_IRQHandler                          0x0800153d   Thumb Code     2  stm32f10x_it.o(i.TIM7_IRQHandler)
    TIM8_BRK_IRQHandler                      0x0800153f   Thumb Code     2  stm32f10x_it.o(i.TIM8_BRK_IRQHandler)
    TIM8_CC_IRQHandler                       0x08001541   Thumb Code     2  stm32f10x_it.o(i.TIM8_CC_IRQHandler)
    TIM8_TRG_COM_IRQHandler                  0x08001543   Thumb Code     2  stm32f10x_it.o(i.TIM8_TRG_COM_IRQHandler)
    TIM8_UP_IRQHandler                       0x08001545   Thumb Code     2  stm32f10x_it.o(i.TIM8_UP_IRQHandler)
    TIM_ARRPreloadConfig                     0x08001547   Thumb Code    22  stm32f10x_tim.o(i.TIM_ARRPreloadConfig)
    TIM_ClearITPendingBit                    0x0800155d   Thumb Code     6  stm32f10x_tim.o(i.TIM_ClearITPendingBit)
    TIM_Cmd                                  0x08001563   Thumb Code    22  stm32f10x_tim.o(i.TIM_Cmd)
    TIM_ITConfig                             0x08001579   Thumb Code    16  stm32f10x_tim.o(i.TIM_ITConfig)
    TIM_TimeBaseInit                         0x08001589   Thumb Code    50  stm32f10x_tim.o(i.TIM_TimeBaseInit)
    UART4_IRQHandler                         0x080015c5   Thumb Code     2  stm32f10x_it.o(i.UART4_IRQHandler)
    UART5_IRQHandler                         0x080015c7   Thumb Code     2  stm32f10x_it.o(i.UART5_IRQHandler)
    USART1_IRQHandler                        0x080015c9   Thumb Code    64  stm32f10x_it.o(i.USART1_IRQHandler)
    USART2_IRQHandler                        0x08001615   Thumb Code    64  stm32f10x_it.o(i.USART2_IRQHandler)
    USART3_IRQHandler                        0x08001661   Thumb Code   106  stm32f10x_it.o(i.USART3_IRQHandler)
    USART_ClearITPendingBit                  0x080016dd   Thumb Code    12  stm32f10x_usart.o(i.USART_ClearITPendingBit)
    USART_Cmd                                0x080016e9   Thumb Code    20  stm32f10x_usart.o(i.USART_Cmd)
    USART_Configuration                      0x080016fd   Thumb Code   146  initstm32.o(i.USART_Configuration)
    USART_GetFlagStatus                      0x080017a1   Thumb Code    14  stm32f10x_usart.o(i.USART_GetFlagStatus)
    USART_GetITStatus                        0x080017af   Thumb Code    62  stm32f10x_usart.o(i.USART_GetITStatus)
    USART_ITConfig                           0x080017ed   Thumb Code    48  stm32f10x_usart.o(i.USART_ITConfig)
    USART_Init                               0x0800181d   Thumb Code   134  stm32f10x_usart.o(i.USART_Init)
    USART_ReceiveData                        0x080018a9   Thumb Code     8  stm32f10x_usart.o(i.USART_ReceiveData)
    USART_SendData                           0x080018b1   Thumb Code     8  stm32f10x_usart.o(i.USART_SendData)
    USBWakeUp_IRQHandler                     0x080018b9   Thumb Code     2  stm32f10x_it.o(i.USBWakeUp_IRQHandler)
    USB_HP_CAN_TX_IRQHandler                 0x080018bb   Thumb Code     2  stm32f10x_it.o(i.USB_HP_CAN_TX_IRQHandler)
    USB_LP_CAN_RX0_IRQHandler                0x080018bd   Thumb Code   228  stm32f10x_it.o(i.USB_LP_CAN_RX0_IRQHandler)
    UsageFaultException                      0x080019e9   Thumb Code     2  stm32f10x_it.o(i.UsageFaultException)
    WWDG_IRQHandler                          0x080019eb   Thumb Code     2  stm32f10x_it.o(i.WWDG_IRQHandler)
    __0sprintf$5                             0x080019ed   Thumb Code    34  printf5.o(i.__0sprintf$5)
    __1sprintf$5                             0x080019ed   Thumb Code     0  printf5.o(i.__0sprintf$5)
    __2sprintf                               0x080019ed   Thumb Code     0  printf5.o(i.__0sprintf$5)
    __ARM_fpclassify                         0x08001a15   Thumb Code    40  fpclassify.o(i.__ARM_fpclassify)
    __kernel_poly                            0x08001a3d   Thumb Code   170  poly.o(i.__kernel_poly)
    __mathlib_dbl_underflow                  0x08001ae9   Thumb Code    10  dunder.o(i.__mathlib_dbl_underflow)
    __scatterload_copy                       0x08001af9   Thumb Code    14  handlers.o(i.__scatterload_copy)
    __scatterload_null                       0x08001b07   Thumb Code     2  handlers.o(i.__scatterload_null)
    __scatterload_zeroinit                   0x08001b09   Thumb Code    14  handlers.o(i.__scatterload_zeroinit)
    __set_errno                              0x08001b19   Thumb Code     6  errno.o(i.__set_errno)
    fn_All_LED_OFF                           0x08001df1   Thumb Code   104  power_on_test.o(i.fn_All_LED_OFF)
    fn_Emergency_Indication                  0x08001e61   Thumb Code    68  power_on_test.o(i.fn_Emergency_Indication)
    fn_uc_Accelerator_Cutoff_Status_Handler  0x08001ead   Thumb Code    26  err_handler.o(i.fn_uc_Accelerator_Cutoff_Status_Handler)
    fn_uc_BLE_Connection_Handler             0x08001ed1   Thumb Code    26  err_handler.o(i.fn_uc_BLE_Connection_Handler)
    fn_uc_Brake_Status_Handler               0x08001ef5   Thumb Code    26  update_alarm.o(i.fn_uc_Brake_Status_Handler)
    fn_uc_Buzzer_Rejection_Tone              0x08001f19   Thumb Code   110  err_handler.o(i.fn_uc_Buzzer_Rejection_Tone)
    fn_uc_Drive_LED_BUZZER                   0x08001f91   Thumb Code   188  update_alarm.o(i.fn_uc_Drive_LED_BUZZER)
    fn_uc_Error_Inicator_Handler             0x0800206d   Thumb Code    26  err_handler.o(i.fn_uc_Error_Inicator_Handler)
    fn_uc_Extract_RFID_Data_Buffer           0x08002091   Thumb Code   376  uart.o(i.fn_uc_Extract_RFID_Data_Buffer)
    fn_uc_Reset_Alarm_LEDs                   0x08002265   Thumb Code    60  update_alarm.o(i.fn_uc_Reset_Alarm_LEDs)
    fn_uc_Send_Boot_Mode_Status_To_ECU       0x080022a9   Thumb Code    48  can_configuration.o(i.fn_uc_Send_Boot_Mode_Status_To_ECU)
    fn_uc_Send_Heartbit_To_ECU               0x080022dd   Thumb Code    60  can_configuration.o(i.fn_uc_Send_Heartbit_To_ECU)
    fn_uc_Send_String_On_Debug_Port          0x08002321   Thumb Code    36  uart.o(i.fn_uc_Send_String_On_Debug_Port)
    fn_uc_Update_Alarm_Status                0x08002349   Thumb Code   128  update_alarm.o(i.fn_uc_Update_Alarm_Status)
    fn_uc_Update_Sleep_Alert_Status          0x080023dd   Thumb Code   170  update_alarm.o(i.fn_uc_Update_Sleep_Alert_Status)
    fn_ui_HEX_To_DEC                         0x080024b1   Thumb Code    92  main.o(i.fn_ui_HEX_To_DEC)
    fn_v_Initialize_System                   0x08002511   Thumb Code    84  main.o(i.fn_v_Initialize_System)
    get_Received_CAN_Data                    0x0800256d   Thumb Code   122  stm32f10x_can.o(i.get_Received_CAN_Data)
    main                                     0x080025ed   Thumb Code   212  main.o(i.main)
    pow                                      0x08002725   Thumb Code  2510  pow.o(i.pow)
    sqrt                                     0x08003105   Thumb Code    76  sqrt.o(i.sqrt)
    __mathlib_zero                           0x080031f0   Data           8  qnan.o(.constdata)
    Region$$Table$$Base                      0x080031f8   Number         0  anon$$obj.o(Region$$Table)
    Region$$Table$$Limit                     0x08003218   Number         0  anon$$obj.o(Region$$Table)
    g_uc_Cruz_Status                         0x20000000   Data           1  main.o(.data)
    g_uc_Alarm_Status                        0x20000001   Data           1  main.o(.data)
    g_uc_Flag_Timer_State                    0x20000002   Data           1  main.o(.data)
    g_uc_Flag_LED_State                      0x20000003   Data           1  main.o(.data)
    g_uc_Flag_Previous_LED_State             0x20000004   Data           1  main.o(.data)
    g_uc_Flag_Cycle_State                    0x20000005   Data           1  main.o(.data)
    g_uc_Cycle_Mode                          0x20000006   Data           1  main.o(.data)
    g_uc_Previous_Alarm_Status               0x20000007   Data           1  main.o(.data)
    g_uc_Flag_Sleep_Alert_Timer              0x20000008   Data           1  main.o(.data)
    g_uc_Flag_Sleep_alert_Buzzer_State       0x20000009   Data           1  main.o(.data)
    g_uc_Flag_Previous_Sleep_alert_Buzzer_State 0x2000000a   Data           1  main.o(.data)
    g_uc_Flag_Sleep_alert_Current_Cycle_State 0x2000000b   Data           1  main.o(.data)
    g_uc_Sleep_Alert_Cycle_Mode              0x2000000c   Data           1  main.o(.data)
    g_uc_Flag_Play_Error_Buzzer_Tone         0x2000000d   Data           1  main.o(.data)
    g_uc_flag_First_Time_Key_Detection       0x2000000e   Data           1  main.o(.data)
    g_uc_Flag_Previous_State                 0x2000000f   Data           1  main.o(.data)
    g_uc_Flag_Long_Key_Pressed               0x20000010   Data           1  main.o(.data)
    g_uc_Flag_Emergency_Button_Status        0x20000011   Data           1  main.o(.data)
    g_uc_Power_ON_Flag                       0x20000012   Data           1  main.o(.data)
    g_uc_Key_Press_Counter                   0x20000013   Data           1  main.o(.data)
    g_uc_Flag_Multiple_Times_Key_Pressed     0x20000014   Data           1  main.o(.data)
    g_bln_UART_Interrupt                     0x20000015   Data           1  main.o(.data)
    g_vus_Ticker_BUZZER_LED_ON               0x20000016   Data           2  main.o(.data)
    g_vui_mSec                               0x20000018   Data           4  main.o(.data)
    g_vui_Ticker_Sleep_alert_Buzzer_On_time  0x2000001c   Data           4  main.o(.data)
    g_vui_Ticker_Sleep_alert_Buzzer_Off_time 0x20000020   Data           4  main.o(.data)
    g_vui_Ticker_Power_ON_Key_Detection_Timer 0x20000024   Data           4  main.o(.data)
    g_vui_Ticker_Key_Debounce_Timeout        0x20000028   Data           4  main.o(.data)
    g_vui_Ticker_Time_Between_Two_Key_Press_Timer 0x2000002c   Data           4  main.o(.data)
    g_vui_Ticker_Long_Key_Press_Detection_Timer 0x20000030   Data           4  main.o(.data)
    g_vui_Ticker_LED_Heartbit                0x20000034   Data           4  main.o(.data)
    g_uc_Bluetooth_Status                    0x20000038   Data           1  main.o(.data)
    g_uc_Error_Status                        0x20000039   Data           1  main.o(.data)
    g_uc_Accelerator_Status                  0x2000003a   Data           1  main.o(.data)
    g_uc_Sleep_Alert_Status                  0x2000003b   Data           1  main.o(.data)
    g_uc_Flag_Toggle_Cruise_LED              0x2000003c   Data           1  main.o(.data)
    g_uc_Flag_Clear_ALL_LED_Buzzer_State     0x2000003d   Data           1  main.o(.data)
    g_uc_Flag_Brake_Alert_Status             0x2000003e   Data           1  main.o(.data)
    g_vus_Ticker_BUZZER_LED_OFF              0x20000040   Data           2  main.o(.data)
    g_vui_Ticker_Cruise_Pause                0x20000044   Data           4  main.o(.data)
    g_ui_Read_Buffer_Index                   0x20000048   Data           4  main.o(.data)
    g_ui_Previous_Data_Buffer_Index          0x2000004c   Data           4  main.o(.data)
    g_ui_RFID_Buffer_Data_Mode_Read_Index    0x20000050   Data           4  main.o(.data)
    g_uc_RFID_Card_Version                   0x20000054   Data           1  main.o(.data)
    g_uc_RFID_Card_CRC                       0x20000055   Data           1  main.o(.data)
    g_uc_ECU_Data_Msg                        0x20000056   Data           8  main.o(.data)
    g_vuc_clock_stable                       0x2000005e   Data           1  main.o(.data)
    GPIO_InitStructure                       0x20000060   Data           4  main.o(.data)
    EXTI_InitStructure                       0x20000064   Data           8  main.o(.data)
    HSEStartUpStatus                         0x2000006c   Data           1  main.o(.data)
    g_uc_Data_Count                          0x20000070   Data           1  stm32f10x_it.o(.data)
    g_uc_Uart1_Wr_Data_Ctr                   0x20000074   Data           4  stm32f10x_it.o(.data)
    g_uc_Uart2_Wr_Data_Ctr                   0x20000078   Data           4  stm32f10x_it.o(.data)
    g_uc_Uart3_Wr_Data_Ctr                   0x2000007c   Data           4  stm32f10x_it.o(.data)
    g_uc_Transmit_Buffer                     0x2000008c   Data         100  main.o(.bss)
    g_uc_Read_Buffer                         0x200000f0   Data        1500  main.o(.bss)
    Can_Tx_Msg                               0x200006cc   Data          20  main.o(.bss)
    CAN_InitStructure                        0x200006e0   Data          12  main.o(.bss)
    CAN_FilterInitStructure                  0x200006ec   Data          16  main.o(.bss)
    USART_InitStructure                      0x200006fc   Data          16  main.o(.bss)
    g_uc_Uart1_Rx_Buf                        0x2000070c   Data        1500  stm32f10x_it.o(.bss)
    g_uc_Uart2_Rx_Buf                        0x20000ce8   Data        1500  stm32f10x_it.o(.bss)
    g_uc_Uart3_Rx_Buf                        0x200012c4   Data        1500  stm32f10x_it.o(.bss)
    __initial_sp                             0x20001ca0   Data           0  stm32f10x_vector.o(STACK)



==============================================================================

Memory Map of the image

  Image Entry point : 0x08000131

  Load Region LR_IROM1 (Base: 0x08000000, Size: 0x000032a4, Max: 0x00010000, ABSOLUTE)

    Execution Region ER_IROM1 (Base: 0x08000000, Size: 0x00003218, Max: 0x00010000, ABSOLUTE)

    Base Addr    Size         Type   Attr      Idx    E Section Name        Object

    0x08000000   0x00000130   Data   RO           67    RESET               stm32f10x_vector.o
    0x08000130   0x00000000   Code   RO          499  * .ARM.Collect$$$$00000000  mc_w.l(entry.o)
    0x08000130   0x00000004   Code   RO          645    .ARM.Collect$$$$00000001  mc_w.l(entry2.o)
    0x08000134   0x00000004   Code   RO          648    .ARM.Collect$$$$00000004  mc_w.l(entry5.o)
    0x08000138   0x00000000   Code   RO          650    .ARM.Collect$$$$00000008  mc_w.l(entry7b.o)
    0x08000138   0x00000000   Code   RO          652    .ARM.Collect$$$$0000000A  mc_w.l(entry8b.o)
    0x08000138   0x00000008   Code   RO          653    .ARM.Collect$$$$0000000B  mc_w.l(entry9a.o)
    0x08000140   0x00000000   Code   RO          655    .ARM.Collect$$$$0000000D  mc_w.l(entry10a.o)
    0x08000140   0x00000000   Code   RO          657    .ARM.Collect$$$$0000000F  mc_w.l(entry11a.o)
    0x08000140   0x00000004   Code   RO          646    .ARM.Collect$$$$00002712  mc_w.l(entry2.o)
    0x08000144   0x00000008   Code   RO           68    .text               stm32f10x_vector.o
    0x0800014c   0x0000014e   Code   RO          633    .text               mf_w.l(dadd.o)
    0x0800029a   0x000000e4   Code   RO          634    .text               mf_w.l(dmul.o)
    0x0800037e   0x0000001a   Code   RO          635    .text               mf_w.l(dfltui.o)
    0x08000398   0x00000032   Code   RO          636    .text               mf_w.l(dfixui.o)
    0x080003ca   0x00000062   Code   RO          662    .text               mc_w.l(uldiv.o)
    0x0800042c   0x0000001e   Code   RO          663    .text               mc_w.l(llshl.o)
    0x0800044a   0x00000020   Code   RO          664    .text               mc_w.l(llushr.o)
    0x0800046a   0x00000024   Code   RO          665    .text               mc_w.l(llsshr.o)
    0x0800048e   0x00000000   Code   RO          670    .text               mc_w.l(iusefp.o)
    0x0800048e   0x000000be   Code   RO          671    .text               mf_w.l(depilogue.o)
    0x0800054c   0x000000de   Code   RO          672    .text               mf_w.l(ddiv.o)
    0x0800062a   0x0000002e   Code   RO          673    .text               mf_w.l(dscalb.o)
    0x08000658   0x00000022   Code   RO          674    .text               mf_w.l(dflti.o)
    0x0800067a   0x00000002   PAD
    0x0800067c   0x00000028   Code   RO          676    .text               mf_w.l(cdrcmple.o)
    0x080006a4   0x00000024   Code   RO          677    .text               mc_w.l(init.o)
    0x080006c8   0x000000a2   Code   RO          680    .text               mf_w.l(dsqrt.o)
    0x0800076a   0x00000002   Code   RO          203    i.ADC1_2_IRQHandler  stm32f10x_it.o
    0x0800076c   0x00000002   Code   RO          204    i.ADC3_IRQHandler   stm32f10x_it.o
    0x0800076e   0x00000002   Code   RO          205    i.BusFaultException  stm32f10x_it.o
    0x08000770   0x000000a0   Code   RO          107    i.CAN_ClearITPendingBit  stm32f10x_can.o
    0x08000810   0x0000009c   Code   RO           52    i.CAN_Config        can_configuration.o
    0x080008ac   0x00000018   Code   RO          108    i.CAN_DeInit        stm32f10x_can.o
    0x080008c4   0x00000014   Code   RO          109    i.CAN_FIFORelease   stm32f10x_can.o
    0x080008d8   0x000000c4   Code   RO          110    i.CAN_FilterInit    stm32f10x_can.o
    0x0800099c   0x00000018   Code   RO          113    i.CAN_ITConfig      stm32f10x_can.o
    0x080009b4   0x000000d0   Code   RO          114    i.CAN_Init          stm32f10x_can.o
    0x08000a84   0x00000002   Code   RO          206    i.CAN_RX1_IRQHandler  stm32f10x_it.o
    0x08000a86   0x00000002   Code   RO          207    i.CAN_SCE_IRQHandler  stm32f10x_it.o
    0x08000a88   0x00000020   Code   RO          117    i.CAN_StructInit    stm32f10x_can.o
    0x08000aa8   0x000000b4   Code   RO          118    i.CAN_Transmit      stm32f10x_can.o
    0x08000b5c   0x00000002   Code   RO          208    i.DMA1_Channel1_IRQHandler  stm32f10x_it.o
    0x08000b5e   0x00000002   Code   RO          209    i.DMA1_Channel2_IRQHandler  stm32f10x_it.o
    0x08000b60   0x00000002   Code   RO          210    i.DMA1_Channel3_IRQHandler  stm32f10x_it.o
    0x08000b62   0x00000002   Code   RO          211    i.DMA1_Channel4_IRQHandler  stm32f10x_it.o
    0x08000b64   0x00000002   Code   RO          212    i.DMA1_Channel5_IRQHandler  stm32f10x_it.o
    0x08000b66   0x00000002   Code   RO          213    i.DMA1_Channel6_IRQHandler  stm32f10x_it.o
    0x08000b68   0x00000002   Code   RO          214    i.DMA1_Channel7_IRQHandler  stm32f10x_it.o
    0x08000b6a   0x00000002   Code   RO          215    i.DMA2_Channel1_IRQHandler  stm32f10x_it.o
    0x08000b6c   0x00000002   Code   RO          216    i.DMA2_Channel2_IRQHandler  stm32f10x_it.o
    0x08000b6e   0x00000002   Code   RO          217    i.DMA2_Channel3_IRQHandler  stm32f10x_it.o
    0x08000b70   0x00000002   Code   RO          218    i.DMA2_Channel4_5_IRQHandler  stm32f10x_it.o
    0x08000b72   0x00000002   Code   RO          219    i.DebugMonitor      stm32f10x_it.o
    0x08000b74   0x00000010   Code   RO            6    i.Delay             main.o
    0x08000b84   0x00000006   Code   RO          220    i.EXTI0_IRQHandler  stm32f10x_it.o
    0x08000b8a   0x00000016   Code   RO          221    i.EXTI15_10_IRQHandler  stm32f10x_it.o
    0x08000ba0   0x00000002   Code   RO          222    i.EXTI1_IRQHandler  stm32f10x_it.o
    0x08000ba2   0x00000002   Code   RO          223    i.EXTI2_IRQHandler  stm32f10x_it.o
    0x08000ba4   0x00000002   Code   RO          224    i.EXTI3_IRQHandler  stm32f10x_it.o
    0x08000ba6   0x00000006   Code   RO          225    i.EXTI4_IRQHandler  stm32f10x_it.o
    0x08000bac   0x00000020   Code   RO          226    i.EXTI9_5_IRQHandler  stm32f10x_it.o
    0x08000bcc   0x0000000c   Code   RO          124    i.EXTI_ClearITPendingBit  stm32f10x_exti.o
    0x08000bd8   0x0000002c   Code   RO           56    i.EXTI_Configuration  initstm32.o
    0x08000c04   0x00000020   Code   RO          128    i.EXTI_GetITStatus  stm32f10x_exti.o
    0x08000c24   0x00000070   Code   RO          129    i.EXTI_Init         stm32f10x_exti.o
    0x08000c94   0x00000002   Code   RO          227    i.FLASH_IRQHandler  stm32f10x_it.o
    0x08000c96   0x00000002   PAD
    0x08000c98   0x00000018   Code   RO          145    i.FLASH_PrefetchBufferCmd  stm32f10x_flash.o
    0x08000cb0   0x00000018   Code   RO          150    i.FLASH_SetLatency  stm32f10x_flash.o
    0x08000cc8   0x00000002   Code   RO          228    i.FSMC_IRQHandler   stm32f10x_it.o
    0x08000cca   0x00000002   PAD
    0x08000ccc   0x000000a8   Code   RO           57    i.GPIO_Configuration  initstm32.o
    0x08000d74   0x00000028   Code   RO          156    i.GPIO_EXTILineConfig  stm32f10x_gpio.o
    0x08000d9c   0x0000009e   Code   RO          159    i.GPIO_Init         stm32f10x_gpio.o
    0x08000e3a   0x00000002   PAD
    0x08000e3c   0x00000048   Code   RO          161    i.GPIO_PinRemapConfig  stm32f10x_gpio.o
    0x08000e84   0x0000000a   Code   RO          170    i.GPIO_WriteBit     stm32f10x_gpio.o
    0x08000e8e   0x00000002   Code   RO          229    i.HardFaultException  stm32f10x_it.o
    0x08000e90   0x00000002   Code   RO          230    i.I2C1_ER_IRQHandler  stm32f10x_it.o
    0x08000e92   0x00000002   Code   RO          231    i.I2C1_EV_IRQHandler  stm32f10x_it.o
    0x08000e94   0x00000002   Code   RO          232    i.I2C2_ER_IRQHandler  stm32f10x_it.o
    0x08000e96   0x00000002   Code   RO          233    i.I2C2_EV_IRQHandler  stm32f10x_it.o
    0x08000e98   0x00000020   Code   RO           58    i.InitSysTickTimer  initstm32.o
    0x08000eb8   0x00000002   Code   RO          234    i.MemManageException  stm32f10x_it.o
    0x08000eba   0x00000002   Code   RO          235    i.NMIException      stm32f10x_it.o
    0x08000ebc   0x000000ac   Code   RO           59    i.NVIC_Configuration  initstm32.o
    0x08000f68   0x0000007c   Code   RO          302    i.NVIC_Init         stm32f10x_nvic.o
    0x08000fe4   0x00000014   Code   RO          303    i.NVIC_PriorityGroupConfig  stm32f10x_nvic.o
    0x08000ff8   0x00000014   Code   RO          311    i.NVIC_SetVectorTable  stm32f10x_nvic.o
    0x0800100c   0x00000002   Code   RO          236    i.PVD_IRQHandler    stm32f10x_it.o
    0x0800100e   0x00000002   Code   RO          237    i.PendSVC           stm32f10x_it.o
    0x08001010   0x00000018   Code   RO          327    i.RCC_APB1PeriphClockCmd  stm32f10x_rcc.o
    0x08001028   0x00000018   Code   RO          328    i.RCC_APB1PeriphResetCmd  stm32f10x_rcc.o
    0x08001040   0x00000018   Code   RO          329    i.RCC_APB2PeriphClockCmd  stm32f10x_rcc.o
    0x08001058   0x000000ac   Code   RO           60    i.RCC_Configuration  initstm32.o
    0x08001104   0x0000003c   Code   RO          336    i.RCC_DeInit        stm32f10x_rcc.o
    0x08001140   0x00000090   Code   RO          337    i.RCC_GetClocksFreq  stm32f10x_rcc.o
    0x080011d0   0x00000030   Code   RO          338    i.RCC_GetFlagStatus  stm32f10x_rcc.o
    0x08001200   0x00000010   Code   RO          340    i.RCC_GetSYSCLKSource  stm32f10x_rcc.o
    0x08001210   0x00000014   Code   RO          341    i.RCC_HCLKConfig    stm32f10x_rcc.o
    0x08001224   0x00000034   Code   RO          342    i.RCC_HSEConfig     stm32f10x_rcc.o
    0x08001258   0x00000002   Code   RO          238    i.RCC_IRQHandler    stm32f10x_it.o
    0x0800125a   0x00000002   PAD
    0x0800125c   0x00000014   Code   RO          348    i.RCC_PCLK1Config   stm32f10x_rcc.o
    0x08001270   0x00000014   Code   RO          349    i.RCC_PCLK2Config   stm32f10x_rcc.o
    0x08001284   0x0000000c   Code   RO          350    i.RCC_PLLCmd        stm32f10x_rcc.o
    0x08001290   0x00000014   Code   RO          351    i.RCC_PLLConfig     stm32f10x_rcc.o
    0x080012a4   0x00000014   Code   RO          354    i.RCC_SYSCLKConfig  stm32f10x_rcc.o
    0x080012b8   0x00000034   Code   RO          356    i.RCC_WaitForHSEStartUp  stm32f10x_rcc.o
    0x080012ec   0x00000002   Code   RO          239    i.RTCAlarm_IRQHandler  stm32f10x_it.o
    0x080012ee   0x00000002   Code   RO          240    i.RTC_IRQHandler    stm32f10x_it.o
    0x080012f0   0x00000002   Code   RO          241    i.SDIO_IRQHandler   stm32f10x_it.o
    0x080012f2   0x00000002   Code   RO          242    i.SPI1_IRQHandler   stm32f10x_it.o
    0x080012f4   0x00000002   Code   RO          243    i.SPI2_IRQHandler   stm32f10x_it.o
    0x080012f6   0x00000002   Code   RO          244    i.SPI3_IRQHandler   stm32f10x_it.o
    0x080012f8   0x00000002   Code   RO          245    i.SVCHandler        stm32f10x_it.o
    0x080012fa   0x00000002   PAD
    0x080012fc   0x0000005c   Code   RO           61    i.SetTimer3         initstm32.o
    0x08001358   0x00000060   Code   RO           62    i.SetTimer4         initstm32.o
    0x080013b8   0x00000118   Code   RO          246    i.SysTickHandler    stm32f10x_it.o
    0x080014d0   0x00000024   Code   RO          484    i.SysTick_CounterCmd  stm32f10x_systick.o
    0x080014f4   0x00000018   Code   RO          487    i.SysTick_ITConfig  stm32f10x_systick.o
    0x0800150c   0x00000008   Code   RO          488    i.SysTick_SetReload  stm32f10x_systick.o
    0x08001514   0x00000002   Code   RO          247    i.TAMPER_IRQHandler  stm32f10x_it.o
    0x08001516   0x00000002   Code   RO          248    i.TIM1_BRK_IRQHandler  stm32f10x_it.o
    0x08001518   0x00000002   Code   RO          249    i.TIM1_CC_IRQHandler  stm32f10x_it.o
    0x0800151a   0x00000002   Code   RO          250    i.TIM1_TRG_COM_IRQHandler  stm32f10x_it.o
    0x0800151c   0x00000002   Code   RO          251    i.TIM1_UP_IRQHandler  stm32f10x_it.o
    0x0800151e   0x00000002   Code   RO          252    i.TIM2_IRQHandler   stm32f10x_it.o
    0x08001520   0x0000000c   Code   RO          253    i.TIM3_IRQHandler   stm32f10x_it.o
    0x0800152c   0x0000000c   Code   RO          254    i.TIM4_IRQHandler   stm32f10x_it.o
    0x08001538   0x00000002   Code   RO          255    i.TIM5_IRQHandler   stm32f10x_it.o
    0x0800153a   0x00000002   Code   RO          256    i.TIM6_IRQHandler   stm32f10x_it.o
    0x0800153c   0x00000002   Code   RO          257    i.TIM7_IRQHandler   stm32f10x_it.o
    0x0800153e   0x00000002   Code   RO          258    i.TIM8_BRK_IRQHandler  stm32f10x_it.o
    0x08001540   0x00000002   Code   RO          259    i.TIM8_CC_IRQHandler  stm32f10x_it.o
    0x08001542   0x00000002   Code   RO          260    i.TIM8_TRG_COM_IRQHandler  stm32f10x_it.o
    0x08001544   0x00000002   Code   RO          261    i.TIM8_UP_IRQHandler  stm32f10x_it.o
    0x08001546   0x00000016   Code   RO          361    i.TIM_ARRPreloadConfig  stm32f10x_tim.o
    0x0800155c   0x00000006   Code   RO          368    i.TIM_ClearITPendingBit  stm32f10x_tim.o
    0x08001562   0x00000016   Code   RO          373    i.TIM_Cmd           stm32f10x_tim.o
    0x08001578   0x00000010   Code   RO          398    i.TIM_ITConfig      stm32f10x_tim.o
    0x08001588   0x0000003c   Code   RO          444    i.TIM_TimeBaseInit  stm32f10x_tim.o
    0x080015c4   0x00000002   Code   RO          262    i.UART4_IRQHandler  stm32f10x_it.o
    0x080015c6   0x00000002   Code   RO          263    i.UART5_IRQHandler  stm32f10x_it.o
    0x080015c8   0x0000004c   Code   RO          264    i.USART1_IRQHandler  stm32f10x_it.o
    0x08001614   0x0000004c   Code   RO          265    i.USART2_IRQHandler  stm32f10x_it.o
    0x08001660   0x0000007c   Code   RO          266    i.USART3_IRQHandler  stm32f10x_it.o
    0x080016dc   0x0000000c   Code   RO          449    i.USART_ClearITPendingBit  stm32f10x_usart.o
    0x080016e8   0x00000014   Code   RO          452    i.USART_Cmd         stm32f10x_usart.o
    0x080016fc   0x000000a4   Code   RO           63    i.USART_Configuration  initstm32.o
    0x080017a0   0x0000000e   Code   RO          455    i.USART_GetFlagStatus  stm32f10x_usart.o
    0x080017ae   0x0000003e   Code   RO          456    i.USART_GetITStatus  stm32f10x_usart.o
    0x080017ec   0x00000030   Code   RO          458    i.USART_ITConfig    stm32f10x_usart.o
    0x0800181c   0x0000008c   Code   RO          459    i.USART_Init        stm32f10x_usart.o
    0x080018a8   0x00000008   Code   RO          464    i.USART_ReceiveData  stm32f10x_usart.o
    0x080018b0   0x00000008   Code   RO          467    i.USART_SendData    stm32f10x_usart.o
    0x080018b8   0x00000002   Code   RO          267    i.USBWakeUp_IRQHandler  stm32f10x_it.o
    0x080018ba   0x00000002   Code   RO          268    i.USB_HP_CAN_TX_IRQHandler  stm32f10x_it.o
    0x080018bc   0x0000012c   Code   RO          269    i.USB_LP_CAN_RX0_IRQHandler  stm32f10x_it.o
    0x080019e8   0x00000002   Code   RO          270    i.UsageFaultException  stm32f10x_it.o
    0x080019ea   0x00000002   Code   RO          271    i.WWDG_IRQHandler   stm32f10x_it.o
    0x080019ec   0x00000028   Code   RO          571    i.__0sprintf$5      mc_w.l(printf5.o)
    0x08001a14   0x00000028   Code   RO          638    i.__ARM_fpclassify  m_ws.l(fpclassify.o)
    0x08001a3c   0x000000aa   Code   RO          639    i.__kernel_poly     m_ws.l(poly.o)
    0x08001ae6   0x00000002   PAD
    0x08001ae8   0x00000010   Code   RO          637    i.__mathlib_dbl_underflow  m_ws.l(dunder.o)
    0x08001af8   0x0000000e   Code   RO          684    i.__scatterload_copy  mc_w.l(handlers.o)
    0x08001b06   0x00000002   Code   RO          685    i.__scatterload_null  mc_w.l(handlers.o)
    0x08001b08   0x0000000e   Code   RO          686    i.__scatterload_zeroinit  mc_w.l(handlers.o)
    0x08001b16   0x00000002   PAD
    0x08001b18   0x0000000c   Code   RO          668    i.__set_errno       mc_w.l(errno.o)
    0x08001b24   0x000002c0   Code   RO          576    i._printf_core      mc_w.l(printf5.o)
    0x08001de4   0x0000000a   Code   RO          578    i._sputc            mc_w.l(printf5.o)
    0x08001dee   0x00000002   PAD
    0x08001df0   0x00000070   Code   RO           43    i.fn_All_LED_OFF    power_on_test.o
    0x08001e60   0x0000004c   Code   RO           45    i.fn_Emergency_Indication  power_on_test.o
    0x08001eac   0x00000024   Code   RO            1    i.fn_uc_Accelerator_Cutoff_Status_Handler  err_handler.o
    0x08001ed0   0x00000024   Code   RO            2    i.fn_uc_BLE_Connection_Handler  err_handler.o
    0x08001ef4   0x00000024   Code   RO           47    i.fn_uc_Brake_Status_Handler  update_alarm.o
    0x08001f18   0x00000078   Code   RO            3    i.fn_uc_Buzzer_Rejection_Tone  err_handler.o
    0x08001f90   0x000000dc   Code   RO           48    i.fn_uc_Drive_LED_BUZZER  update_alarm.o
    0x0800206c   0x00000024   Code   RO            5    i.fn_uc_Error_Inicator_Handler  err_handler.o
    0x08002090   0x000001d4   Code   RO          489    i.fn_uc_Extract_RFID_Data_Buffer  uart.o
    0x08002264   0x00000044   Code   RO           49    i.fn_uc_Reset_Alarm_LEDs  update_alarm.o
    0x080022a8   0x00000034   Code   RO           53    i.fn_uc_Send_Boot_Mode_Status_To_ECU  can_configuration.o
    0x080022dc   0x00000044   Code   RO           55    i.fn_uc_Send_Heartbit_To_ECU  can_configuration.o
    0x08002320   0x00000028   Code   RO          491    i.fn_uc_Send_String_On_Debug_Port  uart.o
    0x08002348   0x00000094   Code   RO           50    i.fn_uc_Update_Alarm_Status  update_alarm.o
    0x080023dc   0x000000d4   Code   RO           51    i.fn_uc_Update_Sleep_Alert_Status  update_alarm.o
    0x080024b0   0x00000060   Code   RO            7    i.fn_ui_HEX_To_DEC  main.o
    0x08002510   0x0000005c   Code   RO            8    i.fn_v_Initialize_System  main.o
    0x0800256c   0x00000080   Code   RO          122    i.get_Received_CAN_Data  stm32f10x_can.o
    0x080025ec   0x00000138   Code   RO            9    i.main              main.o
    0x08002724   0x000009e0   Code   RO          494    i.pow               m_ws.l(pow.o)
    0x08003104   0x0000004c   Code   RO          642    i.sqrt              m_ws.l(sqrt.o)
    0x08003150   0x00000014   Data   RO          357    .constdata          stm32f10x_rcc.o
    0x08003164   0x00000004   PAD
    0x08003168   0x00000088   Data   RO          495    .constdata          m_ws.l(pow.o)
    0x080031f0   0x00000008   Data   RO          640    .constdata          m_ws.l(qnan.o)
    0x080031f8   0x00000020   Data   RO          682    Region$$Table       anon$$obj.o


    Execution Region RW_IRAM1 (Base: 0x20000000, Size: 0x00001ca0, Max: 0x00005000, ABSOLUTE)

    Base Addr    Size         Type   Attr      Idx    E Section Name        Object

    0x20000000   0x00000038   Data   RW           20    .data               main.o
    0x20000038   0x00000001   Data   RW           23    .data               main.o
    0x20000039   0x00000001   Data   RW           24    .data               main.o
    0x2000003a   0x00000001   Data   RW           25    .data               main.o
    0x2000003b   0x00000001   Data   RW           26    .data               main.o
    0x2000003c   0x00000001   Data   RW           27    .data               main.o
    0x2000003d   0x00000001   Data   RW           29    .data               main.o
    0x2000003e   0x00000001   Data   RW           30    .data               main.o
    0x2000003f   0x00000001   PAD
    0x20000040   0x00000002   Data   RW           31    .data               main.o
    0x20000042   0x00000002   PAD
    0x20000044   0x00000004   Data   RW           32    .data               main.o
    0x20000048   0x00000004   Data   RW           33    .data               main.o
    0x2000004c   0x00000004   Data   RW           34    .data               main.o
    0x20000050   0x00000004   Data   RW           35    .data               main.o
    0x20000054   0x00000001   Data   RW           36    .data               main.o
    0x20000055   0x00000001   Data   RW           37    .data               main.o
    0x20000056   0x00000008   Data   RW           38    .data               main.o
    0x2000005e   0x00000001   Data   RW           39    .data               main.o
    0x2000005f   0x00000001   PAD
    0x20000060   0x00000004   Data   RW           40    .data               main.o
    0x20000064   0x00000008   Data   RW           41    .data               main.o
    0x2000006c   0x00000001   Data   RW           42    .data               main.o
    0x2000006d   0x00000003   PAD
    0x20000070   0x00000010   Data   RW          276    .data               stm32f10x_it.o
    0x20000080   0x00000008   Data   RW          358    .data               stm32f10x_rcc.o
    0x20000088   0x00000004   Data   RW          669    .data               mc_w.l(errno.o)
    0x2000008c   0x00000064   Zero   RW           10    .bss                main.o
    0x200000f0   0x000005dc   Zero   RW           11    .bss                main.o
    0x200006cc   0x00000014   Zero   RW           12    .bss                main.o
    0x200006e0   0x0000000c   Zero   RW           13    .bss                main.o
    0x200006ec   0x00000010   Zero   RW           14    .bss                main.o
    0x200006fc   0x00000010   Zero   RW           15    .bss                main.o
    0x2000070c   0x00001194   Zero   RW          273    .bss                stm32f10x_it.o
    0x200018a0   0x00000400   Zero   RW           65    STACK               stm32f10x_vector.o


==============================================================================

Image component sizes


      Code (inc. data)   RO Data    RW Data    ZI Data      Debug   Object Name

       276         22          0          0          0          0   can_configuration.o
       228         40          0          0          0          0   err_handler.o
       940         60          0          0          0          0   initstm32.o
       516        116          0        105       1664          0   main.o
       188         16          0          0          0          0   power_on_test.o
       972         44          0          0          0          0   stm32f10x_can.o
       156         14          0          0          0          0   stm32f10x_exti.o
        48         12          0          0          0          0   stm32f10x_flash.o
       280         12          0          0          0          0   stm32f10x_gpio.o
      1062        202          0         16       4500          0   stm32f10x_it.o
       164         28          0          0          0          0   stm32f10x_nvic.o
       556         98         20          8          0          0   stm32f10x_rcc.o
        68          0          0          0          0          0   stm32f10x_systick.o
       126         10          0          0          0          0   stm32f10x_tim.o
       312          6          0          0          0          0   stm32f10x_usart.o
         8          4        304          0       1024          0   stm32f10x_vector.o
       508         96          0          0          0          0   uart.o
       684        124          0          0          0          0   update_alarm.o

    ----------------------------------------------------------------------
      7102        904        360        136       7188          0   Object Totals
         0          0         32          0          0          0   (incl. Generated)
        10          0          4          7          0          0   (incl. Padding)

    ----------------------------------------------------------------------

      Code (inc. data)   RO Data    RW Data    ZI Data      Debug   Library Member Name

        16          6          0          0          0          0   dunder.o
        40          0          0          0          0          0   fpclassify.o
       170          0          0          0          0          0   poly.o
      2528        190        136          0          0          0   pow.o
         0          0          8          0          0          0   qnan.o
        76          0          0          0          0          0   sqrt.o
         0          0          0          0          0          0   entry.o
         0          0          0          0          0          0   entry10a.o
         0          0          0          0          0          0   entry11a.o
         8          4          0          0          0          0   entry2.o
         4          0          0          0          0          0   entry5.o
         0          0          0          0          0          0   entry7b.o
         0          0          0          0          0          0   entry8b.o
         8          4          0          0          0          0   entry9a.o
        12          6          0          4          0          0   errno.o
        30          0          0          0          0          0   handlers.o
        36          8          0          0          0          0   init.o
         0          0          0          0          0          0   iusefp.o
        30          0          0          0          0          0   llshl.o
        36          0          0          0          0          0   llsshr.o
        32          0          0          0          0          0   llushr.o
       754         52          0          0          0          0   printf5.o
        98          0          0          0          0          0   uldiv.o
        40          2          0          0          0          0   cdrcmple.o
       334          0          0          0          0          0   dadd.o
       222          0          0          0          0          0   ddiv.o
       190          0          0          0          0          0   depilogue.o
        50          0          0          0          0          0   dfixui.o
        34          0          0          0          0          0   dflti.o
        26          0          0          0          0          0   dfltui.o
       228          0          0          0          0          0   dmul.o
        46          0          0          0          0          0   dscalb.o
       162          0          0          0          0          0   dsqrt.o

    ----------------------------------------------------------------------
      5218        272        144          4          0          0   Library Totals
         8          0          0          0          0          0   (incl. Padding)

    ----------------------------------------------------------------------

      Code (inc. data)   RO Data    RW Data    ZI Data      Debug   Library Name

      2830        196        144          0          0          0   m_ws.l
      1048         74          0          4          0          0   mc_w.l
      1332          2          0          0          0          0   mf_w.l

    ----------------------------------------------------------------------
      5218        272        144          4          0          0   Library Totals

    ----------------------------------------------------------------------

==============================================================================


      Code (inc. data)   RO Data    RW Data    ZI Data      Debug   

     12320       1176        504        140       7188          0   Grand Totals
     12320       1176        504        140       7188          0   ELF Image Totals
     12320       1176        504        140          0          0   ROM Totals

==============================================================================

    Total RO  Size (Code + RO Data)                12824 (  12.52kB)
    Total RW  Size (RW Data + ZI Data)              7328 (   7.16kB)
    Total ROM Size (Code + RO Data + RW Data)      12964 (  12.66kB)

==============================================================================

