ARM Linker, 5.03 [Build 76] [MDK-ARM Professional]

==============================================================================

Section Cross References

    main.o(i.Delay) refers to main.o(.data) for .data
    main.o(i.fn_ui_HEX_To_DEC) refers to dfltui.o(.text) for __aeabi_ui2d
    main.o(i.fn_ui_HEX_To_DEC) refers to pow.o(i.pow) for pow
    main.o(i.fn_ui_HEX_To_DEC) refers to dmul.o(.text) for __aeabi_dmul
    main.o(i.fn_ui_HEX_To_DEC) refers to dadd.o(.text) for __aeabi_dadd
    main.o(i.fn_ui_HEX_To_DEC) refers to dfixui.o(.text) for __aeabi_d2uiz
    main.o(i.fn_v_Initialize_System) refers to power_on_test.o(i.fn_All_LED_OFF) for fn_All_LED_OFF
    main.o(i.fn_v_Initialize_System) refers to stm32f10x_gpio.o(i.GPIO_WriteBit) for GPIO_WriteBit
    main.o(i.fn_v_Initialize_System) refers to main.o(.data) for .data
    main.o(i.main) refers to initstm32.o(i.RCC_Configuration) for RCC_Configuration
    main.o(i.main) refers to initstm32.o(i.NVIC_Configuration) for NVIC_Configuration
    main.o(i.main) refers to initstm32.o(i.EXTI_Configuration) for EXTI_Configuration
    main.o(i.main) refers to initstm32.o(i.InitSysTickTimer) for InitSysTickTimer
    main.o(i.main) refers to initstm32.o(i.GPIO_Configuration) for GPIO_Configuration
    main.o(i.main) refers to initstm32.o(i.SetTimer3) for SetTimer3
    main.o(i.main) refers to initstm32.o(i.SetTimer4) for SetTimer4
    main.o(i.main) refers to initstm32.o(i.USART_Configuration) for USART_Configuration
    main.o(i.main) refers to can_configuration.o(i.CAN_Config) for CAN_Config
    main.o(i.main) refers to main.o(i.fn_v_Initialize_System) for fn_v_Initialize_System
    main.o(i.main) refers to stm32_lcd_lib.o(i.fn_uc_Init_LCD) for fn_uc_Init_LCD
    main.o(i.main) refers to stm32_lcd_lib.o(i.fn_v_Welcome_Msg_On_LCD) for fn_v_Welcome_Msg_On_LCD
    main.o(i.main) refers to power_on_test.o(i.fn_Power_On_Self_Test) for fn_Power_On_Self_Test
    main.o(i.main) refers to printf6.o(i.__0sprintf$6) for __2sprintf
    main.o(i.main) refers to uart.o(i.fn_uc_Send_String_On_Debug_Port) for fn_uc_Send_String_On_Debug_Port
    main.o(i.main) refers to can_configuration.o(i.fn_uc_Send_Heartbit_To_ECU) for fn_uc_Send_Heartbit_To_ECU
    main.o(i.main) refers to rfid.o(i.fn_uc_RFID_Error_Handler) for fn_uc_RFID_Error_Handler
    main.o(i.main) refers to rfid.o(i.fn_uc_Extract_RFID_Data_Buffer) for fn_uc_Extract_RFID_Data_Buffer
    main.o(i.main) refers to power_on_test.o(i.fn_Emergency_Indication) for fn_Emergency_Indication
    main.o(i.main) refers to update_alarm.o(i.fn_uc_Update_Alarm_Status) for fn_uc_Update_Alarm_Status
    main.o(i.main) refers to err_handler.o(i.fn_uc_Error_Inicator_Handler) for fn_uc_Error_Inicator_Handler
    main.o(i.main) refers to err_handler.o(i.fn_uc_BLE_Connection_Handler) for fn_uc_BLE_Connection_Handler
    main.o(i.main) refers to err_handler.o(i.fn_uc_Accelerator_Cutoff_Status_Handler) for fn_uc_Accelerator_Cutoff_Status_Handler
    main.o(i.main) refers to update_alarm.o(i.fn_uc_Update_Sleep_Alert_Status) for fn_uc_Update_Sleep_Alert_Status
    main.o(i.main) refers to err_handler.o(i.fn_uc_Detect_Cruise_Key) for fn_uc_Detect_Cruise_Key
    main.o(i.main) refers to err_handler.o(i.fn_uc_Buzzer_Rejection_Tone) for fn_uc_Buzzer_Rejection_Tone
    main.o(i.main) refers to update_alarm.o(i.fn_uc_Brake_Status_Handler) for fn_uc_Brake_Status_Handler
    main.o(i.main) refers to can_configuration.o(i.fn_uc_Send_Boot_Mode_Status_To_ECU) for fn_uc_Send_Boot_Mode_Status_To_ECU
    main.o(i.main) refers to main.o(.data) for .data
    main.o(i.main) refers to main.o(.bss) for .bss
    power_on_test.o(i.fn_All_LED_OFF) refers to stm32f10x_gpio.o(i.GPIO_WriteBit) for GPIO_WriteBit
    power_on_test.o(i.fn_All_LED_ON) refers to stm32f10x_gpio.o(i.GPIO_WriteBit) for GPIO_WriteBit
    power_on_test.o(i.fn_Emergency_Indication) refers to stm32f10x_gpio.o(i.GPIO_WriteBit) for GPIO_WriteBit
    power_on_test.o(i.fn_Power_On_Self_Test) refers to power_on_test.o(i.fn_All_LED_ON) for fn_All_LED_ON
    power_on_test.o(i.fn_Power_On_Self_Test) refers to main.o(i.Delay) for Delay
    power_on_test.o(i.fn_Power_On_Self_Test) refers to power_on_test.o(i.fn_All_LED_OFF) for fn_All_LED_OFF
    err_handler.o(i.fn_uc_Accelerator_Cutoff_Status_Handler) refers to stm32f10x_gpio.o(i.GPIO_WriteBit) for GPIO_WriteBit
    err_handler.o(i.fn_uc_Accelerator_Cutoff_Status_Handler) refers to main.o(.data) for g_uc_Accelerator_Status
    err_handler.o(i.fn_uc_BLE_Connection_Handler) refers to stm32f10x_gpio.o(i.GPIO_WriteBit) for GPIO_WriteBit
    err_handler.o(i.fn_uc_BLE_Connection_Handler) refers to main.o(.data) for g_uc_Bluetooth_Status
    err_handler.o(i.fn_uc_Buzzer_Rejection_Tone) refers to stm32f10x_gpio.o(i.GPIO_WriteBit) for GPIO_WriteBit
    err_handler.o(i.fn_uc_Buzzer_Rejection_Tone) refers to main.o(i.Delay) for Delay
    err_handler.o(i.fn_uc_Buzzer_Rejection_Tone) refers to main.o(.data) for g_uc_Flag_Play_Error_Buzzer_Tone
[...]
    .text                                    0x080003ca   Section        0  uidiv.o(.text)
    .text                                    0x080003f6   Section        0  llshl.o(.text)
    .text                                    0x08000414   Section        0  llushr.o(.text)
    .text                                    0x08000434   Section        0  llsshr.o(.text)
    .text                                    0x08000458   Section        0  iusefp.o(.text)
    .text                                    0x08000458   Section        0  depilogue.o(.text)
    .text                                    0x08000516   Section        0  ddiv.o(.text)
    .text                                    0x080005f4   Section        0  dscalb.o(.text)
    .text                                    0x08000622   Section        0  dflti.o(.text)
    .text                                    0x08000644   Section       40  cdrcmple.o(.text)
    .text                                    0x0800066c   Section       36  init.o(.text)
    .text                                    0x08000690   Section        0  dsqrt.o(.text)
    i.ADC1_2_IRQHandler                      0x08000732   Section        0  stm32f10x_it.o(i.ADC1_2_IRQHandler)
    i.ADC3_IRQHandler                        0x08000734   Section        0  stm32f10x_it.o(i.ADC3_IRQHandler)
    i.BusFaultException                      0x08000736   Section        0  stm32f10x_it.o(i.BusFaultException)
    i.CAN_ClearITPendingBit                  0x08000738   Section        0  stm32f10x_can.o(i.CAN_ClearITPendingBit)
    i.CAN_Config                             0x080007d8   Section        0  can_configuration.o(i.CAN_Config)
    i.CAN_DeInit                             0x0800088c   Section        0  stm32f10x_can.o(i.CAN_DeInit)
    i.CAN_FIFORelease                        0x080008a4   Section        0  stm32f10x_can.o(i.CAN_FIFORelease)
    i.CAN_FilterInit                         0x080008b8   Section        0  stm32f10x_can.o(i.CAN_FilterInit)
    i.CAN_ITConfig                           0x0800097c   Section        0  stm32f10x_can.o(i.CAN_ITConfig)
    i.CAN_Init                               0x08000994   Section        0  stm32f10x_can.o(i.CAN_Init)
    i.CAN_RX1_IRQHandler                     0x08000a64   Section        0  stm32f10x_it.o(i.CAN_RX1_IRQHandler)
    i.CAN_SCE_IRQHandler                     0x08000a66   Section        0  stm32f10x_it.o(i.CAN_SCE_IRQHandler)
    i.CAN_StructInit                         0x08000a68   Section        0  stm32f10x_can.o(i.CAN_StructInit)
    i.CAN_Transmit                           0x08000a88   Section        0  stm32f10x_can.o(i.CAN_Transmit)
    i.DMA1_Channel1_IRQHandler               0x08000b3c   Section        0  stm32f10x_it.o(i.DMA1_Channel1_IRQHandler)
    i.DMA1_Channel2_IRQHandler               0x08000b3e   Section        0  stm32f10x_it.o(i.DMA1_Channel2_IRQHandler)
    i.DMA1_Channel3_IRQHandler               0x08000b40   Section        0  stm32f10x_it.o(i.DMA1_Channel3_IRQHandler)
    i.DMA1_Channel4_IRQHandler               0x08000b42   Section        0  stm32f10x_it.o(i.DMA1_Channel4_IRQHandler)
    i.DMA1_Channel5_IRQHandler               0x08000b44   Section        0  stm32f10x_it.o(i.DMA1_Channel5_IRQHandler)
    i.DMA1_Channel6_IRQHandler               0x08000b46   Section        0  stm32f10x_it.o(i.DMA1_Channel6_IRQHandler)
    i.DMA1_Channel7_IRQHandler               0x08000b48   Section        0  stm32f10x_it.o(i.DMA1_Channel7_IRQHandler)
    i.DMA2_Channel1_IRQHandler               0x08000b4a   Section        0  stm32f10x_it.o(i.DMA2_Channel1_IRQHandler)
    i.DMA2_Channel2_IRQHandler               0x08000b4c   Section        0  stm32f10x_it.o(i.DMA2_Channel2_IRQHandler)
    i.DMA2_Channel3_IRQHandler               0x08000b4e   Section        0  stm32f10x_it.o(i.DMA2_Channel3_IRQHandler)
    i.DMA2_Channel4_5_IRQHandler             0x08000b50   Section        0  stm32f10x_it.o(i.DMA2_Channel4_5_IRQHandler)
    i.DebugMonitor                           0x08000b52   Section        0  stm32f10x_it.o(i.DebugMonitor)
    i.Delay                                  0x08000b54   Section        0  main.o(i.Delay)
    i.EXTI0_IRQHandler                       0x08000b64   Section        0  stm32f10x_it.o(i.EXTI0_IRQHandler)
    i.EXTI15_10_IRQHandler                   0x08000c3c   Section        0  stm32f10x_it.o(i.EXTI15_10_IRQHandler)
    i.EXTI1_IRQHandler                       0x08000c3e   Section        0  stm32f10x_it.o(i.EXTI1_IRQHandler)
    i.EXTI2_IRQHandler                       0x08000c40   Section        0  stm32f10x_it.o(i.EXTI2_IRQHandler)
    i.EXTI3_IRQHandler                       0x08000c42   Section        0  stm32f10x_it.o(i.EXTI3_IRQHandler)
    i.EXTI4_IRQHandler                       0x08000c44   Section        0  stm32f10x_it.o(i.EXTI4_IRQHandler)
    i.EXTI9_5_IRQHandler                     0x08000c4a   Section        0  stm32f10x_it.o(i.EXTI9_5_IRQHandler)
    i.EXTI_ClearITPendingBit                 0x08000c6c   Section        0  stm32f10x_exti.o(i.EXTI_ClearITPendingBit)
    i.EXTI_Configuration                     0x08000c78   Section        0  initstm32.o(i.EXTI_Configuration)
    i.EXTI_GetITStatus                       0x08000ca0   Section        0  stm32f10x_exti.o(i.EXTI_GetITStatus)
    i.EXTI_Init                              0x08000cc0   Section        0  stm32f10x_exti.o(i.EXTI_Init)
    i.FLASH_IRQHandler                       0x08000d30   Section        0  stm32f10x_it.o(i.FLASH_IRQHandler)
    i.FLASH_PrefetchBufferCmd                0x08000d34   Section        0  stm32f10x_flash.o(i.FLASH_PrefetchBufferCmd)
    i.FLASH_SetLatency                       0x08000d4c   Section        0  stm32f10x_flash.o(i.FLASH_SetLatency)
    i.FSMC_IRQHandler                        0x08000d64   Section        0  stm32f10x_it.o(i.FSMC_IRQHandler)
    i.GPIO_Configuration                     0x08000d68   Section        0  initstm32.o(i.GPIO_Configuration)
    i.GPIO_EXTILineConfig                    0x08000e0c   Section        0  stm32f10x_gpio.o(i.GPIO_EXTILineConfig)
    i.GPIO_Init                              0x08000e34   Section        0  stm32f10x_gpio.o(i.GPIO_Init)
    i.GPIO_PinRemapConfig                    0x08000ed4   Section        0  stm32f10x_gpio.o(i.GPIO_PinRemapConfig)
    i.GPIO_ReadInputDataBit                  0x08000f1c   Section        0  stm32f10x_gpio.o(i.GPIO_ReadInputDataBit)
    i.GPIO_WriteBit                          0x08000f2a   Section        0  stm32f10x_gpio.o(i.GPIO_WriteBit)
    i.HardFaultException                     0x08000f34   Section        0  stm32f10x_it.o(i.HardFaultException)
    i.I2C1_ER_IRQHandler                     0x08000f36   Section        0  stm32f10x_it.o(i.I2C1_ER_IRQHandler)
    i.I2C1_EV_IRQHandler                     0x08000f38   Section        0  stm32f10x_it.o(i.I2C1_EV_IRQHandler)
    i.I2C2_ER_IRQHandler                     0x08000f3a   Section        0  stm32f10x_it.o(i.I2C2_ER_IRQHandler)
    i.I2C2_EV_IRQHandler                     0x08000f3c   Section        0  stm32f10x_it.o(i.I2C2_EV_IRQHandler)
    i.InitSysTickTimer                       0x08000f3e   Section        0  initstm32.o(i.InitSysTickTimer)
    i.MemManageException                     0x08000f5e   Section        0  stm32f10x_it.o(i.MemManageException)
    i.NMIException                           0x08000f60   Section        0  stm32f10x_it.o(i.NMIException)
    i.NVIC_Configuration                     0x08000f62   Section        0  initstm32.o(i.NVIC_Configuration)
    i.NVIC_GenerateSystemReset               0x08001028   Section        0  stm32f10x_nvic.o(i.NVIC_GenerateSystemReset)
    i.NVIC_Init                              0x08001038   Section        0  stm32f10x_nvic.o(i.NVIC_Init)
    i.NVIC_PriorityGroupConfig               0x080010b4   Section        0  stm32f10x_nvic.o(i.NVIC_PriorityGroupConfig)
    i.NVIC_SetVectorTable                    0x080010c8   Section        0  stm32f10x_nvic.o(i.NVIC_SetVectorTable)
    i.PVD_IRQHandler                         0x080010dc   Section        0  stm32f10x_it.o(i.PVD_IRQHandler)
    i.PendSVC                                0x080010de   Section        0  stm32f10x_it.o(i.PendSVC)
    i.RCC_APB1PeriphClockCmd                 0x080010e0   Section        0  stm32f10x_rcc.o(i.RCC_APB1PeriphClockCmd)
    i.RCC_APB1PeriphResetCmd                 0x080010f8   Section        0  stm32f10x_rcc.o(i.RCC_APB1PeriphResetCmd)
    i.RCC_APB2PeriphClockCmd                 0x08001110   Section        0  stm32f10x_rcc.o(i.RCC_APB2PeriphClockCmd)
    i.RCC_Configuration                      0x08001128   Section        0  initstm32.o(i.RCC_Configuration)
    i.RCC_DeInit                             0x080011d4   Section        0  stm32f10x_rcc.o(i.RCC_DeInit)
    i.RCC_GetClocksFreq                      0x08001210   Section        0  stm32f10x_rcc.o(i.RCC_GetClocksFreq)
    i.RCC_GetFlagStatus                      0x080012a0   Section        0  stm32f10x_rcc.o(i.RCC_GetFlagStatus)
    i.RCC_GetSYSCLKSource                    0x080012d0   Section        0  stm32f10x_rcc.o(i.RCC_GetSYSCLKSource)
    i.RCC_HCLKConfig                         0x080012e0   Section        0  stm32f10x_rcc.o(i.RCC_HCLKConfig)
    i.RCC_HSEConfig                          0x080012f4   Section        0  stm32f10x_rcc.o(i.RCC_HSEConfig)
    i.RCC_IRQHandler                         0x08001328   Section        0  stm32f10x_it.o(i.RCC_IRQHandler)
    i.RCC_PCLK1Config                        0x0800132c   Section        0  stm32f10x_rcc.o(i.RCC_PCLK1Config)
    i.RCC_PCLK2Config                        0x08001340   Section        0  stm32f10x_rcc.o(i.RCC_PCLK2Config)
    i.RCC_PLLCmd                             0x08001354   Section        0  stm32f10x_rcc.o(i.RCC_PLLCmd)
    i.RCC_PLLConfig                          0x08001360   Section        0  stm32f10x_rcc.o(i.RCC_PLLConfig)
    i.RCC_SYSCLKConfig                       0x08001374   Section        0  stm32f10x_rcc.o(i.RCC_SYSCLKConfig)
    i.RCC_WaitForHSEStartUp                  0x08001388   Section        0  stm32f10x_rcc.o(i.RCC_WaitForHSEStartUp)
    i.RTCAlarm_IRQHandler                    0x080013bc   Section        0  stm32f10x_it.o(i.RTCAlarm_IRQHandler)
    i.RTC_IRQHandler                         0x080013be   Section        0  stm32f10x_it.o(i.RTC_IRQHandler)
    i.SDIO_IRQHandler                        0x080013c0   Section        0  stm32f10x_it.o(i.SDIO_IRQHandler)
    i.SPI1_IRQHandler                        0x080013c2   Section        0  stm32f10x_it.o(i.SPI1_IRQHandler)
    i.SPI2_IRQHandler                        0x080013c4   Section        0  stm32f10x_it.o(i.SPI2_IRQHandler)
    i.SPI3_IRQHandler                        0x080013c6   Section        0  stm32f10x_it.o(i.SPI3_IRQHandler)
    i.SVCHandler                             0x080013c8   Section        0  stm32f10x_it.o(i.SVCHandler)
    i.SetTimer3                              0x080013cc   Section        0  initstm32.o(i.SetTimer3)
    i.SetTimer4                              0x08001428   Section        0  initstm32.o(i.SetTimer4)
    i.SysTickHandler                         0x08001488   Section        0  stm32f10x_it.o(i.SysTickHandler)
    i.SysTick_CounterCmd                     0x080015b0   Section        0  stm32f10x_systick.o(i.SysTick_CounterCmd)
    i.SysTick_ITConfig                       0x080015d4   Section        0  stm32f10x_systick.o(i.SysTick_ITConfig)
    i.SysTick_SetReload                      0x080015ec   Section        0  stm32f10x_systick.o(i.SysTick_SetReload)
    i.TAMPER_IRQHandler                      0x080015f4   Section        0  stm32f10x_it.o(i.TAMPER_IRQHandler)
    i.TIM1_BRK_IRQHandler                    0x080015f6   Section        0  stm32f10x_it.o(i.TIM1_BRK_IRQHandler)
    i.TIM1_CC_IRQHandler                     0x080015f8   Section        0  stm32f10x_it.o(i.TIM1_CC_IRQHandler)
    i.TIM1_TRG_COM_IRQHandler                0x080015fa   Section        0  stm32f10x_it.o(i.TIM1_TRG_COM_IRQHandler)
    i.TIM1_UP_IRQHandler                     0x080015fc   Section        0  stm32f10x_it.o(i.TIM1_UP_IRQHandler)
    i.TIM2_IRQHandler                        0x080015fe   Section        0  stm32f10x_it.o(i.TIM2_IRQHandler)
    i.TIM3_IRQHandler                        0x08001600   Section        0  stm32f10x_it.o(i.TIM3_IRQHandler)
    i.TIM4_IRQHandler                        0x0800160c   Section        0  stm32f10x_it.o(i.TIM4_IRQHandler)
    i.TIM5_IRQHandler                        0x08001618   Section        0  stm32f10x_it.o(i.TIM5_IRQHandler)
    i.TIM6_IRQHandler                        0x0800161a   Section        0  stm32f10x_it.o(i.TIM6_IRQHandler)
    i.TIM7_IRQHandler                        0x0800161c   Section        0  stm32f10x_it.o(i.TIM7_IRQHandler)
    i.TIM8_BRK_IRQHandler                    0x0800161e   Section        0  stm32f10x_it.o(i.TIM8_BRK_IRQHandler)
    i.TIM8_CC_IRQHandler                     0x08001620   Section        0  stm32f10x_it.o(i.TIM8_CC_IRQHandler)
    i.TIM8_TRG_COM_IRQHandler                0x08001622   Section        0  stm32f10x_it.o(i.TIM8_TRG_COM_IRQHandler)
    i.TIM8_UP_IRQHandler                     0x08001624   Section        0  stm32f10x_it.o(i.TIM8_UP_IRQHandler)
    i.TIM_ARRPreloadConfig                   0x08001626   Section        0  stm32f10x_tim.o(i.TIM_ARRPreloadConfig)
    i.TIM_ClearITPendingBit                  0x0800163c   Section        0  stm32f10x_tim.o(i.TIM_ClearITPendingBit)
    i.TIM_Cmd                                0x08001642   Section        0  stm32f10x_tim.o(i.TIM_Cmd)
    i.TIM_ITConfig                           0x08001658   Section        0  stm32f10x_tim.o(i.TIM_ITConfig)
    i.TIM_TimeBaseInit                       0x08001668   Section        0  stm32f10x_tim.o(i.TIM_TimeBaseInit)
    i.UART4_IRQHandler                       0x080016a4   Section        0  stm32f10x_it.o(i.UART4_IRQHandler)
    i.UART5_IRQHandler                       0x080016a6   Section        0  stm32f10x_it.o(i.UART5_IRQHandler)
    i.USART1_IRQHandler                      0x080016a8   Section        0  stm32f10x_it.o(i.USART1_IRQHandler)
    i.USART2_IRQHandler                      0x080016f4   Section        0  stm32f10x_it.o(i.USART2_IRQHandler)
    i.USART3_IRQHandler                      0x08001740   Section        0  stm32f10x_it.o(i.USART3_IRQHandler)
    i.USART_ClearITPendingBit                0x080017cc   Section        0  stm32f10x_usart.o(i.USART_ClearITPendingBit)
    i.USART_Cmd                              0x080017d8   Section        0  stm32f10x_usart.o(i.USART_Cmd)
    i.USART_Configuration                    0x080017ec   Section        0  initstm32.o(i.USART_Configuration)
    i.USART_GetFlagStatus                    0x08001890   Section        0  stm32f10x_usart.o(i.USART_GetFlagStatus)
    i.USART_GetITStatus                      0x0800189e   Section        0  stm32f10x_usart.o(i.USART_GetITStatus)
    i.USART_ITConfig                         0x080018dc   Section        0  stm32f10x_usart.o(i.USART_ITConfig)
    i.USART_Init                             0x0800190c   Section        0  stm32f10x_usart.o(i.USART_Init)
    i.USART_ReceiveData                      0x08001998   Section        0  stm32f10x_usart.o(i.USART_ReceiveData)
    i.USART_SendData                         0x080019a0   Section        0  stm32f10x_usart.o(i.USART_SendData)
    i.USBWakeUp_IRQHandler                   0x080019a8   Section        0  stm32f10x_it.o(i.USBWakeUp_IRQHandler)
    i.USB_HP_CAN_TX_IRQHandler               0x080019aa   Section        0  stm32f10x_it.o(i.USB_HP_CAN_TX_IRQHandler)
    i.USB_LP_CAN_RX0_IRQHandler              0x080019ac   Section        0  stm32f10x_it.o(i.USB_LP_CAN_RX0_IRQHandler)
    i.UsageFaultException                    0x08001c14   Section        0  stm32f10x_it.o(i.UsageFaultException)
    i.WWDG_IRQHandler                        0x08001c16   Section        0  stm32f10x_it.o(i.WWDG_IRQHandler)
    i.__0sprintf$6                           0x08001c18   Section        0  printf6.o(i.__0sprintf$6)
    i.__ARM_fpclassify                       0x08001c40   Section        0  fpclassify.o(i.__ARM_fpclassify)
    i.__kernel_poly                          0x08001c68   Section        0  poly.o(i.__kernel_poly)
    i.__mathlib_dbl_underflow                0x08001d14   Section        0  dunder.o(i.__mathlib_dbl_underflow)
    i.__scatterload_copy                     0x08001d24   Section       14  handlers.o(i.__scatterload_copy)
    i.__scatterload_null                     0x08001d32   Section        2  handlers.o(i.__scatterload_null)
    i.__scatterload_zeroinit                 0x08001d34   Section       14  handlers.o(i.__scatterload_zeroinit)
    i.__set_errno                            0x08001d44   Section        0  errno.o(i.__set_errno)
    i._printf_core                           0x08001d50   Section        0  printf6.o(i._printf_core)
    _printf_core                             0x08001d51   Thumb Code   750  printf6.o(i._printf_core)
    i._printf_post_padding                   0x08002044   Section        0  printf6.o(i._printf_post_padding)
    _printf_post_padding                     0x08002045   Thumb Code    38  printf6.o(i._printf_post_padding)
    i._printf_pre_padding                    0x0800206a   Section        0  printf6.o(i._printf_pre_padding)
    _printf_pre_padding                      0x0800206b   Thumb Code    48  printf6.o(i._printf_pre_padding)
    i._sputc                                 0x0800209a   Section        0  printf6.o(i._sputc)
    _sputc                                   0x0800209b   Thumb Code    10  printf6.o(i._sputc)
    i.fn_All_LED_OFF                         0x080020a4   Section        0  power_on_test.o(i.fn_All_LED_OFF)
    i.fn_All_LED_ON                          0x08002118   Section        0  power_on_test.o(i.fn_All_LED_ON)
    i.fn_Emergency_Indication                0x08002190   Section        0  power_on_test.o(i.fn_Emergency_Indication)
    i.fn_Lcd_Cmd_Write                       0x080021d8   Section        0  stm32_lcd_lib.o(i.fn_Lcd_Cmd_Write)
    i.fn_Lcd_Data_Write                      0x08002240   Section        0  stm32_lcd_lib.o(i.fn_Lcd_Data_Write)
    i.fn_Power_On_Self_Test                  0x080022a8   Section        0  power_on_test.o(i.fn_Power_On_Self_Test)
    i.fn_uc_Accelerator_Cutoff_Status_Handler 0x080022d0   Section        0  err_handler.o(i.fn_uc_Accelerator_Cutoff_Status_Handler)
    i.fn_uc_BLE_Connection_Handler           0x080022f4   Section        0  err_handler.o(i.fn_uc_BLE_Connection_Handler)
    i.fn_uc_Brake_Status_Handler             0x08002318   Section        0  update_alarm.o(i.fn_uc_Brake_Status_Handler)
    i.fn_uc_Buzzer_Rejection_Tone            0x0800233c   Section        0  err_handler.o(i.fn_uc_Buzzer_Rejection_Tone)
    i.fn_uc_Detect_Cruise_Key                0x080023b4   Section        0  err_handler.o(i.fn_uc_Detect_Cruise_Key)
    i.fn_uc_Display_Distance_Relevant_Object_Status 0x08002490   Section        0  stm32_lcd_lib.o(i.fn_uc_Display_Distance_Relevant_Object_Status)
    i.fn_uc_Display_String                   0x080025d0   Section        0  stm32_lcd_lib.o(i.fn_uc_Display_String)
    i.fn_uc_Drive_LED_BUZZER                 0x08002658   Section        0  update_alarm.o(i.fn_uc_Drive_LED_BUZZER)
    i.fn_uc_Error_Inicator_Handler           0x08002734   Section        0  err_handler.o(i.fn_uc_Error_Inicator_Handler)
    i.fn_uc_Extract_RFID_Data_Buffer         0x08002758   Section        0  rfid.o(i.fn_uc_Extract_RFID_Data_Buffer)
    i.fn_uc_Init_LCD                         0x080029cc   Section        0  stm32_lcd_lib.o(i.fn_uc_Init_LCD)
    i.fn_uc_Init_LCD_Pins                    0x08002a7c   Section        0  stm32_lcd_lib.o(i.fn_uc_Init_LCD_Pins)
    i.fn_uc_RFID_Error_Handler               0x08002ad8   Section        0  rfid.o(i.fn_uc_RFID_Error_Handler)
    i.fn_uc_Reset_Alarm_LEDs                 0x08002b50   Section        0  update_alarm.o(i.fn_uc_Reset_Alarm_LEDs)
    i.fn_uc_Send_Boot_Mode_Status_To_ECU     0x08002b94   Section        0  can_configuration.o(i.fn_uc_Send_Boot_Mode_Status_To_ECU)
    i.fn_uc_Send_Cruise_Button_Status_To_ECU 0x08002bc8   Section        0  can_configuration.o(i.fn_uc_Send_Cruise_Button_Status_To_ECU)
    i.fn_uc_Send_Heartbit_To_ECU             0x08002c04   Section        0  can_configuration.o(i.fn_uc_Send_Heartbit_To_ECU)
    i.fn_uc_Send_Nibble                      0x08002c48   Section        0  stm32_lcd_lib.o(i.fn_uc_Send_Nibble)
    i.fn_uc_Send_RFID_Card_Details_TO_ECU    0x08002c8c   Section        0  can_configuration.o(i.fn_uc_Send_RFID_Card_Details_TO_ECU)
    i.fn_uc_Send_String_On_Debug_Port        0x08002d48   Section        0  uart.o(i.fn_uc_Send_String_On_Debug_Port)
    i.fn_uc_Update_Alarm_Status              0x08002d70   Section        0  update_alarm.o(i.fn_uc_Update_Alarm_Status)
    i.fn_uc_Update_Sleep_Alert_Status        0x08002e0c   Section        0  update_alarm.o(i.fn_uc_Update_Sleep_Alert_Status)
    i.fn_ui_HEX_To_DEC                       0x08002ee0   Section        0  main.o(i.fn_ui_HEX_To_DEC)
    i.fn_v_Initialize_System                 0x08002f40   Section        0  main.o(i.fn_v_Initialize_System)
    i.fn_v_Toggle_Enable                     0x08002f9c   Section        0  stm32_lcd_lib.o(i.fn_v_Toggle_Enable)
    i.fn_v_Welcome_Msg_On_LCD                0x08002fcc   Section        0  stm32_lcd_lib.o(i.fn_v_Welcome_Msg_On_LCD)
    i.get_Received_CAN_Data                  0x08002ffc   Section        0  stm32f10x_can.o(i.get_Received_CAN_Data)
    i.main                                   0x0800307c   Section        0  main.o(i.main)
    i.pow                                    0x080031e8   Section        0  pow.o(i.pow)
    i.sqrt                                   0x08003bc8   Section        0  sqrt.o(i.sqrt)
    .constdata                               0x08003c14   Section       20  stm32f10x_rcc.o(.constdata)
    ADCPrescTable                            0x08003c14   Data           4  stm32f10x_rcc.o(.constdata)
    APBAHBPrescTable                         0x08003c18   Data          16  stm32f10x_rcc.o(.constdata)
    .constdata                               0x08003c28   Section      136  pow.o(.constdata)
    bp                                       0x08003c28   Data          16  pow.o(.constdata)
    dp_h                                     0x08003c38   Data          16  pow.o(.constdata)
    dp_l                                     0x08003c48   Data          16  pow.o(.constdata)
    L                                        0x08003c58   Data          48  pow.o(.constdata)
    P                                        0x08003c88   Data          40  pow.o(.constdata)
    .constdata                               0x08003cb0   Section        8  qnan.o(.constdata)
    .data                                    0x20000000   Section        1  main.o(.data)
    .data                                    0x20000001   Section        1  main.o(.data)
    .data                                    0x20000004   Section       60  main.o(.data)
    .data                                    0x20000040   Section        1  main.o(.data)
    .data                                    0x20000041   Section        1  main.o(.data)
    .data                                    0x20000042   Section        1  main.o(.data)
    .data                                    0x20000043   Section        1  main.o(.data)
    .data                                    0x20000044   Section        1  main.o(.data)
    .data                                    0x20000045   Section        1  main.o(.data)
    .data                                    0x20000046   Section        1  main.o(.data)
    .data                                    0x20000047   Section        1  main.o(.data)
    .data                                    0x20000048   Section        1  main.o(.data)
    .data                                    0x2000004a   Section        2  main.o(.data)
    .data                                    0x2000004c   Section        4  main.o(.data)
    .data                                    0x20000050   Section        4  main.o(.data)
    .data                                    0x20000054   Section        4  main.o(.data)
    .data                                    0x20000058   Section        4  main.o(.data)
    .data                                    0x2000005c   Section        1  main.o(.data)
    .data                                    0x2000005d   Section        1  main.o(.data)
    .data                                    0x2000005e   Section        1  main.o(.data)
    .data                                    0x2000005f   Section        1  main.o(.data)
    .data                                    0x20000060   Section        4  main.o(.data)
    .data                                    0x20000064   Section        2  main.o(.data)
    .data                                    0x20000066   Section        2  main.o(.data)
    .data                                    0x20000068   Section        1  main.o(.data)
    .data                                    0x20000069   Section        1  main.o(.data)
    .data                                    0x2000006a   Section        2  main.o(.data)
    .data                                    0x2000006c   Section        2  main.o(.data)
    .data                                    0x2000006e   Section        2  main.o(.data)
    .data                                    0x20000070   Section        2  main.o(.data)
    .data                                    0x20000072   Section        1  main.o(.data)
    .data                                    0x20000073   Section        8  main.o(.data)
    .data                                    0x2000007b   Section        1  main.o(.data)
    .data                                    0x2000007c   Section        4  main.o(.data)
    .data                                    0x20000080   Section        8  main.o(.data)
    .data                                    0x20000088   Section        1  main.o(.data)
    .data                                    0x20000089   Section        1  rfid.o(.data)
    l_s_uc_Once_Sent                         0x20000089   Data           1  rfid.o(.data)
    .data                                    0x2000008c   Section       16  stm32f10x_it.o(.data)
    l_uc_Below_CAS_Act                       0x2000008c   Data           1  stm32f10x_it.o(.data)
    .data                                    0x2000009c   Section        8  stm32f10x_rcc.o(.data)
    HSEStatus                                0x2000009c   Data           1  stm32f10x_rcc.o(.data)
    StartUpCounter                           0x200000a0   Data           4  stm32f10x_rcc.o(.data)
    .data                                    0x200000a4   Section        4  errno.o(.data)
    _errno                                   0x200000a4   Data           4  errno.o(.data)
    .bss                                     0x200000a8   Section      100  main.o(.bss)
    .bss                                     0x2000010c   Section     1500  main.o(.bss)
    .bss                                     0x200006e8   Section       20  main.o(.bss)
    .bss                                     0x200006fc   Section       12  main.o(.bss)
    .bss                                     0x20000708   Section       16  main.o(.bss)
    .bss                                     0x20000718   Section       16  main.o(.bss)
    .bss                                     0x20000728   Section     4500  stm32f10x_it.o(.bss)
    STACK                                    0x200018c0   Section     1024  stm32f10x_vector.o(STACK)

    Global Symbols

    Symbol Name                              Value     Ov Type        Size  Object(Section)

    BuildAttributes$$THM_ISAv4$P$D$K$B$S$PE$A:L22UL41UL21$X:L11$S22US41US21$IEEE1$IW$USESV6$~STKCKD$USESV7$~SHL$OTIME$ROPI$IEEEX$EBA8$MICROLIB$REQ8$PRES8$EABIv2 0x00000000   Number         0  anon$$obj.o ABSOLUTE
    __ARM_use_no_argv                        0x00000000   Number         0  main.o ABSOLUTE
    _printf_a                                0x00000000   Number         0  stubs.o ABSOLUTE
    _printf_c                                0x00000000   Number         0  stubs.o ABSOLUTE
    _printf_charcount                        0x00000000   Number         0  stubs.o ABSOLUTE
    _printf_d                                0x00000000   Number         0  stubs.o ABSOLUTE
    _printf_e                                0x00000000   Number         0  stubs.o ABSOLUTE
    _printf_f                                0x00000000   Number         0  stubs.o ABSOLUTE
    _printf_flags                            0x00000000   Number         0  stubs.o ABSOLUTE
    _printf_fp_dec                           0x00000000   Number         0  stubs.o ABSOLUTE
    _printf_fp_hex                           0x00000000   Number         0  stubs.o ABSOLUTE
    _printf_g                                0x00000000   Number         0  stubs.o ABSOLUTE
    _printf_i                                0x00000000   Number         0  stubs.o ABSOLUTE
    _printf_int_dec                          0x00000000   Number         0  stubs.o ABSOLUTE
    _printf_l                                0x00000000   Number         0  stubs.o ABSOLUTE
    _printf_lc                               0x00000000   Number         0  stubs.o ABSOLUTE
    _printf_ll                               0x00000000   Number         0  stubs.o ABSOLUTE
    _printf_lld                              0x00000000   Number         0  stubs.o ABSOLUTE
    _printf_lli                              0x00000000   Number         0  stubs.o ABSOLUTE
    _printf_llo                              0x00000000   Number         0  stubs.o ABSOLUTE
    _printf_llu                              0x00000000   Number         0  stubs.o ABSOLUTE
    _printf_llx                              0x00000000   Number         0  stubs.o ABSOLUTE
    _printf_longlong_dec                     0x00000000   Number         0  stubs.o ABSOLUTE
    _printf_longlong_hex                     0x00000000   Number         0  stubs.o ABSOLUTE
    _printf_longlong_oct                     0x00000000   Number         0  stubs.o ABSOLUTE
    _printf_ls                               0x00000000   Number         0  stubs.o ABSOLUTE
    _printf_mbtowc                           0x00000000   Number         0  stubs.o ABSOLUTE
    _printf_n                                0x00000000   Number         0  stubs.o ABSOLUTE
    _printf_o                                0x00000000   Number         0  stubs.o ABSOLUTE
    _printf_p                                0x00000000   Number         0  stubs.o ABSOLUTE
    _printf_percent                          0x00000000   Number         0  stubs.o ABSOLUTE
    _printf_pre_padding                      0x00000000   Number         0  stubs.o ABSOLUTE
    _printf_return_value                     0x00000000   Number         0  stubs.o ABSOLUTE
    _printf_s                                0x00000000   Number         0  stubs.o ABSOLUTE
    _printf_sizespec                         0x00000000   Number         0  stubs.o ABSOLUTE
    _printf_str                              0x00000000   Number         0  stubs.o ABSOLUTE
    _printf_truncate_signed                  0x00000000   Number         0  stubs.o ABSOLUTE
    _printf_truncate_unsigned                0x00000000   Number         0  stubs.o ABSOLUTE
    _printf_u                                0x00000000   Number         0  stubs.o ABSOLUTE
    _printf_wc                               0x00000000   Number         0  stubs.o ABSOLUTE
    _printf_wctomb                           0x00000000   Number         0  stubs.o ABSOLUTE
    _printf_widthprec                        0x00000000   Number         0  stubs.o ABSOLUTE
    _printf_x                                0x00000000   Number         0  stubs.o ABSOLUTE
    __cpp_initialize__aeabi_                  - Undefined Weak Reference
    __cxa_finalize                            - Undefined Weak Reference
    __decompress                              - Undefined Weak Reference
    _clock_init                               - Undefined Weak Reference
    _microlib_exit                            - Undefined Weak Reference
    __Vectors                                0x08000000   Data           4  stm32f10x_vector.o(RESET)
    __main                                   0x08000131   Thumb Code     0  entry.o(.ARM.Collect$$$$00000000)
    _main_stk                                0x08000131   Thumb Code     0  entry2.o(.ARM.Collect$$$$00000001)
    _main_scatterload                        0x08000135   Thumb Code     0  entry5.o(.ARM.Collect$$$$00000004)
    __main_after_scatterload                 0x08000139   Thumb Code     0  entry5.o(.ARM.Collect$$$$00000004)
    _main_clock                              0x08000139   Thumb Code     0  entry7b.o(.ARM.Collect$$$$00000008)
    _main_cpp_init                           0x08000139   Thumb Code     0  entry8b.o(.ARM.Collect$$$$0000000A)
    _main_init                               0x08000139   Thumb Code     0  entry9a.o(.ARM.Collect$$$$0000000B)
    __rt_final_cpp                           0x08000141   Thumb Code     0  entry10a.o(.ARM.Collect$$$$0000000D)
    __rt_final_exit                          0x08000141   Thumb Code     0  entry11a.o(.ARM.Collect$$$$0000000F)
    Reset_Handler                            0x08000145   Thumb Code     4  stm32f10x_vector.o(.text)
    __aeabi_dadd                             0x0800014d   Thumb Code   322  dadd.o(.text)
    __aeabi_dsub                             0x0800028f   Thumb Code     6  dadd.o(.text)
    __aeabi_drsub                            0x08000295   Thumb Code     6  dadd.o(.text)
    __aeabi_dmul                             0x0800029b   Thumb Code   228  dmul.o(.text)
    __aeabi_ui2d                             0x0800037f   Thumb Code    26  dfltui.o(.text)
    __aeabi_d2uiz                            0x08000399   Thumb Code    50  dfixui.o(.text)
    __aeabi_uidiv                            0x080003cb   Thumb Code     0  uidiv.o(.text)
    __aeabi_uidivmod                         0x080003cb   Thumb Code    44  uidiv.o(.text)
    __aeabi_llsl                             0x080003f7   Thumb Code    30  llshl.o(.text)
    _ll_shift_l                              0x080003f7   Thumb Code     0  llshl.o(.text)
    __aeabi_llsr                             0x08000415   Thumb Code    32  llushr.o(.text)
    _ll_ushift_r                             0x08000415   Thumb Code     0  llushr.o(.text)
    __aeabi_lasr                             0x08000435   Thumb Code    36  llsshr.o(.text)
    _ll_sshift_r                             0x08000435   Thumb Code     0  llsshr.o(.text)
    __I$use$fp                               0x08000459   Thumb Code     0  iusefp.o(.text)
    _double_round                            0x08000459   Thumb Code    26  depilogue.o(.text)
    _double_epilogue                         0x08000473   Thumb Code   164  depilogue.o(.text)
    __aeabi_ddiv                             0x08000517   Thumb Code   222  ddiv.o(.text)
    __ARM_scalbn                             0x080005f5   Thumb Code    46  dscalb.o(.text)
    scalbn                                   0x080005f5   Thumb Code     0  dscalb.o(.text)
    __aeabi_i2d                              0x08000623   Thumb Code    34  dflti.o(.text)
    __aeabi_cdrcmple                         0x08000645   Thumb Code    38  cdrcmple.o(.text)
    __scatterload                            0x0800066d   Thumb Code    28  init.o(.text)
    __scatterload_rt2                        0x0800066d   Thumb Code     0  init.o(.text)
    _dsqrt                                   0x08000691   Thumb Code   162  dsqrt.o(.text)
    ADC1_2_IRQHandler                        0x08000733   Thumb Code     2  stm32f10x_it.o(i.ADC1_2_IRQHandler)
    ADC3_IRQHandler                          0x08000735   Thumb Code     2  stm32f10x_it.o(i.ADC3_IRQHandler)
    BusFaultException                        0x08000737   Thumb Code     2  stm32f10x_it.o(i.BusFaultException)
    CAN_ClearITPendingBit                    0x08000739   Thumb Code   150  stm32f10x_can.o(i.CAN_ClearITPendingBit)
    CAN_Config                               0x080007d9   Thumb Code   170  can_configuration.o(i.CAN_Config)
    CAN_DeInit                               0x0800088d   Thumb Code    24  stm32f10x_can.o(i.CAN_DeInit)
    CAN_FIFORelease                          0x080008a5   Thumb Code    16  stm32f10x_can.o(i.CAN_FIFORelease)
    CAN_FilterInit                           0x080008b9   Thumb Code   192  stm32f10x_can.o(i.CAN_FilterInit)
    CAN_ITConfig                             0x0800097d   Thumb Code    18  stm32f10x_can.o(i.CAN_ITConfig)
    CAN_Init                                 0x08000995   Thumb Code   204  stm32f10x_can.o(i.CAN_Init)
    CAN_RX1_IRQHandler                       0x08000a65   Thumb Code     2  stm32f10x_it.o(i.CAN_RX1_IRQHandler)
    CAN_SCE_IRQHandler                       0x08000a67   Thumb Code     2  stm32f10x_it.o(i.CAN_SCE_IRQHandler)
    CAN_StructInit                           0x08000a69   Thumb Code    32  stm32f10x_can.o(i.CAN_StructInit)
    CAN_Transmit                             0x08000a89   Thumb Code   170  stm32f10x_can.o(i.CAN_Transmit)
    DMA1_Channel1_IRQHandler                 0x08000b3d   Thumb Code     2  stm32f10x_it.o(i.DMA1_Channel1_IRQHandler)
    DMA1_Channel2_IRQHandler                 0x08000b3f   Thumb Code     2  stm32f10x_it.o(i.DMA1_Channel2_IRQHandler)
    DMA1_Channel3_IRQHandler                 0x08000b41   Thumb Code     2  stm32f10x_it.o(i.DMA1_Channel3_IRQHandler)
    DMA1_Channel4_IRQHandler                 0x08000b43   Thumb Code     2  stm32f10x_it.o(i.DMA1_Channel4_IRQHandler)
    DMA1_Channel5_IRQHandler                 0x08000b45   Thumb Code     2  stm32f10x_it.o(i.DMA1_Channel5_IRQHandler)
    DMA1_Channel6_IRQHandler                 0x08000b47   Thumb Code     2  stm32f10x_it.o(i.DMA1_Channel6_IRQHandler)
    DMA1_Channel7_IRQHandler                 0x08000b49   Thumb Code     2  stm32f10x_it.o(i.DMA1_Channel7_IRQHandler)
    DMA2_Channel1_IRQHandler                 0x08000b4b   Thumb Code     2  stm32f10x_it.o(i.DMA2_Channel1_IRQHandler)
    DMA2_Channel2_IRQHandler                 0x08000b4d   Thumb Code     2  stm32f10x_it.o(i.DMA2_Channel2_IRQHandler)
    DMA2_Channel3_IRQHandler                 0x08000b4f   Thumb Code     2  stm32f10x_it.o(i.DMA2_Channel3_IRQHandler)
    DMA2_Channel4_5_IRQHandler               0x08000b51   Thumb Code     2  stm32f10x_it.o(i.DMA2_Channel4_5_IRQHandler)
    DebugMonitor                             0x08000b53   Thumb Code     2  stm32f10x_it.o(i.DebugMonitor)
    Delay                                    0x08000b55   Thumb Code    12  main.o(i.Delay)
    EXTI0_IRQHandler                         0x08000b65   Thumb Code   140  stm32f10x_it.o(i.EXTI0_IRQHandler)
    EXTI15_10_IRQHandler                     0x08000c3d   Thumb Code     2  stm32f10x_it.o(i.EXTI15_10_IRQHandler)
    EXTI1_IRQHandler                         0x08000c3f   Thumb Code     2  stm32f10x_it.o(i.EXTI1_IRQHandler)
    EXTI2_IRQHandler                         0x08000c41   Thumb Code     2  stm32f10x_it.o(i.EXTI2_IRQHandler)
    EXTI3_IRQHandler                         0x08000c43   Thumb Code     2  stm32f10x_it.o(i.EXTI3_IRQHandler)
    EXTI4_IRQHandler                         0x08000c45   Thumb Code     6  stm32f10x_it.o(i.EXTI4_IRQHandler)
    EXTI9_5_IRQHandler                       0x08000c4b   Thumb Code    32  stm32f10x_it.o(i.EXTI9_5_IRQHandler)
    EXTI_ClearITPendingBit                   0x08000c6d   Thumb Code     6  stm32f10x_exti.o(i.EXTI_ClearITPendingBit)
    EXTI_Configuration                       0x08000c79   Thumb Code    34  initstm32.o(i.EXTI_Configuration)
    EXTI_GetITStatus                         0x08000ca1   Thumb Code    28  stm32f10x_exti.o(i.EXTI_GetITStatus)
    EXTI_Init                                0x08000cc1   Thumb Code   108  stm32f10x_exti.o(i.EXTI_Init)
    FLASH_IRQHandler                         0x08000d31   Thumb Code     2  stm32f10x_it.o(i.FLASH_IRQHandler)
    FLASH_PrefetchBufferCmd                  0x08000d35   Thumb Code    18  stm32f10x_flash.o(i.FLASH_PrefetchBufferCmd)
    FLASH_SetLatency                         0x08000d4d   Thumb Code    18  stm32f10x_flash.o(i.FLASH_SetLatency)
    FSMC_IRQHandler                          0x08000d65   Thumb Code     2  stm32f10x_it.o(i.FSMC_IRQHandler)
    GPIO_Configuration                       0x08000d69   Thumb Code   148  initstm32.o(i.GPIO_Configuration)
    GPIO_EXTILineConfig                      0x08000e0d   Thumb Code    34  stm32f10x_gpio.o(i.GPIO_EXTILineConfig)
    GPIO_Init                                0x08000e35   Thumb Code   158  stm32f10x_gpio.o(i.GPIO_Init)
    GPIO_PinRemapConfig                      0x08000ed5   Thumb Code    66  stm32f10x_gpio.o(i.GPIO_PinRemapConfig)
    GPIO_ReadInputDataBit                    0x08000f1d   Thumb Code    14  stm32f10x_gpio.o(i.GPIO_ReadInputDataBit)
    GPIO_WriteBit                            0x08000f2b   Thumb Code    10  stm32f10x_gpio.o(i.GPIO_WriteBit)
    HardFaultException                       0x08000f35   Thumb Code     2  stm32f10x_it.o(i.HardFaultException)
    I2C1_ER_IRQHandler                       0x08000f37   Thumb Code     2  stm32f10x_it.o(i.I2C1_ER_IRQHandler)
    I2C1_EV_IRQHandler                       0x08000f39   Thumb Code     2  stm32f10x_it.o(i.I2C1_EV_IRQHandler)
    I2C2_ER_IRQHandler                       0x08000f3b   Thumb Code     2  stm32f10x_it.o(i.I2C2_ER_IRQHandler)
    I2C2_EV_IRQHandler                       0x08000f3d   Thumb Code     2  stm32f10x_it.o(i.I2C2_EV_IRQHandler)
    InitSysTickTimer                         0x08000f3f   Thumb Code    32  initstm32.o(i.InitSysTickTimer)
    MemManageException                       0x08000f5f   Thumb Code     2  stm32f10x_it.o(i.MemManageException)
    NMIException                             0x08000f61   Thumb Code     2  stm32f10x_it.o(i.NMIException)
    NVIC_Configuration                       0x08000f63   Thumb Code   196  initstm32.o(i.NVIC_Configuration)
    NVIC_GenerateSystemReset                 0x08001029   Thumb Code     8  stm32f10x_nvic.o(i.NVIC_GenerateSystemReset)
    NVIC_Init                                0x08001039   Thumb Code   114  stm32f10x_nvic.o(i.NVIC_Init)
    NVIC_PriorityGroupConfig                 0x080010b5   Thumb Code    10  stm32f10x_nvic.o(i.NVIC_PriorityGroupConfig)
    NVIC_SetVectorTable                      0x080010c9   Thumb Code    12  stm32f10x_nvic.o(i.NVIC_SetVectorTable)
    PVD_IRQHandler                           0x080010dd   Thumb Code     2  stm32f10x_it.o(i.PVD_IRQHandler)
    PendSVC                                  0x080010df   Thumb Code     2  stm32f10x_it.o(i.PendSVC)
    RCC_APB1PeriphClockCmd                   0x080010e1   Thumb Code    18  stm32f10x_rcc.o(i.RCC_APB1PeriphClockCmd)
    RCC_APB1PeriphResetCmd                   0x080010f9   Thumb Code    18  stm32f10x_rcc.o(i.RCC_APB1PeriphResetCmd)
    RCC_APB2PeriphClockCmd                   0x08001111   Thumb Code    18  stm32f10x_rcc.o(i.RCC_APB2PeriphClockCmd)
    RCC_Configuration                        0x08001129   Thumb Code   162  initstm32.o(i.RCC_Configuration)
    RCC_DeInit                               0x080011d5   Thumb Code    48  stm32f10x_rcc.o(i.RCC_DeInit)
    RCC_GetClocksFreq                        0x08001211   Thumb Code   128  stm32f10x_rcc.o(i.RCC_GetClocksFreq)
    RCC_GetFlagStatus                        0x080012a1   Thumb Code    44  stm32f10x_rcc.o(i.RCC_GetFlagStatus)
    RCC_GetSYSCLKSource                      0x080012d1   Thumb Code    10  stm32f10x_rcc.o(i.RCC_GetSYSCLKSource)
    RCC_HCLKConfig                           0x080012e1   Thumb Code    14  stm32f10x_rcc.o(i.RCC_HCLKConfig)
    RCC_HSEConfig                            0x080012f5   Thumb Code    48  stm32f10x_rcc.o(i.RCC_HSEConfig)
    RCC_IRQHandler                           0x08001329   Thumb Code     2  stm32f10x_it.o(i.RCC_IRQHandler)
    RCC_PCLK1Config                          0x0800132d   Thumb Code    14  stm32f10x_rcc.o(i.RCC_PCLK1Config)
    RCC_PCLK2Config                          0x08001341   Thumb Code    16  stm32f10x_rcc.o(i.RCC_PCLK2Config)
    RCC_PLLCmd                               0x08001355   Thumb Code     6  stm32f10x_rcc.o(i.RCC_PLLCmd)
    RCC_PLLConfig                            0x08001361   Thumb Code    16  stm32f10x_rcc.o(i.RCC_PLLConfig)
    RCC_SYSCLKConfig                         0x08001375   Thumb Code    14  stm32f10x_rcc.o(i.RCC_SYSCLKConfig)
    RCC_WaitForHSEStartUp                    0x08001389   Thumb Code    46  stm32f10x_rcc.o(i.RCC_WaitForHSEStartUp)
    RTCAlarm_IRQHandler                      0x080013bd   Thumb Code     2  stm32f10x_it.o(i.RTCAlarm_IRQHandler)
    RTC_IRQHandler                           0x080013bf   Thumb Code     2  stm32f10x_it.o(i.RTC_IRQHandler)
    SDIO_IRQHandler                          0x080013c1   Thumb Code     2  stm32f10x_it.o(i.SDIO_IRQHandler)
    SPI1_IRQHandler                          0x080013c3   Thumb Code     2  stm32f10x_it.o(i.SPI1_IRQHandler)
    SPI2_IRQHandler                          0x080013c5   Thumb Code     2  stm32f10x_it.o(i.SPI2_IRQHandler)
    SPI3_IRQHandler                          0x080013c7   Thumb Code     2  stm32f10x_it.o(i.SPI3_IRQHandler)
    SVCHandler                               0x080013c9   Thumb Code     2  stm32f10x_it.o(i.SVCHandler)
    SetTimer3                                0x080013cd   Thumb Code    88  initstm32.o(i.SetTimer3)
    SetTimer4                                0x08001429   Thumb Code    92  initstm32.o(i.SetTimer4)
    SysTickHandler                           0x08001489   Thumb Code   220  stm32f10x_it.o(i.SysTickHandler)
    SysTick_CounterCmd                       0x080015b1   Thumb Code    36  stm32f10x_systick.o(i.SysTick_CounterCmd)
    SysTick_ITConfig                         0x080015d5   Thumb Code    24  stm32f10x_systick.o(i.SysTick_ITConfig)
    SysTick_SetReload                        0x080015ed   Thumb Code     8  stm32f10x_systick.o(i.SysTick_SetReload)
    TAMPER_IRQHandler                        0x080015f5   Thumb Code     2  stm32f10x_it.o(i.TAMPER_IRQHandler)
    TIM1_BRK_IRQHandler                      0x080015f7   Thumb Code     2  stm32f10x_it.o(i.TIM1_BRK_IRQHandler)
    TIM1_CC_IRQHandler                       0x080015f9   Thumb Code     2  stm32f10x_it.o(i.TIM1_CC_IRQHandler)
    TIM1_TRG_COM_IRQHandler                  0x080015fb   Thumb Code     2  stm32f10x_it.o(i.TIM1_TRG_COM_IRQHandler)
    TIM1_UP_IRQHandler                       0x080015fd   Thumb Code     2  stm32f10x_it.o(i.TIM1_UP_IRQHandler)
    TIM2_IRQHandler                          0x080015ff   Thumb Code     2  stm32f10x_it.o(i.TIM2_IRQHandler)
    TIM3_IRQHandler                          0x08001601   Thumb Code     8  stm32f10x_it.o(i.TIM3_IRQHandler)
    TIM4_IRQHandler                          0x0800160d   Thumb Code     8  stm32f10x_it.o(i.TIM4_IRQHandler)
    TIM5_IRQHandler                          0x08001619   Thumb Code     2  stm32f10x_it.o(i.TIM5_IRQHandler)
    TIM6_IRQHandler                          0x0800161b   Thumb Code     2  stm32f10x_it.o(i.TIM6_IRQHandler)
    TIM7_IRQHandler                          0x0800161d   Thumb Code     2  stm32f10x_it.o(i.TIM7_IRQHandler)
    TIM8_BRK_IRQHandler                      0x0800161f   Thumb Code     2  stm32f10x_it.o(i.TIM8_BRK_IRQHandler)
    TIM8_CC_IRQHandler                       0x08001621   Thumb Code     2  stm32f10x_it.o(i.TIM8_CC_IRQHandler)
    TIM8_TRG_COM_IRQHandler                  0x08001623   Thumb Code     2  stm32f10x_it.o(i.TIM8_TRG_COM_IRQHandler)
    TIM8_UP_IRQHandler                       0x08001625   Thumb Code     2  stm32f10x_it.o(i.TIM8_UP_IRQHandler)
    TIM_ARRPreloadConfig                     0x08001627   Thumb Code    22  stm32f10x_tim.o(i.TIM_ARRPreloadConfig)
    TIM_ClearITPendingBit                    0x0800163d   Thumb Code     6  stm32f10x_tim.o(i.TIM_ClearITPendingBit)
    TIM_Cmd                                  0x08001643   Thumb Code    22  stm32f10x_tim.o(i.TIM_Cmd)
    TIM_ITConfig                             0x08001659   Thumb Code    16  stm32f10x_tim.o(i.TIM_ITConfig)
    TIM_TimeBaseInit                         0x08001669   Thumb Code    50  stm32f10x_tim.o(i.TIM_TimeBaseInit)
    UART4_IRQHandler                         0x080016a5   Thumb Code     2  stm32f10x_it.o(i.UART4_IRQHandler)
    UART5_IRQHandler                         0x080016a7   Thumb Code     2  stm32f10x_it.o(i.UART5_IRQHandler)
    USART1_IRQHandler                        0x080016a9   Thumb Code    64  stm32f10x_it.o(i.USART1_IRQHandler)
    USART2_IRQHandler                        0x080016f5   Thumb Code    64  stm32f10x_it.o(i.USART2_IRQHandler)
    USART3_IRQHandler                        0x08001741   Thumb Code   114  stm32f10x_it.o(i.USART3_IRQHandler)
    USART_ClearITPendingBit                  0x080017cd   Thumb Code    12  stm32f10x_usart.o(i.USART_ClearITPendingBit)
    USART_Cmd                                0x080017d9   Thumb Code    20  stm32f10x_usart.o(i.USART_Cmd)
    USART_Configuration                      0x080017ed   Thumb Code   148  initstm32.o(i.USART_Configuration)
    USART_GetFlagStatus                      0x08001891   Thumb Code    14  stm32f10x_usart.o(i.USART_GetFlagStatus)
    USART_GetITStatus                        0x0800189f   Thumb Code    62  stm32f10x_usart.o(i.USART_GetITStatus)
    USART_ITConfig                           0x080018dd   Thumb Code    48  stm32f10x_usart.o(i.USART_ITConfig)
    USART_Init                               0x0800190d   Thumb Code   134  stm32f10x_usart.o(i.USART_Init)
    USART_ReceiveData                        0x08001999   Thumb Code     8  stm32f10x_usart.o(i.USART_ReceiveData)
    USART_SendData                           0x080019a1   Thumb Code     8  stm32f10x_usart.o(i.USART_SendData)
    USBWakeUp_IRQHandler                     0x080019a9   Thumb Code     2  stm32f10x_it.o(i.USBWakeUp_IRQHandler)
    USB_HP_CAN_TX_IRQHandler                 0x080019ab   Thumb Code     2  stm32f10x_it.o(i.USB_HP_CAN_TX_IRQHandler)
    USB_LP_CAN_RX0_IRQHandler                0x080019ad   Thumb Code   502  stm32f10x_it.o(i.USB_LP_CAN_RX0_IRQHandler)
    UsageFaultException                      0x08001c15   Thumb Code     2  stm32f10x_it.o(i.UsageFaultException)
    WWDG_IRQHandler                          0x08001c17   Thumb Code     2  stm32f10x_it.o(i.WWDG_IRQHandler)
    __0sprintf$6                             0x08001c19   Thumb Code    34  printf6.o(i.__0sprintf$6)
    __1sprintf$6                             0x08001c19   Thumb Code     0  printf6.o(i.__0sprintf$6)
    __2sprintf                               0x08001c19   Thumb Code     0  printf6.o(i.__0sprintf$6)
    __ARM_fpclassify                         0x08001c41   Thumb Code    40  fpclassify.o(i.__ARM_fpclassify)
    __kernel_poly                            0x08001c69   Thumb Code   170  poly.o(i.__kernel_poly)
    __mathlib_dbl_underflow                  0x08001d15   Thumb Code    10  dunder.o(i.__mathlib_dbl_underflow)
    __scatterload_copy                       0x08001d25   Thumb Code    14  handlers.o(i.__scatterload_copy)
    __scatterload_null                       0x08001d33   Thumb Code     2  handlers.o(i.__scatterload_null)
    __scatterload_zeroinit                   0x08001d35   Thumb Code    14  handlers.o(i.__scatterload_zeroinit)
    __set_errno                              0x08001d45   Thumb Code     6  errno.o(i.__set_errno)
    fn_All_LED_OFF                           0x080020a5   Thumb Code   106  power_on_test.o(i.fn_All_LED_OFF)
    fn_All_LED_ON                            0x08002119   Thumb Code   110  power_on_test.o(i.fn_All_LED_ON)
    fn_Emergency_Indication                  0x08002191   Thumb Code    68  power_on_test.o(i.fn_Emergency_Indication)
    fn_Lcd_Cmd_Write                         0x080021d9   Thumb Code   100  stm32_lcd_lib.o(i.fn_Lcd_Cmd_Write)
    fn_Lcd_Data_Write                        0x08002241   Thumb Code    98  stm32_lcd_lib.o(i.fn_Lcd_Data_Write)
    fn_Power_On_Self_Test                    0x080022a9   Thumb Code    38  power_on_test.o(i.fn_Power_On_Self_Test)
    fn_uc_Accelerator_Cutoff_Status_Handler  0x080022d1   Thumb Code    26  err_handler.o(i.fn_uc_Accelerator_Cutoff_Status_Handler)
    fn_uc_BLE_Connection_Handler             0x080022f5   Thumb Code    26  err_handler.o(i.fn_uc_BLE_Connection_Handler)
    fn_uc_Brake_Status_Handler               0x08002319   Thumb Code    28  update_alarm.o(i.fn_uc_Brake_Status_Handler)
    fn_uc_Buzzer_Rejection_Tone              0x0800233d   Thumb Code   110  err_handler.o(i.fn_uc_Buzzer_Rejection_Tone)
    fn_uc_Detect_Cruise_Key                  0x080023b5   Thumb Code   164  err_handler.o(i.fn_uc_Detect_Cruise_Key)
    fn_uc_Display_Distance_Relevant_Object_Status 0x08002491   Thumb Code   184  stm32_lcd_lib.o(i.fn_uc_Display_Distance_Relevant_Object_Status)
    fn_uc_Display_String                     0x080025d1   Thumb Code    88  stm32_lcd_lib.o(i.fn_uc_Display_String)
    fn_uc_Drive_LED_BUZZER                   0x08002659   Thumb Code   188  update_alarm.o(i.fn_uc_Drive_LED_BUZZER)
    fn_uc_Error_Inicator_Handler             0x08002735   Thumb Code    28  err_handler.o(i.fn_uc_Error_Inicator_Handler)
    fn_uc_Extract_RFID_Data_Buffer           0x08002759   Thumb Code   490  rfid.o(i.fn_uc_Extract_RFID_Data_Buffer)
    fn_uc_Init_LCD                           0x080029cd   Thumb Code   172  stm32_lcd_lib.o(i.fn_uc_Init_LCD)
    fn_uc_Init_LCD_Pins                      0x08002a7d   Thumb Code    84  stm32_lcd_lib.o(i.fn_uc_Init_LCD_Pins)
    fn_uc_RFID_Error_Handler                 0x08002ad9   Thumb Code    62  rfid.o(i.fn_uc_RFID_Error_Handler)
    fn_uc_Reset_Alarm_LEDs                   0x08002b51   Thumb Code    58  update_alarm.o(i.fn_uc_Reset_Alarm_LEDs)
    fn_uc_Send_Boot_Mode_Status_To_ECU       0x08002b95   Thumb Code    48  can_configuration.o(i.fn_uc_Send_Boot_Mode_Status_To_ECU)
    fn_uc_Send_Cruise_Button_Status_To_ECU   0x08002bc9   Thumb Code    50  can_configuration.o(i.fn_uc_Send_Cruise_Button_Status_To_ECU)
    fn_uc_Send_Heartbit_To_ECU               0x08002c05   Thumb Code    60  can_configuration.o(i.fn_uc_Send_Heartbit_To_ECU)
    fn_uc_Send_Nibble                        0x08002c49   Thumb Code    62  stm32_lcd_lib.o(i.fn_uc_Send_Nibble)
    fn_uc_Send_RFID_Card_Details_TO_ECU      0x08002c8d   Thumb Code   124  can_configuration.o(i.fn_uc_Send_RFID_Card_Details_TO_ECU)
    fn_uc_Send_String_On_Debug_Port          0x08002d49   Thumb Code    36  uart.o(i.fn_uc_Send_String_On_Debug_Port)
    fn_uc_Update_Alarm_Status                0x08002d71   Thumb Code   132  update_alarm.o(i.fn_uc_Update_Alarm_Status)
    fn_uc_Update_Sleep_Alert_Status          0x08002e0d   Thumb Code   170  update_alarm.o(i.fn_uc_Update_Sleep_Alert_Status)
    fn_ui_HEX_To_DEC                         0x08002ee1   Thumb Code    92  main.o(i.fn_ui_HEX_To_DEC)
    fn_v_Initialize_System                   0x08002f41   Thumb Code    84  main.o(i.fn_v_Initialize_System)
    fn_v_Toggle_Enable                       0x08002f9d   Thumb Code    42  stm32_lcd_lib.o(i.fn_v_Toggle_Enable)
    fn_v_Welcome_Msg_On_LCD                  0x08002fcd   Thumb Code    26  stm32_lcd_lib.o(i.fn_v_Welcome_Msg_On_LCD)
    get_Received_CAN_Data                    0x08002ffd   Thumb Code   122  stm32f10x_can.o(i.get_Received_CAN_Data)
    main                                     0x0800307d   Thumb Code   254  main.o(i.main)
    pow                                      0x080031e9   Thumb Code  2510  pow.o(i.pow)
    sqrt                                     0x08003bc9   Thumb Code    76  sqrt.o(i.sqrt)
    __mathlib_zero                           0x08003cb0   Data           8  qnan.o(.constdata)
    Region$$Table$$Base                      0x08003cb8   Number         0  anon$$obj.o(Region$$Table)
    Region$$Table$$Limit                     0x08003cd8   Number         0  anon$$obj.o(Region$$Table)
    Cruz_On_Off_Bit                          0x20000000   Data           1  main.o(.data)
    g_uc_Cruz_OnOff_Data_Msg                 0x20000001   Data           1  main.o(.data)
    g_uc_Cruz_Status                         0x20000004   Data           1  main.o(.data)
    g_uc_Alarm_Status                        0x20000005   Data           1  main.o(.data)
    g_uc_Flag_Timer_State                    0x20000006   Data           1  main.o(.data)
    g_uc_Flag_LED_State                      0x20000007   Data           1  main.o(.data)
    g_uc_Flag_Previous_LED_State             0x20000008   Data           1  main.o(.data)
    g_uc_Flag_Cycle_State                    0x20000009   Data           1  main.o(.data)
    g_uc_Cycle_Mode                          0x2000000a   Data           1  main.o(.data)
    g_uc_Previous_Alarm_Status               0x2000000b   Data           1  main.o(.data)
    g_uc_Flag_Sleep_Alert_Timer              0x2000000c   Data           1  main.o(.data)
    g_uc_Flag_Sleep_alert_Buzzer_State       0x2000000d   Data           1  main.o(.data)
    g_uc_Flag_Previous_Sleep_alert_Buzzer_State 0x2000000e   Data           1  main.o(.data)
    g_uc_Flag_Sleep_alert_Current_Cycle_State 0x2000000f   Data           1  main.o(.data)
    g_uc_Sleep_Alert_Cycle_Mode              0x20000010   Data           1  main.o(.data)
    g_uc_Flag_Play_Error_Buzzer_Tone         0x20000011   Data           1  main.o(.data)
    g_uc_flag_First_Time_Key_Detection       0x20000012   Data           1  main.o(.data)
    g_uc_Flag_Previous_State                 0x20000013   Data           1  main.o(.data)
    g_uc_Flag_Multiple_Key_Pressed_For_Test_Mode 0x20000014   Data           1  main.o(.data)
    g_uc_Flag_Emergency_Button_Status        0x20000015   Data           1  main.o(.data)
    g_uc_Power_ON_Flag                       0x20000016   Data           1  main.o(.data)
    g_uc_Key_Press_Counter                   0x20000017   Data           1  main.o(.data)
    g_uc_Flag_Multiple_Times_Key_Pressed     0x20000018   Data           1  main.o(.data)
    g_bln_UART_Interrupt                     0x20000019   Data           1  main.o(.data)
    g_vus_Ticker_BUZZER_LED_ON               0x2000001a   Data           2  main.o(.data)
    g_vui_mSec                               0x2000001c   Data           4  main.o(.data)
    g_vui_Ticker_Sleep_alert_Buzzer_On_time  0x20000020   Data           4  main.o(.data)
    g_vui_Ticker_Sleep_alert_Buzzer_Off_time 0x20000024   Data           4  main.o(.data)
    g_vui_Ticker_Power_ON_Key_Detection_Timer 0x20000028   Data           4  main.o(.data)
    g_vui_Ticker_Key_Debounce_Timeout        0x2000002c   Data           4  main.o(.data)
    g_vui_Ticker_Time_Between_Two_Key_Press_Timer 0x20000030   Data           4  main.o(.data)
    g_vui_Ticker_Long_Key_Press_Detection_Timer 0x20000034   Data           4  main.o(.data)
    g_vui_Ticker_LED_Heartbit                0x20000038   Data           4  main.o(.data)
    g_v_ui_Ticker_RFID_Absent_Timeout        0x2000003c   Data           4  main.o(.data)
    g_uc_Cruz_On_Off_Dbn                     0x20000040   Data           1  main.o(.data)
    g_uc_Bluetooth_Status                    0x20000041   Data           1  main.o(.data)
    g_uc_Error_Status                        0x20000042   Data           1  main.o(.data)
    g_uc_Accelerator_Status                  0x20000043   Data           1  main.o(.data)
    g_uc_Sleep_Alert_Status                  0x20000044   Data           1  main.o(.data)
    g_uc_Flag_Toggle_Cruise_LED              0x20000045   Data           1  main.o(.data)
    g_uc_Flag_Invert                         0x20000046   Data           1  main.o(.data)
    g_uc_Flag_Clear_ALL_LED_Buzzer_State     0x20000047   Data           1  main.o(.data)
    g_uc_Flag_Brake_Alert_Status             0x20000048   Data           1  main.o(.data)
    g_vus_Ticker_BUZZER_LED_OFF              0x2000004a   Data           2  main.o(.data)
    g_vui_Ticker_Cruise_Pause                0x2000004c   Data           4  main.o(.data)
    g_ui_Read_Buffer_Index                   0x20000050   Data           4  main.o(.data)
    g_ui_Previous_Data_Buffer_Index          0x20000054   Data           4  main.o(.data)
    g_ui_RFID_Buffer_Data_Mode_Read_Index    0x20000058   Data           4  main.o(.data)
    g_uc_RFID_Card_Version                   0x2000005c   Data           1  main.o(.data)
    g_uc_RFID_Card_CRC                       0x2000005d   Data           1  main.o(.data)
    g_uc_RFID_CAN_Msg_Once_Sent              0x2000005e   Data           1  main.o(.data)
    g_uc_RFID_Status                         0x2000005f   Data           1  main.o(.data)
    g_ui_Previous_RFID_Card_No_HEX           0x20000060   Data           4  main.o(.data)
    g_us_Distance_To_Be_Displayed            0x20000064   Data           2  main.o(.data)
    g_us_Pre_Distance_To_Be_Displayed        0x20000066   Data           2  main.o(.data)
    g_uc_Relevant_Object_Status              0x20000068   Data           1  main.o(.data)
    g_uc_Rel_Obj_Abs_Once_Displayed          0x20000069   Data           1  main.o(.data)
    g_us_Relevant_Obj_Counter                0x2000006a   Data           2  main.o(.data)
    g_us_Relevant_Obj_Same_Dir_Counter       0x2000006c   Data           2  main.o(.data)
    g_us_Relevant_Obj_Stationary_Counter     0x2000006e   Data           2  main.o(.data)
    g_us_Relevant_Obj_Oncoming_Counter       0x20000070   Data           2  main.o(.data)
    g_uc_Prev_Relevant_Obj_Status            0x20000072   Data           1  main.o(.data)
    g_uc_ECU_Data_Msg                        0x20000073   Data           8  main.o(.data)
    g_vuc_clock_stable                       0x2000007b   Data           1  main.o(.data)
    GPIO_InitStructure                       0x2000007c   Data           4  main.o(.data)
    EXTI_InitStructure                       0x20000080   Data           8  main.o(.data)
    HSEStartUpStatus                         0x20000088   Data           1  main.o(.data)
    g_uc_Uart1_Wr_Data_Ctr                   0x20000090   Data           4  stm32f10x_it.o(.data)
    g_uc_Uart2_Wr_Data_Ctr                   0x20000094   Data           4  stm32f10x_it.o(.data)
    g_uc_Uart3_Wr_Data_Ctr                   0x20000098   Data           4  stm32f10x_it.o(.data)
    g_uc_Transmit_Buffer                     0x200000a8   Data         100  main.o(.bss)
    g_uc_Read_Buffer                         0x2000010c   Data        1500  main.o(.bss)
    Can_Tx_Msg                               0x200006e8   Data          20  main.o(.bss)
    CAN_InitStructure                        0x200006fc   Data          12  main.o(.bss)
    CAN_FilterInitStructure                  0x20000708   Data          16  main.o(.bss)
    USART_InitStructure                      0x20000718   Data          16  main.o(.bss)
    g_uc_Uart1_Rx_Buf                        0x20000728   Data        1500  stm32f10x_it.o(.bss)
    g_uc_Uart2_Rx_Buf                        0x20000d04   Data        1500  stm32f10x_it.o(.bss)
    g_uc_Uart3_Rx_Buf                        0x200012e0   Data        1500  stm32f10x_it.o(.bss)
    __initial_sp                             0x20001cc0   Data           0  stm32f10x_vector.o(STACK)



==============================================================================

Memory Map of the image

  Image Entry point : 0x08000131

  Load Region LR_IROM1 (Base: 0x08000000, Size: 0x00003d80, Max: 0x00010000, ABSOLUTE)

    Execution Region ER_IROM1 (Base: 0x08000000, Size: 0x00003cd8, Max: 0x00010000, ABSOLUTE)

    Base Addr    Size         Type   Attr      Idx    E Section Name        Object

    0x08000000   0x00000130   Data   RO           95    RESET               stm32f10x_vector.o
    0x08000130   0x00000000   Code   RO          525  * .ARM.Collect$$$$00000000  mc_w.l(entry.o)
    0x08000130   0x00000004   Code   RO          671    .ARM.Collect$$$$00000001  mc_w.l(entry2.o)
    0x08000134   0x00000004   Code   RO          674    .ARM.Collect$$$$00000004  mc_w.l(entry5.o)
    0x08000138   0x00000000   Code   RO          676    .ARM.Collect$$$$00000008  mc_w.l(entry7b.o)
    0x08000138   0x00000000   Code   RO          678    .ARM.Collect$$$$0000000A  mc_w.l(entry8b.o)
    0x08000138   0x00000008   Code   RO          679    .ARM.Collect$$$$0000000B  mc_w.l(entry9a.o)
    0x08000140   0x00000000   Code   RO          681    .ARM.Collect$$$$0000000D  mc_w.l(entry10a.o)
    0x08000140   0x00000000   Code   RO          683    .ARM.Collect$$$$0000000F  mc_w.l(entry11a.o)
    0x08000140   0x00000004   Code   RO          672    .ARM.Collect$$$$00002712  mc_w.l(entry2.o)
    0x08000144   0x00000008   Code   RO           96    .text               stm32f10x_vector.o
    0x0800014c   0x0000014e   Code   RO          659    .text               mf_w.l(dadd.o)
    0x0800029a   0x000000e4   Code   RO          660    .text               mf_w.l(dmul.o)
    0x0800037e   0x0000001a   Code   RO          661    .text               mf_w.l(dfltui.o)
    0x08000398   0x00000032   Code   RO          662    .text               mf_w.l(dfixui.o)
    0x080003ca   0x0000002c   Code   RO          687    .text               mc_w.l(uidiv.o)
    0x080003f6   0x0000001e   Code   RO          689    .text               mc_w.l(llshl.o)
    0x08000414   0x00000020   Code   RO          690    .text               mc_w.l(llushr.o)
    0x08000434   0x00000024   Code   RO          691    .text               mc_w.l(llsshr.o)
    0x08000458   0x00000000   Code   RO          696    .text               mc_w.l(iusefp.o)
    0x08000458   0x000000be   Code   RO          697    .text               mf_w.l(depilogue.o)
    0x08000516   0x000000de   Code   RO          698    .text               mf_w.l(ddiv.o)
    0x080005f4   0x0000002e   Code   RO          699    .text               mf_w.l(dscalb.o)
    0x08000622   0x00000022   Code   RO          700    .text               mf_w.l(dflti.o)
    0x08000644   0x00000028   Code   RO          702    .text               mf_w.l(cdrcmple.o)
    0x0800066c   0x00000024   Code   RO          703    .text               mc_w.l(init.o)
    0x08000690   0x000000a2   Code   RO          706    .text               mf_w.l(dsqrt.o)
    0x08000732   0x00000002   Code   RO          231    i.ADC1_2_IRQHandler  stm32f10x_it.o
    0x08000734   0x00000002   Code   RO          232    i.ADC3_IRQHandler   stm32f10x_it.o
    0x08000736   0x00000002   Code   RO          233    i.BusFaultException  stm32f10x_it.o
    0x08000738   0x000000a0   Code   RO          135    i.CAN_ClearITPendingBit  stm32f10x_can.o
    0x080007d8   0x000000b4   Code   RO           65    i.CAN_Config        can_configuration.o
    0x0800088c   0x00000018   Code   RO          136    i.CAN_DeInit        stm32f10x_can.o
    0x080008a4   0x00000014   Code   RO          137    i.CAN_FIFORelease   stm32f10x_can.o
    0x080008b8   0x000000c4   Code   RO          138    i.CAN_FilterInit    stm32f10x_can.o
    0x0800097c   0x00000018   Code   RO          141    i.CAN_ITConfig      stm32f10x_can.o
    0x08000994   0x000000d0   Code   RO          142    i.CAN_Init          stm32f10x_can.o
    0x08000a64   0x00000002   Code   RO          234    i.CAN_RX1_IRQHandler  stm32f10x_it.o
    0x08000a66   0x00000002   Code   RO          235    i.CAN_SCE_IRQHandler  stm32f10x_it.o
    0x08000a68   0x00000020   Code   RO          145    i.CAN_StructInit    stm32f10x_can.o
    0x08000a88   0x000000b4   Code   RO          146    i.CAN_Transmit      stm32f10x_can.o
    0x08000b3c   0x00000002   Code   RO          236    i.DMA1_Channel1_IRQHandler  stm32f10x_it.o
    0x08000b3e   0x00000002   Code   RO          237    i.DMA1_Channel2_IRQHandler  stm32f10x_it.o
    0x08000b40   0x00000002   Code   RO          238    i.DMA1_Channel3_IRQHandler  stm32f10x_it.o
    0x08000b42   0x00000002   Code   RO          239    i.DMA1_Channel4_IRQHandler  stm32f10x_it.o
    0x08000b44   0x00000002   Code   RO          240    i.DMA1_Channel5_IRQHandler  stm32f10x_it.o
    0x08000b46   0x00000002   Code   RO          241    i.DMA1_Channel6_IRQHandler  stm32f10x_it.o
    0x08000b48   0x00000002   Code   RO          242    i.DMA1_Channel7_IRQHandler  stm32f10x_it.o
    0x08000b4a   0x00000002   Code   RO          243    i.DMA2_Channel1_IRQHandler  stm32f10x_it.o
    0x08000b4c   0x00000002   Code   RO          244    i.DMA2_Channel2_IRQHandler  stm32f10x_it.o
    0x08000b4e   0x00000002   Code   RO          245    i.DMA2_Channel3_IRQHandler  stm32f10x_it.o
    0x08000b50   0x00000002   Code   RO          246    i.DMA2_Channel4_5_IRQHandler  stm32f10x_it.o
    0x08000b52   0x00000002   Code   RO          247    i.DebugMonitor      stm32f10x_it.o
    0x08000b54   0x00000010   Code   RO            1    i.Delay             main.o
    0x08000b64   0x000000d8   Code   RO          248    i.EXTI0_IRQHandler  stm32f10x_it.o
    0x08000c3c   0x00000002   Code   RO          249    i.EXTI15_10_IRQHandler  stm32f10x_it.o
    0x08000c3e   0x00000002   Code   RO          250    i.EXTI1_IRQHandler  stm32f10x_it.o
    0x08000c40   0x00000002   Code   RO          251    i.EXTI2_IRQHandler  stm32f10x_it.o
    0x08000c42   0x00000002   Code   RO          252    i.EXTI3_IRQHandler  stm32f10x_it.o
    0x08000c44   0x00000006   Code   RO          253    i.EXTI4_IRQHandler  stm32f10x_it.o
    0x08000c4a   0x00000020   Code   RO          254    i.EXTI9_5_IRQHandler  stm32f10x_it.o
    0x08000c6a   0x00000002   PAD
    0x08000c6c   0x0000000c   Code   RO          152    i.EXTI_ClearITPendingBit  stm32f10x_exti.o
    0x08000c78   0x00000028   Code   RO           70    i.EXTI_Configuration  initstm32.o
    0x08000ca0   0x00000020   Code   RO          156    i.EXTI_GetITStatus  stm32f10x_exti.o
    0x08000cc0   0x00000070   Code   RO          157    i.EXTI_Init         stm32f10x_exti.o
    0x08000d30   0x00000002   Code   RO          255    i.FLASH_IRQHandler  stm32f10x_it.o
    0x08000d32   0x00000002   PAD
    0x08000d34   0x00000018   Code   RO          173    i.FLASH_PrefetchBufferCmd  stm32f10x_flash.o
    0x08000d4c   0x00000018   Code   RO          178    i.FLASH_SetLatency  stm32f10x_flash.o
    0x08000d64   0x00000002   Code   RO          256    i.FSMC_IRQHandler   stm32f10x_it.o
    0x08000d66   0x00000002   PAD
    0x08000d68   0x000000a4   Code   RO           71    i.GPIO_Configuration  initstm32.o
    0x08000e0c   0x00000028   Code   RO          184    i.GPIO_EXTILineConfig  stm32f10x_gpio.o
    0x08000e34   0x0000009e   Code   RO          187    i.GPIO_Init         stm32f10x_gpio.o
    0x08000ed2   0x00000002   PAD
    0x08000ed4   0x00000048   Code   RO          189    i.GPIO_PinRemapConfig  stm32f10x_gpio.o
    0x08000f1c   0x0000000e   Code   RO          191    i.GPIO_ReadInputDataBit  stm32f10x_gpio.o
    0x08000f2a   0x0000000a   Code   RO          198    i.GPIO_WriteBit     stm32f10x_gpio.o
    0x08000f34   0x00000002   Code   RO          257    i.HardFaultException  stm32f10x_it.o
    0x08000f36   0x00000002   Code   RO          258    i.I2C1_ER_IRQHandler  stm32f10x_it.o
    0x08000f38   0x00000002   Code   RO          259    i.I2C1_EV_IRQHandler  stm32f10x_it.o
    0x08000f3a   0x00000002   Code   RO          260    i.I2C2_ER_IRQHandler  stm32f10x_it.o
    0x08000f3c   0x00000002   Code   RO          261    i.I2C2_EV_IRQHandler  stm32f10x_it.o
    0x08000f3e   0x00000020   Code   RO           72    i.InitSysTickTimer  initstm32.o
    0x08000f5e   0x00000002   Code   RO          262    i.MemManageException  stm32f10x_it.o
    0x08000f60   0x00000002   Code   RO          263    i.NMIException      stm32f10x_it.o
    0x08000f62   0x000000c4   Code   RO           73    i.NVIC_Configuration  initstm32.o
    0x08001026   0x00000002   PAD
    0x08001028   0x00000010   Code   RO          319    i.NVIC_GenerateSystemReset  stm32f10x_nvic.o
    0x08001038   0x0000007c   Code   RO          330    i.NVIC_Init         stm32f10x_nvic.o
    0x080010b4   0x00000014   Code   RO          331    i.NVIC_PriorityGroupConfig  stm32f10x_nvic.o
    0x080010c8   0x00000014   Code   RO          339    i.NVIC_SetVectorTable  stm32f10x_nvic.o
    0x080010dc   0x00000002   Code   RO          264    i.PVD_IRQHandler    stm32f10x_it.o
    0x080010de   0x00000002   Code   RO          265    i.PendSVC           stm32f10x_it.o
    0x080010e0   0x00000018   Code   RO          355    i.RCC_APB1PeriphClockCmd  stm32f10x_rcc.o
    0x080010f8   0x00000018   Code   RO          356    i.RCC_APB1PeriphResetCmd  stm32f10x_rcc.o
    0x08001110   0x00000018   Code   RO          357    i.RCC_APB2PeriphClockCmd  stm32f10x_rcc.o
    0x08001128   0x000000ac   Code   RO           74    i.RCC_Configuration  initstm32.o
    0x080011d4   0x0000003c   Code   RO          364    i.RCC_DeInit        stm32f10x_rcc.o
    0x08001210   0x00000090   Code   RO          365    i.RCC_GetClocksFreq  stm32f10x_rcc.o
    0x080012a0   0x00000030   Code   RO          366    i.RCC_GetFlagStatus  stm32f10x_rcc.o
    0x080012d0   0x00000010   Code   RO          368    i.RCC_GetSYSCLKSource  stm32f10x_rcc.o
    0x080012e0   0x00000014   Code   RO          369    i.RCC_HCLKConfig    stm32f10x_rcc.o
    0x080012f4   0x00000034   Code   RO          370    i.RCC_HSEConfig     stm32f10x_rcc.o
    0x08001328   0x00000002   Code   RO          266    i.RCC_IRQHandler    stm32f10x_it.o
    0x0800132a   0x00000002   PAD
    0x0800132c   0x00000014   Code   RO          376    i.RCC_PCLK1Config   stm32f10x_rcc.o
    0x08001340   0x00000014   Code   RO          377    i.RCC_PCLK2Config   stm32f10x_rcc.o
    0x08001354   0x0000000c   Code   RO          378    i.RCC_PLLCmd        stm32f10x_rcc.o
    0x08001360   0x00000014   Code   RO          379    i.RCC_PLLConfig     stm32f10x_rcc.o
    0x08001374   0x00000014   Code   RO          382    i.RCC_SYSCLKConfig  stm32f10x_rcc.o
    0x08001388   0x00000034   Code   RO          384    i.RCC_WaitForHSEStartUp  stm32f10x_rcc.o
    0x080013bc   0x00000002   Code   RO          267    i.RTCAlarm_IRQHandler  stm32f10x_it.o
    0x080013be   0x00000002   Code   RO          268    i.RTC_IRQHandler    stm32f10x_it.o
    0x080013c0   0x00000002   Code   RO          269    i.SDIO_IRQHandler   stm32f10x_it.o
    0x080013c2   0x00000002   Code   RO          270    i.SPI1_IRQHandler   stm32f10x_it.o
    0x080013c4   0x00000002   Code   RO          271    i.SPI2_IRQHandler   stm32f10x_it.o
    0x080013c6   0x00000002   Code   RO          272    i.SPI3_IRQHandler   stm32f10x_it.o
    0x080013c8   0x00000002   Code   RO          273    i.SVCHandler        stm32f10x_it.o
    0x080013ca   0x00000002   PAD
    0x080013cc   0x0000005c   Code   RO           75    i.SetTimer3         initstm32.o
    0x08001428   0x00000060   Code   RO           76    i.SetTimer4         initstm32.o
    0x08001488   0x00000128   Code   RO          274    i.SysTickHandler    stm32f10x_it.o
    0x080015b0   0x00000024   Code   RO          512    i.SysTick_CounterCmd  stm32f10x_systick.o
    0x080015d4   0x00000018   Code   RO          515    i.SysTick_ITConfig  stm32f10x_systick.o
    0x080015ec   0x00000008   Code   RO          516    i.SysTick_SetReload  stm32f10x_systick.o
    0x080015f4   0x00000002   Code   RO          275    i.TAMPER_IRQHandler  stm32f10x_it.o
    0x080015f6   0x00000002   Code   RO          276    i.TIM1_BRK_IRQHandler  stm32f10x_it.o
    0x080015f8   0x00000002   Code   RO          277    i.TIM1_CC_IRQHandler  stm32f10x_it.o
    0x080015fa   0x00000002   Code   RO          278    i.TIM1_TRG_COM_IRQHandler  stm32f10x_it.o
    0x080015fc   0x00000002   Code   RO          279    i.TIM1_UP_IRQHandler  stm32f10x_it.o
    0x080015fe   0x00000002   Code   RO          280    i.TIM2_IRQHandler   stm32f10x_it.o
    0x08001600   0x0000000c   Code   RO          281    i.TIM3_IRQHandler   stm32f10x_it.o
    0x0800160c   0x0000000c   Code   RO          282    i.TIM4_IRQHandler   stm32f10x_it.o
    0x08001618   0x00000002   Code   RO          283    i.TIM5_IRQHandler   stm32f10x_it.o
    0x0800161a   0x00000002   Code   RO          284    i.TIM6_IRQHandler   stm32f10x_it.o
    0x0800161c   0x00000002   Code   RO          285    i.TIM7_IRQHandler   stm32f10x_it.o
    0x0800161e   0x00000002   Code   RO          286    i.TIM8_BRK_IRQHandler  stm32f10x_it.o
    0x08001620   0x00000002   Code   RO          287    i.TIM8_CC_IRQHandler  stm32f10x_it.o
    0x08001622   0x00000002   Code   RO          288    i.TIM8_TRG_COM_IRQHandler  stm32f10x_it.o
    0x08001624   0x00000002   Code   RO          289    i.TIM8_UP_IRQHandler  stm32f10x_it.o
    0x08001626   0x00000016   Code   RO          389    i.TIM_ARRPreloadConfig  stm32f10x_tim.o
    0x0800163c   0x00000006   Code   RO          396    i.TIM_ClearITPendingBit  stm32f10x_tim.o
    0x08001642   0x00000016   Code   RO          401    i.TIM_Cmd           stm32f10x_tim.o
    0x08001658   0x00000010   Code   RO          426    i.TIM_ITConfig      stm32f10x_tim.o
    0x08001668   0x0000003c   Code   RO          472    i.TIM_TimeBaseInit  stm32f10x_tim.o
    0x080016a4   0x00000002   Code   RO          290    i.UART4_IRQHandler  stm32f10x_it.o
    0x080016a6   0x00000002   Code   RO          291    i.UART5_IRQHandler  stm32f10x_it.o
    0x080016a8   0x0000004c   Code   RO          292    i.USART1_IRQHandler  stm32f10x_it.o
    0x080016f4   0x0000004c   Code   RO          293    i.USART2_IRQHandler  stm32f10x_it.o
    0x08001740   0x0000008c   Code   RO          294    i.USART3_IRQHandler  stm32f10x_it.o
    0x080017cc   0x0000000c   Code   RO          477    i.USART_ClearITPendingBit  stm32f10x_usart.o
    0x080017d8   0x00000014   Code   RO          480    i.USART_Cmd         stm32f10x_usart.o
    0x080017ec   0x000000a4   Code   RO           77    i.USART_Configuration  initstm32.o
    0x08001890   0x0000000e   Code   RO          483    i.USART_GetFlagStatus  stm32f10x_usart.o
    0x0800189e   0x0000003e   Code   RO          484    i.USART_GetITStatus  stm32f10x_usart.o
    0x080018dc   0x00000030   Code   RO          486    i.USART_ITConfig    stm32f10x_usart.o
    0x0800190c   0x0000008c   Code   RO          487    i.USART_Init        stm32f10x_usart.o
    0x08001998   0x00000008   Code   RO          492    i.USART_ReceiveData  stm32f10x_usart.o
    0x080019a0   0x00000008   Code   RO          495    i.USART_SendData    stm32f10x_usart.o
    0x080019a8   0x00000002   Code   RO          295    i.USBWakeUp_IRQHandler  stm32f10x_it.o
    0x080019aa   0x00000002   Code   RO          296    i.USB_HP_CAN_TX_IRQHandler  stm32f10x_it.o
    0x080019ac   0x00000268   Code   RO          297    i.USB_LP_CAN_RX0_IRQHandler  stm32f10x_it.o
    0x08001c14   0x00000002   Code   RO          298    i.UsageFaultException  stm32f10x_it.o
    0x08001c16   0x00000002   Code   RO          299    i.WWDG_IRQHandler   stm32f10x_it.o
    0x08001c18   0x00000028   Code   RO          608    i.__0sprintf$6      mc_w.l(printf6.o)
    0x08001c40   0x00000028   Code   RO          664    i.__ARM_fpclassify  m_ws.l(fpclassify.o)
    0x08001c68   0x000000aa   Code   RO          665    i.__kernel_poly     m_ws.l(poly.o)
    0x08001d12   0x00000002   PAD
    0x08001d14   0x00000010   Code   RO          663    i.__mathlib_dbl_underflow  m_ws.l(dunder.o)
    0x08001d24   0x0000000e   Code   RO          710    i.__scatterload_copy  mc_w.l(handlers.o)
    0x08001d32   0x00000002   Code   RO          711    i.__scatterload_null  mc_w.l(handlers.o)
    0x08001d34   0x0000000e   Code   RO          712    i.__scatterload_zeroinit  mc_w.l(handlers.o)
    0x08001d42   0x00000002   PAD
    0x08001d44   0x0000000c   Code   RO          694    i.__set_errno       mc_w.l(errno.o)
    0x08001d50   0x000002f4   Code   RO          613    i._printf_core      mc_w.l(printf6.o)
    0x08002044   0x00000026   Code   RO          614    i._printf_post_padding  mc_w.l(printf6.o)
    0x0800206a   0x00000030   Code   RO          615    i._printf_pre_padding  mc_w.l(printf6.o)
    0x0800209a   0x0000000a   Code   RO          617    i._sputc            mc_w.l(printf6.o)
    0x080020a4   0x00000074   Code   RO           51    i.fn_All_LED_OFF    power_on_test.o
    0x08002118   0x00000078   Code   RO           52    i.fn_All_LED_ON     power_on_test.o
    0x08002190   0x00000048   Code   RO           53    i.fn_Emergency_Indication  power_on_test.o
    0x080021d8   0x00000068   Code   RO           78    i.fn_Lcd_Cmd_Write  stm32_lcd_lib.o
    0x08002240   0x00000068   Code   RO           79    i.fn_Lcd_Data_Write  stm32_lcd_lib.o
    0x080022a8   0x00000026   Code   RO           54    i.fn_Power_On_Self_Test  power_on_test.o
    0x080022ce   0x00000002   PAD
    0x080022d0   0x00000024   Code   RO           55    i.fn_uc_Accelerator_Cutoff_Status_Handler  err_handler.o
    0x080022f4   0x00000024   Code   RO           56    i.fn_uc_BLE_Connection_Handler  err_handler.o
    0x08002318   0x00000024   Code   RO           60    i.fn_uc_Brake_Status_Handler  update_alarm.o
    0x0800233c   0x00000078   Code   RO           57    i.fn_uc_Buzzer_Rejection_Tone  err_handler.o
    0x080023b4   0x000000dc   Code   RO           58    i.fn_uc_Detect_Cruise_Key  err_handler.o
    0x08002490   0x00000140   Code   RO           80    i.fn_uc_Display_Distance_Relevant_Object_Status  stm32_lcd_lib.o
    0x080025d0   0x00000088   Code   RO           81    i.fn_uc_Display_String  stm32_lcd_lib.o
    0x08002658   0x000000dc   Code   RO           61    i.fn_uc_Drive_LED_BUZZER  update_alarm.o
    0x08002734   0x00000024   Code   RO           59    i.fn_uc_Error_Inicator_Handler  err_handler.o
    0x08002758   0x00000274   Code   RO           88    i.fn_uc_Extract_RFID_Data_Buffer  rfid.o
    0x080029cc   0x000000b0   Code   RO           82    i.fn_uc_Init_LCD    stm32_lcd_lib.o
    0x08002a7c   0x0000005c   Code   RO           83    i.fn_uc_Init_LCD_Pins  stm32_lcd_lib.o
    0x08002ad8   0x00000078   Code   RO           89    i.fn_uc_RFID_Error_Handler  rfid.o
    0x08002b50   0x00000044   Code   RO           62    i.fn_uc_Reset_Alarm_LEDs  update_alarm.o
    0x08002b94   0x00000034   Code   RO           66    i.fn_uc_Send_Boot_Mode_Status_To_ECU  can_configuration.o
    0x08002bc8   0x0000003c   Code   RO           67    i.fn_uc_Send_Cruise_Button_Status_To_ECU  can_configuration.o
    0x08002c04   0x00000044   Code   RO           68    i.fn_uc_Send_Heartbit_To_ECU  can_configuration.o
    0x08002c48   0x00000044   Code   RO           85    i.fn_uc_Send_Nibble  stm32_lcd_lib.o
    0x08002c8c   0x000000bc   Code   RO           69    i.fn_uc_Send_RFID_Card_Details_TO_ECU  can_configuration.o
    0x08002d48   0x00000028   Code   RO          518    i.fn_uc_Send_String_On_Debug_Port  uart.o
    0x08002d70   0x0000009c   Code   RO           63    i.fn_uc_Update_Alarm_Status  update_alarm.o
    0x08002e0c   0x000000d4   Code   RO           64    i.fn_uc_Update_Sleep_Alert_Status  update_alarm.o
    0x08002ee0   0x00000060   Code   RO            2    i.fn_ui_HEX_To_DEC  main.o
    0x08002f40   0x0000005c   Code   RO            3    i.fn_v_Initialize_System  main.o
    0x08002f9c   0x00000030   Code   RO           86    i.fn_v_Toggle_Enable  stm32_lcd_lib.o
    0x08002fcc   0x00000030   Code   RO           87    i.fn_v_Welcome_Msg_On_LCD  stm32_lcd_lib.o
    0x08002ffc   0x00000080   Code   RO          150    i.get_Received_CAN_Data  stm32f10x_can.o
    0x0800307c   0x0000016c   Code   RO            4    i.main              main.o
    0x080031e8   0x000009e0   Code   RO          520    i.pow               m_ws.l(pow.o)
    0x08003bc8   0x0000004c   Code   RO          668    i.sqrt              m_ws.l(sqrt.o)
    0x08003c14   0x00000014   Data   RO          385    .constdata          stm32f10x_rcc.o
    0x08003c28   0x00000088   Data   RO          521    .constdata          m_ws.l(pow.o)
    0x08003cb0   0x00000008   Data   RO          666    .constdata          m_ws.l(qnan.o)
    0x08003cb8   0x00000020   Data   RO          708    Region$$Table       anon$$obj.o


    Execution Region RW_IRAM1 (Base: 0x20000000, Size: 0x00001cc0, Max: 0x00005000, ABSOLUTE)

    Base Addr    Size         Type   Attr      Idx    E Section Name        Object

    0x20000000   0x00000001   Data   RW           13    .data               main.o
    0x20000001   0x00000001   Data   RW           14    .data               main.o
    0x20000002   0x00000002   PAD
    0x20000004   0x0000003c   Data   RW           15    .data               main.o
    0x20000040   0x00000001   Data   RW           16    .data               main.o
    0x20000041   0x00000001   Data   RW           17    .data               main.o
    0x20000042   0x00000001   Data   RW           18    .data               main.o
    0x20000043   0x00000001   Data   RW           19    .data               main.o
    0x20000044   0x00000001   Data   RW           20    .data               main.o
    0x20000045   0x00000001   Data   RW           21    .data               main.o
    0x20000046   0x00000001   Data   RW           22    .data               main.o
    0x20000047   0x00000001   Data   RW           23    .data               main.o
    0x20000048   0x00000001   Data   RW           24    .data               main.o
    0x20000049   0x00000001   PAD
    0x2000004a   0x00000002   Data   RW           25    .data               main.o
    0x2000004c   0x00000004   Data   RW           26    .data               main.o
    0x20000050   0x00000004   Data   RW           27    .data               main.o
    0x20000054   0x00000004   Data   RW           28    .data               main.o
    0x20000058   0x00000004   Data   RW           29    .data               main.o
    0x2000005c   0x00000001   Data   RW           30    .data               main.o
    0x2000005d   0x00000001   Data   RW           31    .data               main.o
    0x2000005e   0x00000001   Data   RW           32    .data               main.o
    0x2000005f   0x00000001   Data   RW           33    .data               main.o
    0x20000060   0x00000004   Data   RW           34    .data               main.o
    0x20000064   0x00000002   Data   RW           35    .data               main.o
    0x20000066   0x00000002   Data   RW           36    .data               main.o
    0x20000068   0x00000001   Data   RW           38    .data               main.o
    0x20000069   0x00000001   Data   RW           39    .data               main.o
    0x2000006a   0x00000002   Data   RW           40    .data               main.o
    0x2000006c   0x00000002   Data   RW           42    .data               main.o
    0x2000006e   0x00000002   Data   RW           43    .data               main.o
    0x20000070   0x00000002   Data   RW           44    .data               main.o
    0x20000072   0x00000001   Data   RW           45    .data               main.o
    0x20000073   0x00000008   Data   RW           46    .data               main.o
    0x2000007b   0x00000001   Data   RW           47    .data               main.o
    0x2000007c   0x00000004   Data   RW           48    .data               main.o
    0x20000080   0x00000008   Data   RW           49    .data               main.o
    0x20000088   0x00000001   Data   RW           50    .data               main.o
    0x20000089   0x00000001   Data   RW           90    .data               rfid.o
    0x2000008a   0x00000002   PAD
    0x2000008c   0x00000010   Data   RW          304    .data               stm32f10x_it.o
    0x2000009c   0x00000008   Data   RW          386    .data               stm32f10x_rcc.o
    0x200000a4   0x00000004   Data   RW          695    .data               mc_w.l(errno.o)
    0x200000a8   0x00000064   Zero   RW            5    .bss                main.o
    0x2000010c   0x000005dc   Zero   RW            6    .bss                main.o
    0x200006e8   0x00000014   Zero   RW            7    .bss                main.o
    0x200006fc   0x0000000c   Zero   RW            8    .bss                main.o
    0x20000708   0x00000010   Zero   RW            9    .bss                main.o
    0x20000718   0x00000010   Zero   RW           10    .bss                main.o
    0x20000728   0x00001194   Zero   RW          301    .bss                stm32f10x_it.o
    0x200018bc   0x00000004   PAD
    0x200018c0   0x00000400   Zero   RW           93    STACK               stm32f10x_vector.o


==============================================================================

Image component sizes


      Code (inc. data)   RO Data    RW Data    ZI Data      Debug   Object Name

       548         96          0          0          0          0   can_configuration.o
       448         94          0          0          0          0   err_handler.o
       956         56          0          0          0          0   initstm32.o
       568        126          0        134       1664          0   main.o
       346         24          0          0          0          0   power_on_test.o
       748        196          0          1          0          0   rfid.o
      1096        246          0          0          0          0   stm32_lcd_lib.o
       972         44          0          0          0          0   stm32f10x_can.o
       156         14          0          0          0          0   stm32f10x_exti.o
        48         12          0          0          0          0   stm32f10x_flash.o
       294         12          0          0          0          0   stm32f10x_gpio.o
      1600        330          0         16       4500          0   stm32f10x_it.o
       180         36          0          0          0          0   stm32f10x_nvic.o
       556         98         20          8          0          0   stm32f10x_rcc.o
        68          0          0          0          0          0   stm32f10x_systick.o
       126         10          0          0          0          0   stm32f10x_tim.o
       312          6          0          0          0          0   stm32f10x_usart.o
         8          4        304          0       1024          0   stm32f10x_vector.o
        40          4          0          0          0          0   uart.o
       692        128          0          0          0          0   update_alarm.o

    ----------------------------------------------------------------------
      9778       1536        356        164       7192          0   Object Totals
         0          0         32          0          0          0   (incl. Generated)
        16          0          0          5          4          0   (incl. Padding)

    ----------------------------------------------------------------------

      Code (inc. data)   RO Data    RW Data    ZI Data      Debug   Library Member Name

        16          6          0          0          0          0   dunder.o
        40          0          0          0          0          0   fpclassify.o
       170          0          0          0          0          0   poly.o
      2528        190        136          0          0          0   pow.o
         0          0          8          0          0          0   qnan.o
        76          0          0          0          0          0   sqrt.o
         0          0          0          0          0          0   entry.o
         0          0          0          0          0          0   entry10a.o
         0          0          0          0          0          0   entry11a.o
         8          4          0          0          0          0   entry2.o
         4          0          0          0          0          0   entry5.o
         0          0          0          0          0          0   entry7b.o
         0          0          0          0          0          0   entry8b.o
         8          4          0          0          0          0   entry9a.o
        12          6          0          4          0          0   errno.o
        30          0          0          0          0          0   handlers.o
        36          8          0          0          0          0   init.o
         0          0          0          0          0          0   iusefp.o
        30          0          0          0          0          0   llshl.o
        36          0          0          0          0          0   llsshr.o
        32          0          0          0          0          0   llushr.o
       892         12          0          0          0          0   printf6.o
        44          0          0          0          0          0   uidiv.o
        40          2          0          0          0          0   cdrcmple.o
       334          0          0          0          0          0   dadd.o
       222          0          0          0          0          0   ddiv.o
       190          0          0          0          0          0   depilogue.o
        50          0          0          0          0          0   dfixui.o
        34          0          0          0          0          0   dflti.o
        26          0          0          0          0          0   dfltui.o
       228          0          0          0          0          0   dmul.o
        46          0          0          0          0          0   dscalb.o
       162          0          0          0          0          0   dsqrt.o

    ----------------------------------------------------------------------
      5298        232        144          4          0          0   Library Totals
         4          0          0          0          0          0   (incl. Padding)

    ----------------------------------------------------------------------

      Code (inc. data)   RO Data    RW Data    ZI Data      Debug   Library Name

      2830        196        144          0          0          0   m_ws.l
      1132         34          0          4          0          0   mc_w.l
      1332          2          0          0          0          0   mf_w.l

    ----------------------------------------------------------------------
      5298        232        144          4          0          0   Library Totals

    ----------------------------------------------------------------------

==============================================================================


      Code (inc. data)   RO Data    RW Data    ZI Data      Debug   

     15076       1768        500        168       7192          0   Grand Totals
     15076       1768        500        168       7192          0   ELF Image Totals
     15076       1768        500        168          0          0   ROM Totals

==============================================================================

    Total RO  Size (Code + RO Data)                15576 (  15.21kB)
    Total RW  Size (RW Data + ZI Data)              7360 (   7.19kB)
    Total ROM Size (Code + RO Data + RW Data)      15744 (  15.38kB)

==============================================================================

